Archive member included to satisfy reference by file (symbol)

/usr/lib/gcc/arm-none-eabi/6.3.1/../../../arm-none-eabi/lib/thumb/v7e-m/fpv4-sp/hard/libc_nano.a(lib_a-atexit.o)
                              /usr/lib/gcc/arm-none-eabi/6.3.1/../../../arm-none-eabi/lib/thumb/v7e-m/fpv4-sp/hard/crt0.o (atexit)
/usr/lib/gcc/arm-none-eabi/6.3.1/../../../arm-none-eabi/lib/thumb/v7e-m/fpv4-sp/hard/libc_nano.a(lib_a-exit.o)
                              /usr/lib/gcc/arm-none-eabi/6.3.1/../../../arm-none-eabi/lib/thumb/v7e-m/fpv4-sp/hard/crt0.o (exit)
/usr/lib/gcc/arm-none-eabi/6.3.1/../../../arm-none-eabi/lib/thumb/v7e-m/fpv4-sp/hard/libc_nano.a(lib_a-fini.o)
                              /usr/lib/gcc/arm-none-eabi/6.3.1/../../../arm-none-eabi/lib/thumb/v7e-m/fpv4-sp/hard/crt0.o (__libc_fini_array)
/usr/lib/gcc/arm-none-eabi/6.3.1/../../../arm-none-eabi/lib/thumb/v7e-m/fpv4-sp/hard/libc_nano.a(lib_a-impure.o)
                              /usr/lib/gcc/arm-none-eabi/6.3.1/../../../arm-none-eabi/lib/thumb/v7e-m/fpv4-sp/hard/libc_nano.a(lib_a-exit.o) (_global_impure_ptr)
/usr/lib/gcc/arm-none-eabi/6.3.1/../../../arm-none-eabi/lib/thumb/v7e-m/fpv4-sp/hard/libc_nano.a(lib_a-init.o)
                              /usr/lib/gcc/arm-none-eabi/6.3.1/../../../arm-none-eabi/lib/thumb/v7e-m/fpv4-sp/hard/crt0.o (__libc_init_array)
/usr/lib/gcc/arm-none-eabi/6.3.1/../../../arm-none-eabi/lib/thumb/v7e-m/fpv4-sp/hard/libc_nano.a(lib_a-memcpy.o)
                              build/queue.o (memcpy)
/usr/lib/gcc/arm-none-eabi/6.3.1/../../../arm-none-eabi/lib/thumb/v7e-m/fpv4-sp/hard/libc_nano.a(lib_a-memset.o)
                              /usr/lib/gcc/arm-none-eabi/6.3.1/../../../arm-none-eabi/lib/thumb/v7e-m/fpv4-sp/hard/crt0.o (memset)
/usr/lib/gcc/arm-none-eabi/6.3.1/../../../arm-none-eabi/lib/thumb/v7e-m/fpv4-sp/hard/libc_nano.a(lib_a-__atexit.o)
                              /usr/lib/gcc/arm-none-eabi/6.3.1/../../../arm-none-eabi/lib/thumb/v7e-m/fpv4-sp/hard/libc_nano.a(lib_a-atexit.o) (__register_exitproc)
/usr/lib/gcc/arm-none-eabi/6.3.1/../../../arm-none-eabi/lib/thumb/v7e-m/fpv4-sp/hard/libc_nano.a(lib_a-__call_atexit.o)
                              /usr/lib/gcc/arm-none-eabi/6.3.1/../../../arm-none-eabi/lib/thumb/v7e-m/fpv4-sp/hard/libc_nano.a(lib_a-__atexit.o) (__call_exitprocs)
/usr/lib/gcc/arm-none-eabi/6.3.1/../../../arm-none-eabi/lib/thumb/v7e-m/fpv4-sp/hard/libnosys.a(_exit.o)
                              /usr/lib/gcc/arm-none-eabi/6.3.1/../../../arm-none-eabi/lib/thumb/v7e-m/fpv4-sp/hard/libc_nano.a(lib_a-exit.o) (_exit)
/usr/lib/gcc/arm-none-eabi/6.3.1/thumb/v7e-m/fpv4-sp/hard/libgcc.a(_aeabi_uldivmod.o)
                              build/stm32f4xx_hal_rcc.o (__aeabi_uldivmod)
/usr/lib/gcc/arm-none-eabi/6.3.1/thumb/v7e-m/fpv4-sp/hard/libgcc.a(_udivmoddi4.o)
                              /usr/lib/gcc/arm-none-eabi/6.3.1/thumb/v7e-m/fpv4-sp/hard/libgcc.a(_aeabi_uldivmod.o) (__udivmoddi4)
/usr/lib/gcc/arm-none-eabi/6.3.1/thumb/v7e-m/fpv4-sp/hard/libgcc.a(_dvmd_tls.o)
                              /usr/lib/gcc/arm-none-eabi/6.3.1/thumb/v7e-m/fpv4-sp/hard/libgcc.a(_aeabi_uldivmod.o) (__aeabi_ldiv0)

Allocating common symbols
Common symbol       size              file

defaultTaskHandle   0x4               build/main.o
hi2c1               0x54              build/main.o
uwTick              0x4               build/stm32f4xx_hal.o
xQueueRegistry      0x40              build/queue.o
pFlash              0x20              build/stm32f4xx_hal_flash.o
htim1               0x48              build/stm32f4xx_hal_timebase_tim.o
huart2              0x44              build/main.o

Discarded input sections

 .text          0x0000000000000000        0x0 /usr/lib/gcc/arm-none-eabi/6.3.1/thumb/v7e-m/fpv4-sp/hard/crti.o
 .data          0x0000000000000000        0x0 /usr/lib/gcc/arm-none-eabi/6.3.1/thumb/v7e-m/fpv4-sp/hard/crti.o
 .bss           0x0000000000000000        0x0 /usr/lib/gcc/arm-none-eabi/6.3.1/thumb/v7e-m/fpv4-sp/hard/crti.o
 .data          0x0000000000000000        0x4 /usr/lib/gcc/arm-none-eabi/6.3.1/thumb/v7e-m/fpv4-sp/hard/crtbegin.o
 .text          0x0000000000000000       0x68 /usr/lib/gcc/arm-none-eabi/6.3.1/../../../arm-none-eabi/lib/thumb/v7e-m/fpv4-sp/hard/crt0.o
 .data          0x0000000000000000        0x0 /usr/lib/gcc/arm-none-eabi/6.3.1/../../../arm-none-eabi/lib/thumb/v7e-m/fpv4-sp/hard/crt0.o
 .bss           0x0000000000000000        0x0 /usr/lib/gcc/arm-none-eabi/6.3.1/../../../arm-none-eabi/lib/thumb/v7e-m/fpv4-sp/hard/crt0.o
 .ARM.extab     0x0000000000000000        0x0 /usr/lib/gcc/arm-none-eabi/6.3.1/../../../arm-none-eabi/lib/thumb/v7e-m/fpv4-sp/hard/crt0.o
 .ARM.exidx     0x0000000000000000        0x8 /usr/lib/gcc/arm-none-eabi/6.3.1/../../../arm-none-eabi/lib/thumb/v7e-m/fpv4-sp/hard/crt0.o
 .debug_line    0x0000000000000000       0x84 /usr/lib/gcc/arm-none-eabi/6.3.1/../../../arm-none-eabi/lib/thumb/v7e-m/fpv4-sp/hard/crt0.o
[...]
Memory Configuration

Name             Origin             Length             Attributes
RAM              0x0000000020000000 0x0000000000020000 xrw
FLASH            0x0000000008000000 0x0000000000080000 xr
*default*        0x0000000000000000 0xffffffffffffffff

Linker script and memory map

LOAD /usr/lib/gcc/arm-none-eabi/6.3.1/thumb/v7e-m/fpv4-sp/hard/crti.o
LOAD /usr/lib/gcc/arm-none-eabi/6.3.1/thumb/v7e-m/fpv4-sp/hard/crtbegin.o
LOAD /usr/lib/gcc/arm-none-eabi/6.3.1/../../../arm-none-eabi/lib/thumb/v7e-m/fpv4-sp/hard/crt0.o
LOAD build/main.o
LOAD build/freertos.o
LOAD build/stm32f4xx_it.o
LOAD build/stm32f4xx_hal_msp.o
LOAD build/stm32f4xx_hal_timebase_tim.o
LOAD build/stm32f4xx_hal_rcc.o
LOAD build/stm32f4xx_hal_rcc_ex.o
LOAD build/stm32f4xx_hal_flash.o
LOAD build/stm32f4xx_hal_flash_ex.o
LOAD build/stm32f4xx_hal_flash_ramfunc.o
LOAD build/stm32f4xx_hal_gpio.o
LOAD build/stm32f4xx_hal_dma_ex.o
LOAD build/stm32f4xx_hal_dma.o
LOAD build/stm32f4xx_hal_pwr.o
LOAD build/stm32f4xx_hal_pwr_ex.o
LOAD build/stm32f4xx_hal_cortex.o
LOAD build/stm32f4xx_hal.o
LOAD build/stm32f4xx_hal_exti.o
LOAD build/stm32f4xx_hal_tim.o
LOAD build/stm32f4xx_hal_tim_ex.o
LOAD build/stm32f4xx_hal_uart.o
LOAD build/system_stm32f4xx.o
LOAD build/croutine.o
LOAD build/event_groups.o
LOAD build/list.o
LOAD build/queue.o
LOAD build/stream_buffer.o
LOAD build/tasks.o
LOAD build/timers.o
LOAD build/cmsis_os.o
LOAD build/heap_4.o
LOAD build/port.o
LOAD build/stm32f4xx_hal_i2c.o
LOAD build/stm32f4xx_hal_i2c_ex.o
LOAD build/startup_stm32f446xx.o
LOAD /usr/lib/gcc/arm-none-eabi/6.3.1/../../../arm-none-eabi/lib/thumb/v7e-m/fpv4-sp/hard/libc_nano.a
LOAD /usr/lib/gcc/arm-none-eabi/6.3.1/../../../arm-none-eabi/lib/thumb/v7e-m/fpv4-sp/hard/libm.a
LOAD /usr/lib/gcc/arm-none-eabi/6.3.1/../../../arm-none-eabi/lib/thumb/v7e-m/fpv4-sp/hard/libnosys.a
START GROUP
LOAD /usr/lib/gcc/arm-none-eabi/6.3.1/thumb/v7e-m/fpv4-sp/hard/libgcc.a
LOAD /usr/lib/gcc/arm-none-eabi/6.3.1/../../../arm-none-eabi/lib/thumb/v7e-m/fpv4-sp/hard/libc_nano.a
END GROUP
START GROUP
LOAD /usr/lib/gcc/arm-none-eabi/6.3.1/thumb/v7e-m/fpv4-sp/hard/libgcc.a
LOAD /usr/lib/gcc/arm-none-eabi/6.3.1/../../../arm-none-eabi/lib/thumb/v7e-m/fpv4-sp/hard/libc_nano.a
END GROUP
LOAD /usr/lib/gcc/arm-none-eabi/6.3.1/thumb/v7e-m/fpv4-sp/hard/crtend.o
LOAD /usr/lib/gcc/arm-none-eabi/6.3.1/thumb/v7e-m/fpv4-sp/hard/crtn.o
                0x0000000020020000                _estack = 0x20020000
                0x0000000000000200                _Min_Heap_Size = 0x200
                0x0000000000000400                _Min_Stack_Size = 0x400

.isr_vector     0x0000000008000000      0x1c4
                0x0000000008000000                . = ALIGN (0x4)
 *(.isr_vector)
 .isr_vector    0x0000000008000000      0x1c4 build/startup_stm32f446xx.o
                0x0000000008000000                g_pfnVectors
                0x00000000080001c4                . = ALIGN (0x4)

.text           0x00000000080001d0     0x284c
                0x00000000080001d0                . = ALIGN (0x4)
 *(.text)
 .text          0x00000000080001d0       0xa4 /usr/lib/gcc/arm-none-eabi/6.3.1/thumb/v7e-m/fpv4-sp/hard/crtbegin.o
 .text          0x0000000008000274       0x50 /usr/lib/gcc/arm-none-eabi/6.3.1/../../../arm-none-eabi/lib/thumb/v7e-m/fpv4-sp/hard/libc_nano.a(lib_a-init.o)
                0x0000000008000274                __libc_init_array
 .text          0x00000000080002c4       0x9c /usr/lib/gcc/arm-none-eabi/6.3.1/../../../arm-none-eabi/lib/thumb/v7e-m/fpv4-sp/hard/libc_nano.a(lib_a-memset.o)
                0x00000000080002c4                memset
 .text          0x0000000008000360       0x30 /usr/lib/gcc/arm-none-eabi/6.3.1/thumb/v7e-m/fpv4-sp/hard/libgcc.a(_aeabi_uldivmod.o)
                0x0000000008000360                __aeabi_uldivmod
 .text          0x0000000008000390      0x2dc /usr/lib/gcc/arm-none-eabi/6.3.1/thumb/v7e-m/fpv4-sp/hard/libgcc.a(_udivmoddi4.o)
                0x0000000008000390                __udivmoddi4
 .text          0x000000000800066c        0x4 /usr/lib/gcc/arm-none-eabi/6.3.1/thumb/v7e-m/fpv4-sp/hard/libgcc.a(_dvmd_tls.o)
                0x000000000800066c                __aeabi_ldiv0
                0x000000000800066c                __aeabi_idiv0
 *(.text*)
 .text.MX_GPIO_Init
                0x0000000008000670       0x68 build/main.o
 .text.StartDefaultTask
                0x00000000080006d8       0x30 build/main.o
                0x00000000080006d8                StartDefaultTask
 .text.HAL_TIM_PeriodElapsedCallback
                0x0000000008000708       0x18 build/main.o
                0x0000000008000708                HAL_TIM_PeriodElapsedCallback
 .text.Error_Handler
                0x0000000008000720        0x4 build/main.o
                0x0000000008000720                Error_Handler
 .text.MX_I2C1_Init
                0x0000000008000724       0x38 build/main.o
 .text.MX_USART2_UART_Init
                0x000000000800075c       0x34 build/main.o
 .text.SystemClock_Config
                0x0000000008000790       0x8c build/main.o
                0x0000000008000790                SystemClock_Config
 .text.main     0x000000000800081c       0x44 build/main.o
                0x000000000800081c                main
 .text.vApplicationGetIdleTaskMemory
                0x0000000008000860       0x18 build/freertos.o
                0x0000000008000860                vApplicationGetIdleTaskMemory
 .text.NMI_Handler
                0x0000000008000878        0x2 build/stm32f4xx_it.o
                0x0000000008000878                NMI_Handler
 .text.HardFault_Handler
                0x000000000800087a        0x2 build/stm32f4xx_it.o
                0x000000000800087a                HardFault_Handler
 .text.MemManage_Handler
                0x000000000800087c        0x2 build/stm32f4xx_it.o
                0x000000000800087c                MemManage_Handler
 .text.BusFault_Handler
                0x000000000800087e        0x2 build/stm32f4xx_it.o
                0x000000000800087e                BusFault_Handler
 .text.UsageFault_Handler
                0x0000000008000880        0x2 build/stm32f4xx_it.o
                0x0000000008000880                UsageFault_Handler
 .text.DebugMon_Handler
                0x0000000008000882        0x2 build/stm32f4xx_it.o
                0x0000000008000882                DebugMon_Handler
 .text.TIM1_UP_TIM10_IRQHandler
                0x0000000008000884       0x10 build/stm32f4xx_it.o
                0x0000000008000884                TIM1_UP_TIM10_IRQHandler
 .text.HAL_MspInit
                0x0000000008000894       0x44 build/stm32f4xx_hal_msp.o
                0x0000000008000894                HAL_MspInit
 .text.HAL_UART_MspInit
                0x00000000080008d8       0x70 build/stm32f4xx_hal_msp.o
                0x00000000080008d8                HAL_UART_MspInit
 .text.HAL_InitTick
                0x0000000008000948       0x78 build/stm32f4xx_hal_timebase_tim.o
                0x0000000008000948                HAL_InitTick
 .text.HAL_RCC_ClockConfig
                0x00000000080009c0      0x160 build/stm32f4xx_hal_rcc.o
                0x00000000080009c0                HAL_RCC_ClockConfig
 .text.HAL_RCC_GetHCLKFreq
                0x0000000008000b20        0xc build/stm32f4xx_hal_rcc.o
                0x0000000008000b20                HAL_RCC_GetHCLKFreq
 .text.HAL_RCC_GetPCLK1Freq
                0x0000000008000b2c       0x20 build/stm32f4xx_hal_rcc.o
                0x0000000008000b2c                HAL_RCC_GetPCLK1Freq
 .text.HAL_RCC_GetPCLK2Freq
                0x0000000008000b4c       0x20 build/stm32f4xx_hal_rcc.o
                0x0000000008000b4c                HAL_RCC_GetPCLK2Freq
 .text.HAL_RCC_GetClockConfig
                0x0000000008000b6c       0x3c build/stm32f4xx_hal_rcc.o
                0x0000000008000b6c                HAL_RCC_GetClockConfig
 .text.HAL_RCC_GetSysClockFreq
                0x0000000008000ba8      0x120 build/stm32f4xx_hal_rcc_ex.o
                0x0000000008000ba8                HAL_RCC_GetSysClockFreq
 .text.HAL_RCC_OscConfig
                0x0000000008000cc8      0x43c build/stm32f4xx_hal_rcc_ex.o
                0x0000000008000cc8                HAL_RCC_OscConfig
 .text.HAL_GPIO_Init
                0x0000000008001104      0x1d4 build/stm32f4xx_hal_gpio.o
                0x0000000008001104                HAL_GPIO_Init
 .text.HAL_GPIO_WritePin
                0x00000000080012d8        0xc build/stm32f4xx_hal_gpio.o
                0x00000000080012d8                HAL_GPIO_WritePin
 .text.HAL_GPIO_TogglePin
                0x00000000080012e4       0x12 build/stm32f4xx_hal_gpio.o
                0x00000000080012e4                HAL_GPIO_TogglePin
 *fill*         0x00000000080012f6        0x2 
 .text.HAL_NVIC_SetPriorityGrouping
                0x00000000080012f8       0x24 build/stm32f4xx_hal_cortex.o
                0x00000000080012f8                HAL_NVIC_SetPriorityGrouping
 .text.HAL_NVIC_SetPriority
                0x000000000800131c       0x64 build/stm32f4xx_hal_cortex.o
                0x000000000800131c                HAL_NVIC_SetPriority
 .text.HAL_NVIC_EnableIRQ
                0x0000000008001380       0x1c build/stm32f4xx_hal_cortex.o
                0x0000000008001380                HAL_NVIC_EnableIRQ
 .text.HAL_Init
                0x000000000800139c       0x34 build/stm32f4xx_hal.o
                0x000000000800139c                HAL_Init
 .text.HAL_IncTick
                0x00000000080013d0       0x18 build/stm32f4xx_hal.o
                0x00000000080013d0                HAL_IncTick
 .text.HAL_GetTick
                0x00000000080013e8        0xc build/stm32f4xx_hal.o
                0x00000000080013e8                HAL_GetTick
 .text.HAL_TIM_Base_MspInit
                0x00000000080013f4        0x2 build/stm32f4xx_hal_tim.o
                0x00000000080013f4                HAL_TIM_Base_MspInit
 *fill*         0x00000000080013f6        0x2 
 .text.HAL_TIM_Base_Start_IT
                0x00000000080013f8       0x88 build/stm32f4xx_hal_tim.o
                0x00000000080013f8                HAL_TIM_Base_Start_IT
 .text.HAL_TIM_OC_DelayElapsedCallback
                0x0000000008001480        0x2 build/stm32f4xx_hal_tim.o
                0x0000000008001480                HAL_TIM_OC_DelayElapsedCallback
 .text.HAL_TIM_IC_CaptureCallback
                0x0000000008001482        0x2 build/stm32f4xx_hal_tim.o
                0x0000000008001482                HAL_TIM_IC_CaptureCallback
 .text.HAL_TIM_PWM_PulseFinishedCallback
                0x0000000008001484        0x2 build/stm32f4xx_hal_tim.o
                0x0000000008001484                HAL_TIM_PWM_PulseFinishedCallback
 .text.HAL_TIM_TriggerCallback
                0x0000000008001486        0x2 build/stm32f4xx_hal_tim.o
                0x0000000008001486                HAL_TIM_TriggerCallback
 .text.HAL_TIM_IRQHandler
                0x0000000008001488      0x17a build/stm32f4xx_hal_tim.o
                0x0000000008001488                HAL_TIM_IRQHandler
 *fill*         0x0000000008001602        0x2 
 .text.TIM_Base_SetConfig
                0x0000000008001604       0xcc build/stm32f4xx_hal_tim.o
                0x0000000008001604                TIM_Base_SetConfig
 .text.HAL_TIM_Base_Init
                0x00000000080016d0       0x56 build/stm32f4xx_hal_tim.o
                0x00000000080016d0                HAL_TIM_Base_Init
 .text.HAL_TIMEx_CommutCallback
                0x0000000008001726        0x2 build/stm32f4xx_hal_tim_ex.o
                0x0000000008001726                HAL_TIMEx_CommutCallback
 .text.HAL_TIMEx_BreakCallback
                0x0000000008001728        0x2 build/stm32f4xx_hal_tim_ex.o
                0x0000000008001728                HAL_TIMEx_BreakCallback
 *fill*         0x000000000800172a        0x2 
 .text.UART_SetConfig
                0x000000000800172c      0x110 build/stm32f4xx_hal_uart.o
 .text.UART_WaitOnFlagUntilTimeout
                0x000000000800183c       0x64 build/stm32f4xx_hal_uart.o
 .text.HAL_UART_Init
                0x00000000080018a0       0x5e build/stm32f4xx_hal_uart.o
                0x00000000080018a0                HAL_UART_Init
 .text.HAL_UART_Transmit
                0x00000000080018fe       0xdc build/stm32f4xx_hal_uart.o
                0x00000000080018fe                HAL_UART_Transmit
 *fill*         0x00000000080019da        0x2 
 .text.SystemInit
                0x00000000080019dc       0x14 build/system_stm32f4xx.o
                0x00000000080019dc                SystemInit
 .text.vListInitialise
                0x00000000080019f0       0x16 build/list.o
                0x00000000080019f0                vListInitialise
 .text.vListInitialiseItem
                0x0000000008001a06        0x6 build/list.o
                0x0000000008001a06                vListInitialiseItem
 .text.vListInsertEnd
                0x0000000008001a0c       0x18 build/list.o
                0x0000000008001a0c                vListInsertEnd
 .text.vListInsert
                0x0000000008001a24       0x34 build/list.o
                0x0000000008001a24                vListInsert
 .text.uxListRemove
                0x0000000008001a58       0x28 build/list.o
                0x0000000008001a58                uxListRemove
 .text.prvResetNextTaskUnblockTime
                0x0000000008001a80       0x2c build/tasks.o
 .text.prvInitialiseNewTask
                0x0000000008001aac       0x8c build/tasks.o
 .text.prvInitialiseTaskLists
                0x0000000008001b38       0x68 build/tasks.o
 .text.prvAddNewTaskToReadyList
                0x0000000008001ba0       0xa8 build/tasks.o
 .text.prvDeleteTCB
                0x0000000008001c48       0x3a build/tasks.o
 *fill*         0x0000000008001c82        0x2 
 .text.prvCheckTasksWaitingTermination
                0x0000000008001c84       0x4c build/tasks.o
 .text.prvIdleTask
                0x0000000008001cd0       0x28 build/tasks.o
 .text.prvAddCurrentTaskToDelayedList
                0x0000000008001cf8       0x98 build/tasks.o
 .text.xTaskCreateStatic
                0x0000000008001d90       0x74 build/tasks.o
                0x0000000008001d90                xTaskCreateStatic
 .text.xTaskCreate
                0x0000000008001e04       0x66 build/tasks.o
                0x0000000008001e04                xTaskCreate
 *fill*         0x0000000008001e6a        0x2 
 .text.vTaskStartScheduler
                0x0000000008001e6c       0x78 build/tasks.o
                0x0000000008001e6c                vTaskStartScheduler
 .text.vTaskSuspendAll
                0x0000000008001ee4       0x10 build/tasks.o
                0x0000000008001ee4                vTaskSuspendAll
 .text.xTaskIncrementTick
                0x0000000008001ef4      0x118 build/tasks.o
                0x0000000008001ef4                xTaskIncrementTick
 .text.xTaskResumeAll
                0x000000000800200c       0xfc build/tasks.o
                0x000000000800200c                xTaskResumeAll
 .text.vTaskDelay
                0x0000000008002108       0x50 build/tasks.o
                0x0000000008002108                vTaskDelay
 .text.vTaskSwitchContext
                0x0000000008002158       0x9c build/tasks.o
                0x0000000008002158                vTaskSwitchContext
 .text.makeFreeRtosPriority
                0x00000000080021f4        0xc build/cmsis_os.o
 .text.osKernelStart
                0x0000000008002200        0xa build/cmsis_os.o
                0x0000000008002200                osKernelStart
 .text.osThreadCreate
                0x000000000800220a       0x6a build/cmsis_os.o
                0x000000000800220a                osThreadCreate
 .text.osDelay  0x0000000008002274       0x12 build/cmsis_os.o
                0x0000000008002274                osDelay
 *fill*         0x0000000008002286        0x2 
 .text.prvHeapInit
                0x0000000008002288       0x64 build/heap_4.o
 .text.prvInsertBlockIntoFreeList
                0x00000000080022ec       0x58 build/heap_4.o
 .text.pvPortMalloc
                0x0000000008002344      0x114 build/heap_4.o
                0x0000000008002344                pvPortMalloc
 .text.vPortFree
                0x0000000008002458       0x7c build/heap_4.o
                0x0000000008002458                vPortFree
 .text.prvTaskExitError
                0x00000000080024d4       0x40 build/port.o
 .text.prvPortStartFirstTask
                0x0000000008002514       0x28 build/port.o
 .text.vPortEnableVFP
                0x000000000800253c       0x14 build/port.o
 .text.pxPortInitialiseStack
                0x0000000008002550       0x2c build/port.o
                0x0000000008002550                pxPortInitialiseStack
 *fill*         0x000000000800257c        0x4 
 .text.SVC_Handler
                0x0000000008002580       0x24 build/port.o
                0x0000000008002580                SVC_Handler
 .text.vPortEnterCritical
                0x00000000080025a4       0x44 build/port.o
                0x00000000080025a4                vPortEnterCritical
 .text.vPortExitCritical
                0x00000000080025e8       0x2c build/port.o
                0x00000000080025e8                vPortExitCritical
 *fill*         0x0000000008002614        0xc 
 .text.PendSV_Handler
                0x0000000008002620       0x64 build/port.o
                0x0000000008002620                PendSV_Handler
 .text.SysTick_Handler
                0x0000000008002684       0x2c build/port.o
                0x0000000008002684                SysTick_Handler
 .text.vPortSetupTimerInterrupt
                0x00000000080026b0       0x38 build/port.o
                0x00000000080026b0                vPortSetupTimerInterrupt
 .text.xPortStartScheduler
                0x00000000080026e8      0x110 build/port.o
                0x00000000080026e8                xPortStartScheduler
 .text.HAL_I2C_MspInit
                0x00000000080027f8        0x2 build/stm32f4xx_hal_i2c.o
                0x00000000080027f8                HAL_I2C_MspInit
 *fill*         0x00000000080027fa        0x2 
 .text.HAL_I2C_Init
                0x00000000080027fc      0x1b4 build/stm32f4xx_hal_i2c.o
                0x00000000080027fc                HAL_I2C_Init
 .text.Reset_Handler
                0x00000000080029b0       0x50 build/startup_stm32f446xx.o
                0x00000000080029b0                Reset_Handler
 .text.Default_Handler
                0x0000000008002a00        0x2 build/startup_stm32f446xx.o
                0x0000000008002a00                RTC_Alarm_IRQHandler
                0x0000000008002a00                EXTI2_IRQHandler
                0x0000000008002a00                TIM8_CC_IRQHandler
                0x0000000008002a00                FMPI2C1_EV_IRQHandler
                0x0000000008002a00                SPI4_IRQHandler
                0x0000000008002a00                TIM1_CC_IRQHandler
                0x0000000008002a00                DMA2_Stream5_IRQHandler
                0x0000000008002a00                DMA1_Stream5_IRQHandler
                0x0000000008002a00                PVD_IRQHandler
                0x0000000008002a00                SDIO_IRQHandler
                0x0000000008002a00                TAMP_STAMP_IRQHandler
                0x0000000008002a00                CAN2_RX1_IRQHandler
                0x0000000008002a00                EXTI3_IRQHandler
                0x0000000008002a00                TIM8_TRG_COM_TIM14_IRQHandler
                0x0000000008002a00                TIM8_UP_TIM13_IRQHandler
                0x0000000008002a00                I2C3_ER_IRQHandler
                0x0000000008002a00                EXTI0_IRQHandler
                0x0000000008002a00                I2C2_EV_IRQHandler
                0x0000000008002a00                DMA1_Stream2_IRQHandler
                0x0000000008002a00                CAN1_RX0_IRQHandler
                0x0000000008002a00                FPU_IRQHandler
                0x0000000008002a00                OTG_HS_WKUP_IRQHandler
                0x0000000008002a00                CAN2_SCE_IRQHandler
                0x0000000008002a00                DMA2_Stream2_IRQHandler
                0x0000000008002a00                SPI1_IRQHandler
                0x0000000008002a00                TIM6_DAC_IRQHandler
                0x0000000008002a00                TIM1_BRK_TIM9_IRQHandler
                0x0000000008002a00                DCMI_IRQHandler
                0x0000000008002a00                CAN2_RX0_IRQHandler
                0x0000000008002a00                DMA2_Stream3_IRQHandler
                0x0000000008002a00                SAI2_IRQHandler
                0x0000000008002a00                USART6_IRQHandler
                0x0000000008002a00                USART3_IRQHandler
                0x0000000008002a00                CAN1_RX1_IRQHandler
                0x0000000008002a00                UART5_IRQHandler
                0x0000000008002a00                DMA2_Stream0_IRQHandler
                0x0000000008002a00                TIM4_IRQHandler
                0x0000000008002a00                QUADSPI_IRQHandler
                0x0000000008002a00                I2C1_EV_IRQHandler
                0x0000000008002a00                DMA1_Stream6_IRQHandler
                0x0000000008002a00                DMA1_Stream1_IRQHandler
                0x0000000008002a00                UART4_IRQHandler
                0x0000000008002a00                TIM3_IRQHandler
                0x0000000008002a00                RCC_IRQHandler
                0x0000000008002a00                TIM8_BRK_TIM12_IRQHandler
                0x0000000008002a00                Default_Handler
                0x0000000008002a00                CEC_IRQHandler
                0x0000000008002a00                EXTI15_10_IRQHandler
                0x0000000008002a00                ADC_IRQHandler
                0x0000000008002a00                DMA1_Stream7_IRQHandler
                0x0000000008002a00                TIM7_IRQHandler
                0x0000000008002a00                CAN2_TX_IRQHandler
                0x0000000008002a00                TIM5_IRQHandler
                0x0000000008002a00                DMA2_Stream7_IRQHandler
                0x0000000008002a00                I2C3_EV_IRQHandler
                0x0000000008002a00                EXTI9_5_IRQHandler
                0x0000000008002a00                RTC_WKUP_IRQHandler
                0x0000000008002a00                SPDIF_RX_IRQHandler
                0x0000000008002a00                SPI2_IRQHandler
                0x0000000008002a00                OTG_HS_EP1_IN_IRQHandler
                0x0000000008002a00                DMA1_Stream0_IRQHandler
                0x0000000008002a00                CAN1_TX_IRQHandler
                0x0000000008002a00                FMPI2C1_ER_IRQHandler
                0x0000000008002a00                EXTI4_IRQHandler
                0x0000000008002a00                OTG_HS_EP1_OUT_IRQHandler
                0x0000000008002a00                WWDG_IRQHandler
                0x0000000008002a00                TIM2_IRQHandler
                0x0000000008002a00                OTG_FS_WKUP_IRQHandler
                0x0000000008002a00                TIM1_TRG_COM_TIM11_IRQHandler
                0x0000000008002a00                OTG_HS_IRQHandler
                0x0000000008002a00                EXTI1_IRQHandler
                0x0000000008002a00                USART2_IRQHandler
                0x0000000008002a00                I2C2_ER_IRQHandler
                0x0000000008002a00                DMA2_Stream1_IRQHandler
                0x0000000008002a00                CAN1_SCE_IRQHandler
                0x0000000008002a00                FLASH_IRQHandler
                0x0000000008002a00                DMA2_Stream4_IRQHandler
                0x0000000008002a00                USART1_IRQHandler
                0x0000000008002a00                OTG_FS_IRQHandler
                0x0000000008002a00                SPI3_IRQHandler
                0x0000000008002a00                DMA1_Stream4_IRQHandler
                0x0000000008002a00                I2C1_ER_IRQHandler
                0x0000000008002a00                FMC_IRQHandler
                0x0000000008002a00                DMA2_Stream6_IRQHandler
                0x0000000008002a00                SAI1_IRQHandler
                0x0000000008002a00                DMA1_Stream3_IRQHandler
 *(.glue_7)
 .glue_7        0x0000000008002a02        0x0 linker stubs
 *(.glue_7t)
 .glue_7t       0x0000000008002a02        0x0 linker stubs
 *(.eh_frame)
 *fill*         0x0000000008002a02        0x2 
 .eh_frame      0x0000000008002a04        0x0 /usr/lib/gcc/arm-none-eabi/6.3.1/thumb/v7e-m/fpv4-sp/hard/crtbegin.o
 *(.init)
 .init          0x0000000008002a04        0x4 /usr/lib/gcc/arm-none-eabi/6.3.1/thumb/v7e-m/fpv4-sp/hard/crti.o
                0x0000000008002a04                _init
 .init          0x0000000008002a08        0x8 /usr/lib/gcc/arm-none-eabi/6.3.1/thumb/v7e-m/fpv4-sp/hard/crtn.o
 *(.fini)
 .fini          0x0000000008002a10        0x4 /usr/lib/gcc/arm-none-eabi/6.3.1/thumb/v7e-m/fpv4-sp/hard/crti.o
                0x0000000008002a10                _fini
 .fini          0x0000000008002a14        0x8 /usr/lib/gcc/arm-none-eabi/6.3.1/thumb/v7e-m/fpv4-sp/hard/crtn.o
                0x0000000008002a1c                . = ALIGN (0x4)
                0x0000000008002a1c                _etext = .

.vfp11_veneer   0x0000000008002a1c        0x0
 .vfp11_veneer  0x0000000008002a1c        0x0 linker stubs

.v4_bx          0x0000000008002a1c        0x0
 .v4_bx         0x0000000008002a1c        0x0 linker stubs

.iplt           0x0000000008002a1c        0x0
 .iplt          0x0000000008002a1c        0x0 /usr/lib/gcc/arm-none-eabi/6.3.1/thumb/v7e-m/fpv4-sp/hard/crtbegin.o

.rodata         0x0000000008002a1c       0x58
                0x0000000008002a1c                . = ALIGN (0x4)
 *(.rodata)
 .rodata        0x0000000008002a1c       0x1c build/main.o
 *(.rodata*)
 .rodata.StartDefaultTask.str1.4
                0x0000000008002a38        0xe build/main.o
 *fill*         0x0000000008002a46        0x2 
 .rodata.str1.4
                0x0000000008002a48        0xc build/main.o
 .rodata.AHBPrescTable
                0x0000000008002a54       0x10 build/system_stm32f4xx.o
                0x0000000008002a54                AHBPrescTable
 .rodata.APBPrescTable
                0x0000000008002a64        0x8 build/system_stm32f4xx.o
                0x0000000008002a64                APBPrescTable
 .rodata.vTaskStartScheduler.str1.4
                0x0000000008002a6c        0x8 build/tasks.o
                                          0x5 (size before relaxing)
                0x0000000008002a74                . = ALIGN (0x4)

.ARM.extab
 *(.ARM.extab* .gnu.linkonce.armextab.*)

.ARM            0x0000000008002a74        0x8
                0x0000000008002a74                __exidx_start = .
 *(.ARM.exidx*)
 .ARM.exidx     0x0000000008002a74        0x8 /usr/lib/gcc/arm-none-eabi/6.3.1/thumb/v7e-m/fpv4-sp/hard/libgcc.a(_udivmoddi4.o)
                0x0000000008002a7c                __exidx_end = .

.rel.dyn        0x0000000008002a7c        0x0
 .rel.iplt      0x0000000008002a7c        0x0 /usr/lib/gcc/arm-none-eabi/6.3.1/thumb/v7e-m/fpv4-sp/hard/crtbegin.o

.preinit_array  0x0000000008002a7c        0x0
                0x0000000008002a7c                PROVIDE (__preinit_array_start, .)
 *(.preinit_array*)
                0x0000000008002a7c                PROVIDE (__preinit_array_end, .)

.init_array     0x0000000008002a7c        0x4
                0x0000000008002a7c                PROVIDE (__init_array_start, .)
 *(SORT(.init_array.*))
 *(.init_array*)
 .init_array    0x0000000008002a7c        0x4 /usr/lib/gcc/arm-none-eabi/6.3.1/thumb/v7e-m/fpv4-sp/hard/crtbegin.o
                0x0000000008002a80                PROVIDE (__init_array_end, .)

.fini_array     0x0000000008002a80        0x4
                0x0000000008002a80                PROVIDE (__fini_array_start, .)
 *(SORT(.fini_array.*))
 *(.fini_array*)
 .fini_array    0x0000000008002a80        0x4 /usr/lib/gcc/arm-none-eabi/6.3.1/thumb/v7e-m/fpv4-sp/hard/crtbegin.o
                0x0000000008002a84                PROVIDE (__fini_array_end, .)
                0x0000000008002a84                _sidata = LOADADDR (.data)

.data           0x0000000020000000       0x10 load address 0x0000000008002a84
                0x0000000020000000                . = ALIGN (0x4)
                0x0000000020000000                _sdata = .
 *(.data)
 *(.data*)
 .data.uwTickFreq
                0x0000000020000000        0x1 build/stm32f4xx_hal.o
                0x0000000020000000                uwTickFreq
 *fill*         0x0000000020000001        0x3 
 .data.uwTickPrio
                0x0000000020000004        0x4 build/stm32f4xx_hal.o
                0x0000000020000004                uwTickPrio
 .data.SystemCoreClock
                0x0000000020000008        0x4 build/system_stm32f4xx.o
                0x0000000020000008                SystemCoreClock
 .data.uxCriticalNesting
                0x000000002000000c        0x4 build/port.o
                0x0000000020000010                . = ALIGN (0x4)
                0x0000000020000010                _edata = .

.jcr            0x0000000020000010        0x0 load address 0x0000000008002a94
 .jcr           0x0000000020000010        0x0 /usr/lib/gcc/arm-none-eabi/6.3.1/thumb/v7e-m/fpv4-sp/hard/crtbegin.o

.tm_clone_table
                0x0000000020000010        0x0 load address 0x0000000008002a94
 .tm_clone_table
                0x0000000020000010        0x0 /usr/lib/gcc/arm-none-eabi/6.3.1/thumb/v7e-m/fpv4-sp/hard/crtbegin.o
 .tm_clone_table
                0x0000000020000010        0x0 /usr/lib/gcc/arm-none-eabi/6.3.1/thumb/v7e-m/fpv4-sp/hard/crtend.o

.igot.plt       0x0000000020000010        0x0 load address 0x0000000008002a94
 .igot.plt      0x0000000020000010        0x0 /usr/lib/gcc/arm-none-eabi/6.3.1/thumb/v7e-m/fpv4-sp/hard/crtbegin.o
                0x0000000020000010                . = ALIGN (0x4)

.bss            0x0000000020000010     0x40a8 load address 0x0000000008002a94
                0x0000000020000010                _sbss = .
                0x0000000020000010                __bss_start__ = _sbss
 *(.bss)
 .bss           0x0000000020000010       0x1c /usr/lib/gcc/arm-none-eabi/6.3.1/thumb/v7e-m/fpv4-sp/hard/crtbegin.o
 *(.bss*)
 .bss.xIdleStack
                0x000000002000002c      0x200 build/freertos.o
 .bss.xIdleTaskTCBBuffer
                0x000000002000022c       0x54 build/freertos.o
 .bss.pxCurrentTCB
                0x0000000020000280        0x4 build/tasks.o
                0x0000000020000280                pxCurrentTCB
 .bss.pxDelayedTaskList
                0x0000000020000284        0x4 build/tasks.o
 .bss.pxOverflowDelayedTaskList
                0x0000000020000288        0x4 build/tasks.o
 .bss.pxReadyTasksLists
                0x000000002000028c       0x8c build/tasks.o
 .bss.uxCurrentNumberOfTasks
                0x0000000020000318        0x4 build/tasks.o
 .bss.uxDeletedTasksWaitingCleanUp
                0x000000002000031c        0x4 build/tasks.o
 .bss.uxSchedulerSuspended
                0x0000000020000320        0x4 build/tasks.o
 .bss.uxTaskNumber
                0x0000000020000324        0x4 build/tasks.o
 .bss.uxTopReadyPriority
                0x0000000020000328        0x4 build/tasks.o
 .bss.xDelayedTaskList1
                0x000000002000032c       0x14 build/tasks.o
 .bss.xDelayedTaskList2
                0x0000000020000340       0x14 build/tasks.o
 .bss.xNextTaskUnblockTime
                0x0000000020000354        0x4 build/tasks.o
 .bss.xNumOfOverflows
                0x0000000020000358        0x4 build/tasks.o
 .bss.xPendedTicks
                0x000000002000035c        0x4 build/tasks.o
 .bss.xPendingReadyList
                0x0000000020000360       0x14 build/tasks.o
 .bss.xSchedulerRunning
                0x0000000020000374        0x4 build/tasks.o
 .bss.xSuspendedTaskList
                0x0000000020000378       0x14 build/tasks.o
 .bss.xTasksWaitingTermination
                0x000000002000038c       0x14 build/tasks.o
 .bss.xTickCount
                0x00000000200003a0        0x4 build/tasks.o
 .bss.xYieldPending
                0x00000000200003a4        0x4 build/tasks.o
 .bss.pxEnd     0x00000000200003a8        0x4 build/heap_4.o
 .bss.ucHeap    0x00000000200003ac     0x3c00 build/heap_4.o
 .bss.xBlockAllocatedBit
                0x0000000020003fac        0x4 build/heap_4.o
 .bss.xFreeBytesRemaining
                0x0000000020003fb0        0x4 build/heap_4.o
 .bss.xMinimumEverFreeBytesRemaining
                0x0000000020003fb4        0x4 build/heap_4.o
 .bss.xNumberOfSuccessfulAllocations
                0x0000000020003fb8        0x4 build/heap_4.o
 .bss.xNumberOfSuccessfulFrees
                0x0000000020003fbc        0x4 build/heap_4.o
 .bss.xStart    0x0000000020003fc0        0x8 build/heap_4.o
 .bss.ucMaxSysCallPriority
                0x0000000020003fc8        0x1 build/port.o
 *fill*         0x0000000020003fc9        0x3 
 .bss.ulMaxPRIGROUPValue
                0x0000000020003fcc        0x4 build/port.o
 *(COMMON)
 COMMON         0x0000000020003fd0       0x9c build/main.o
                0x0000000020003fd0                defaultTaskHandle
                0x0000000020003fd4                hi2c1
                0x0000000020004028                huart2
 COMMON         0x000000002000406c       0x48 build/stm32f4xx_hal_timebase_tim.o
                0x000000002000406c                htim1
 COMMON         0x00000000200040b4        0x4 build/stm32f4xx_hal.o
                0x00000000200040b4                uwTick
                0x00000000200040b8                . = ALIGN (0x4)
                0x00000000200040b8                _ebss = .
                0x00000000200040b8                __bss_end__ = _ebss

._user_heap_stack
                0x00000000200040b8      0x600 load address 0x0000000008002a94
                0x00000000200040b8                . = ALIGN (0x8)
                [!provide]                        PROVIDE (end, .)
                [!provide]                        PROVIDE (_end, .)
                0x00000000200042b8                . = (. + _Min_Heap_Size)
 *fill*         0x00000000200040b8      0x200 
                0x00000000200046b8                . = (. + _Min_Stack_Size)
 *fill*         0x00000000200042b8      0x400 
                0x00000000200046b8                . = ALIGN (0x8)

/DISCARD/
 libc.a(*)
 libm.a(*)
 libgcc.a(*)

.ARM.attributes
                0x0000000000000000       0x30
 *(.ARM.attributes)
 .ARM.attributes
                0x0000000000000000       0x22 /usr/lib/gcc/arm-none-eabi/6.3.1/thumb/v7e-m/fpv4-sp/hard/crti.o
 .ARM.attributes
                0x0000000000000022       0x34 /usr/lib/gcc/arm-none-eabi/6.3.1/thumb/v7e-m/fpv4-sp/hard/crtbegin.o
 .ARM.attributes
                0x0000000000000056       0x39 build/main.o
 .ARM.attributes
                0x000000000000008f       0x39 build/freertos.o
 .ARM.attributes
                0x00000000000000c8       0x39 build/stm32f4xx_it.o
 .ARM.attributes
                0x0000000000000101       0x39 build/stm32f4xx_hal_msp.o
 .ARM.attributes
                0x000000000000013a       0x39 build/stm32f4xx_hal_timebase_tim.o
 .ARM.attributes
                0x0000000000000173       0x39 build/stm32f4xx_hal_rcc.o
 .ARM.attributes
                0x00000000000001ac       0x39 build/stm32f4xx_hal_rcc_ex.o
 .ARM.attributes
                0x00000000000001e5       0x39 build/stm32f4xx_hal_gpio.o
 .ARM.attributes
                0x000000000000021e       0x39 build/stm32f4xx_hal_cortex.o
 .ARM.attributes
                0x0000000000000257       0x39 build/stm32f4xx_hal.o
 .ARM.attributes
                0x0000000000000290       0x39 build/stm32f4xx_hal_tim.o
 .ARM.attributes
                0x00000000000002c9       0x39 build/stm32f4xx_hal_tim_ex.o
 .ARM.attributes
                0x0000000000000302       0x39 build/stm32f4xx_hal_uart.o
 .ARM.attributes
                0x000000000000033b       0x39 build/system_stm32f4xx.o
 .ARM.attributes
                0x0000000000000374       0x39 build/list.o
 .ARM.attributes
                0x00000000000003ad       0x39 build/tasks.o
 .ARM.attributes
                0x00000000000003e6       0x39 build/cmsis_os.o
 .ARM.attributes
                0x000000000000041f       0x39 build/heap_4.o
 .ARM.attributes
                0x0000000000000458       0x39 build/port.o
 .ARM.attributes
                0x0000000000000491       0x39 build/stm32f4xx_hal_i2c.o
 .ARM.attributes
                0x00000000000004ca       0x21 build/startup_stm32f446xx.o
 .ARM.attributes
                0x00000000000004eb       0x34 /usr/lib/gcc/arm-none-eabi/6.3.1/../../../arm-none-eabi/lib/thumb/v7e-m/fpv4-sp/hard/libc_nano.a(lib_a-init.o)
 .ARM.attributes
                0x000000000000051f       0x34 /usr/lib/gcc/arm-none-eabi/6.3.1/../../../arm-none-eabi/lib/thumb/v7e-m/fpv4-sp/hard/libc_nano.a(lib_a-memset.o)
 .ARM.attributes
                0x0000000000000553       0x22 /usr/lib/gcc/arm-none-eabi/6.3.1/thumb/v7e-m/fpv4-sp/hard/libgcc.a(_aeabi_uldivmod.o)
 .ARM.attributes
                0x0000000000000575       0x34 /usr/lib/gcc/arm-none-eabi/6.3.1/thumb/v7e-m/fpv4-sp/hard/libgcc.a(_udivmoddi4.o)
 .ARM.attributes
                0x00000000000005a9       0x22 /usr/lib/gcc/arm-none-eabi/6.3.1/thumb/v7e-m/fpv4-sp/hard/libgcc.a(_dvmd_tls.o)
 .ARM.attributes
                0x00000000000005cb       0x34 /usr/lib/gcc/arm-none-eabi/6.3.1/thumb/v7e-m/fpv4-sp/hard/crtend.o
 .ARM.attributes
                0x00000000000005ff       0x22 /usr/lib/gcc/arm-none-eabi/6.3.1/thumb/v7e-m/fpv4-sp/hard/crtn.o
OUTPUT(build/STM32F446RE_RF_WSN.elf elf32-littlearm)

.comment        0x0000000000000000       0x31
 .comment       0x0000000000000000       0x31 /usr/lib/gcc/arm-none-eabi/6.3.1/thumb/v7e-m/fpv4-sp/hard/crtbegin.o
                                         0x32 (size before relaxing)
 .comment       0x0000000000000031       0x32 build/main.o
 .comment       0x0000000000000031       0x32 build/freertos.o
 .comment       0x0000000000000031       0x32 build/stm32f4xx_it.o
 .comment       0x0000000000000031       0x32 build/stm32f4xx_hal_msp.o
 .comment       0x0000000000000031       0x32 build/stm32f4xx_hal_timebase_tim.o
 .comment       0x0000000000000031       0x32 build/stm32f4xx_hal_rcc.o
 .comment       0x0000000000000031       0x32 build/stm32f4xx_hal_rcc_ex.o
 .comment       0x0000000000000031       0x32 build/stm32f4xx_hal_gpio.o
 .comment       0x0000000000000031       0x32 build/stm32f4xx_hal_cortex.o
 .comment       0x0000000000000031       0x32 build/stm32f4xx_hal.o
 .comment       0x0000000000000031       0x32 build/stm32f4xx_hal_tim.o
 .comment       0x0000000000000031       0x32 build/stm32f4xx_hal_tim_ex.o
 .comment       0x0000000000000031       0x32 build/stm32f4xx_hal_uart.o
 .comment       0x0000000000000031       0x32 build/system_stm32f4xx.o
 .comment       0x0000000000000031       0x32 build/list.o
 .comment       0x0000000000000031       0x32 build/tasks.o
 .comment       0x0000000000000031       0x32 build/cmsis_os.o
 .comment       0x0000000000000031       0x32 build/heap_4.o
 .comment       0x0000000000000031       0x32 build/port.o
 .comment       0x0000000000000031       0x32 build/stm32f4xx_hal_i2c.o
 .comment       0x0000000000000031       0x32 /usr/lib/gcc/arm-none-eabi/6.3.1/../../../arm-none-eabi/lib/thumb/v7e-m/fpv4-sp/hard/libc_nano.a(lib_a-init.o)
 .comment       0x0000000000000031       0x32 /usr/lib/gcc/arm-none-eabi/6.3.1/../../../arm-none-eabi/lib/thumb/v7e-m/fpv4-sp/hard/libc_nano.a(lib_a-memset.o)
 .comment       0x0000000000000031       0x32 /usr/lib/gcc/arm-none-eabi/6.3.1/thumb/v7e-m/fpv4-sp/hard/libgcc.a(_udivmoddi4.o)
 .comment       0x0000000000000031       0x32 /usr/lib/gcc/arm-none-eabi/6.3.1/thumb/v7e-m/fpv4-sp/hard/crtend.o

.debug_info     0x0000000000000000    0x1b9fe
 .debug_info    0x0000000000000000     0x182f build/main.o
 .debug_info    0x000000000000182f      0x36f build/freertos.o
 .debug_info    0x0000000000001b9e      0x82a build/stm32f4xx_it.o
 .debug_info    0x00000000000023c8      0xd54 build/stm32f4xx_hal_msp.o
 .debug_info    0x000000000000311c      0xdf4 build/stm32f4xx_hal_timebase_tim.o
 .debug_info    0x0000000000003f10      0xbc8 build/stm32f4xx_hal_rcc.o
 .debug_info    0x0000000000004ad8      0xd33 build/stm32f4xx_hal_rcc_ex.o
 .debug_info    0x000000000000580b      0x8d3 build/stm32f4xx_hal_gpio.o
 .debug_info    0x00000000000060de     0x1094 build/stm32f4xx_hal_cortex.o
 .debug_info    0x0000000000007172      0xb33 build/stm32f4xx_hal.o
 .debug_info    0x0000000000007ca5     0x389e build/stm32f4xx_hal_tim.o
 .debug_info    0x000000000000b543     0x19a6 build/stm32f4xx_hal_tim_ex.o
 .debug_info    0x000000000000cee9     0x1c0a build/stm32f4xx_hal_uart.o
 .debug_info    0x000000000000eaf3      0x61e build/system_stm32f4xx.o
 .debug_info    0x000000000000f111      0xbd6 build/list.o
 .debug_info    0x000000000000fce7     0x3061 build/tasks.o
 .debug_info    0x0000000000012d48     0x29ec build/cmsis_os.o
 .debug_info    0x0000000000015734      0xec1 build/heap_4.o
 .debug_info    0x00000000000165f5      0x5b3 build/port.o
 .debug_info    0x0000000000016ba8     0x35e9 build/stm32f4xx_hal_i2c.o
 .debug_info    0x000000000001a191       0x81 build/startup_stm32f446xx.o
 .debug_info    0x000000000001a212      0x110 /usr/lib/gcc/arm-none-eabi/6.3.1/../../../arm-none-eabi/lib/thumb/v7e-m/fpv4-sp/hard/libc_nano.a(lib_a-init.o)
 .debug_info    0x000000000001a322      0x916 /usr/lib/gcc/arm-none-eabi/6.3.1/../../../arm-none-eabi/lib/thumb/v7e-m/fpv4-sp/hard/libc_nano.a(lib_a-memset.o)
 .debug_info    0x000000000001ac38       0xcf /usr/lib/gcc/arm-none-eabi/6.3.1/thumb/v7e-m/fpv4-sp/hard/libgcc.a(_aeabi_uldivmod.o)
 .debug_info    0x000000000001ad07      0xc24 /usr/lib/gcc/arm-none-eabi/6.3.1/thumb/v7e-m/fpv4-sp/hard/libgcc.a(_udivmoddi4.o)
 .debug_info    0x000000000001b92b       0xd3 /usr/lib/gcc/arm-none-eabi/6.3.1/thumb/v7e-m/fpv4-sp/hard/libgcc.a(_dvmd_tls.o)

.debug_abbrev   0x0000000000000000     0x33b2
 .debug_abbrev  0x0000000000000000      0x2a4 build/main.o
 .debug_abbrev  0x00000000000002a4      0x106 build/freertos.o
 .debug_abbrev  0x00000000000003aa      0x174 build/stm32f4xx_it.o
 .debug_abbrev  0x000000000000051e      0x1ac build/stm32f4xx_hal_msp.o
 .debug_abbrev  0x00000000000006ca      0x1ec build/stm32f4xx_hal_timebase_tim.o
 .debug_abbrev  0x00000000000008b6      0x28b build/stm32f4xx_hal_rcc.o
 .debug_abbrev  0x0000000000000b41      0x22c build/stm32f4xx_hal_rcc_ex.o
 .debug_abbrev  0x0000000000000d6d      0x21a build/stm32f4xx_hal_gpio.o
 .debug_abbrev  0x0000000000000f87      0x33b build/stm32f4xx_hal_cortex.o
 .debug_abbrev  0x00000000000012c2      0x1eb build/stm32f4xx_hal.o
 .debug_abbrev  0x00000000000014ad      0x270 build/stm32f4xx_hal_tim.o
 .debug_abbrev  0x000000000000171d      0x278 build/stm32f4xx_hal_tim_ex.o
 .debug_abbrev  0x0000000000001995      0x2e4 build/stm32f4xx_hal_uart.o
 .debug_abbrev  0x0000000000001c79      0x128 build/system_stm32f4xx.o
 .debug_abbrev  0x0000000000001da1      0x215 build/list.o
 .debug_abbrev  0x0000000000001fb6      0x3d7 build/tasks.o
 .debug_abbrev  0x000000000000238d      0x3c0 build/cmsis_os.o
 .debug_abbrev  0x000000000000274d      0x31b build/heap_4.o
 .debug_abbrev  0x0000000000002a68      0x257 build/port.o
 .debug_abbrev  0x0000000000002cbf      0x2dc build/stm32f4xx_hal_i2c.o
 .debug_abbrev  0x0000000000002f9b       0x12 build/startup_stm32f446xx.o
 .debug_abbrev  0x0000000000002fad       0xba /usr/lib/gcc/arm-none-eabi/6.3.1/../../../arm-none-eabi/lib/thumb/v7e-m/fpv4-sp/hard/libc_nano.a(lib_a-init.o)
 .debug_abbrev  0x0000000000003067      0x197 /usr/lib/gcc/arm-none-eabi/6.3.1/../../../arm-none-eabi/lib/thumb/v7e-m/fpv4-sp/hard/libc_nano.a(lib_a-memset.o)
 .debug_abbrev  0x00000000000031fe       0x14 /usr/lib/gcc/arm-none-eabi/6.3.1/thumb/v7e-m/fpv4-sp/hard/libgcc.a(_aeabi_uldivmod.o)
 .debug_abbrev  0x0000000000003212      0x18c /usr/lib/gcc/arm-none-eabi/6.3.1/thumb/v7e-m/fpv4-sp/hard/libgcc.a(_udivmoddi4.o)
 .debug_abbrev  0x000000000000339e       0x14 /usr/lib/gcc/arm-none-eabi/6.3.1/thumb/v7e-m/fpv4-sp/hard/libgcc.a(_dvmd_tls.o)

.debug_loc      0x0000000000000000    0x148be
 .debug_loc     0x0000000000000000      0x185 build/main.o
 .debug_loc     0x0000000000000185       0x20 build/stm32f4xx_it.o
 .debug_loc     0x00000000000001a5      0x110 build/stm32f4xx_hal_msp.o
 .debug_loc     0x00000000000002b5       0xae build/stm32f4xx_hal_timebase_tim.o
 .debug_loc     0x0000000000000363      0x55c build/stm32f4xx_hal_rcc.o
 .debug_loc     0x00000000000008bf      0xcea build/stm32f4xx_hal_rcc_ex.o
 .debug_loc     0x00000000000015a9      0x4f2 build/stm32f4xx_hal_gpio.o
 .debug_loc     0x0000000000001a9b      0x6a6 build/stm32f4xx_hal_cortex.o
 .debug_loc     0x0000000000002141      0x1ad build/stm32f4xx_hal.o
 .debug_loc     0x00000000000022ee     0x51e7 build/stm32f4xx_hal_tim.o
 .debug_loc     0x00000000000074d5     0x1fcc build/stm32f4xx_hal_tim_ex.o
 .debug_loc     0x00000000000094a1     0x206f build/stm32f4xx_hal_uart.o
 .debug_loc     0x000000000000b510      0x13e build/system_stm32f4xx.o
 .debug_loc     0x000000000000b64e       0x9c build/list.o
 .debug_loc     0x000000000000b6ea     0x1ee3 build/tasks.o
 .debug_loc     0x000000000000d5cd     0x17c0 build/cmsis_os.o
 .debug_loc     0x000000000000ed8d      0x427 build/heap_4.o
 .debug_loc     0x000000000000f1b4      0x160 build/port.o
 .debug_loc     0x000000000000f314     0x45c8 build/stm32f4xx_hal_i2c.o
 .debug_loc     0x00000000000138dc       0xae /usr/lib/gcc/arm-none-eabi/6.3.1/../../../arm-none-eabi/lib/thumb/v7e-m/fpv4-sp/hard/libc_nano.a(lib_a-init.o)
 .debug_loc     0x000000000001398a      0x1bd /usr/lib/gcc/arm-none-eabi/6.3.1/../../../arm-none-eabi/lib/thumb/v7e-m/fpv4-sp/hard/libc_nano.a(lib_a-memset.o)
 .debug_loc     0x0000000000013b47      0xd77 /usr/lib/gcc/arm-none-eabi/6.3.1/thumb/v7e-m/fpv4-sp/hard/libgcc.a(_udivmoddi4.o)

.debug_aranges  0x0000000000000000     0x1388
 .debug_aranges
                0x0000000000000000       0x58 build/main.o
 .debug_aranges
                0x0000000000000058       0x20 build/freertos.o
 .debug_aranges
                0x0000000000000078       0x50 build/stm32f4xx_it.o
 .debug_aranges
                0x00000000000000c8       0x30 build/stm32f4xx_hal_msp.o
 .debug_aranges
                0x00000000000000f8       0x30 build/stm32f4xx_hal_timebase_tim.o
 .debug_aranges
                0x0000000000000128       0x88 build/stm32f4xx_hal_rcc.o
 .debug_aranges
                0x00000000000001b0       0x78 build/stm32f4xx_hal_rcc_ex.o
 .debug_aranges
                0x0000000000000228       0x58 build/stm32f4xx_hal_gpio.o
 .debug_aranges
                0x0000000000000280       0xa8 build/stm32f4xx_hal_cortex.o
 .debug_aranges
                0x0000000000000328       0xf0 build/stm32f4xx_hal.o
 .debug_aranges
                0x0000000000000418      0x3d0 build/stm32f4xx_hal_tim.o
 .debug_aranges
                0x00000000000007e8      0x168 build/stm32f4xx_hal_tim_ex.o
 .debug_aranges
                0x0000000000000950      0x200 build/stm32f4xx_hal_uart.o
 .debug_aranges
                0x0000000000000b50       0x28 build/system_stm32f4xx.o
 .debug_aranges
                0x0000000000000b78       0x40 build/list.o
 .debug_aranges
                0x0000000000000bb8      0x1b8 build/tasks.o
 .debug_aranges
                0x0000000000000d70      0x1d8 build/cmsis_os.o
 .debug_aranges
                0x0000000000000f48       0x58 build/heap_4.o
 .debug_aranges
                0x0000000000000fa0       0x80 build/port.o
 .debug_aranges
                0x0000000000001020      0x2a0 build/stm32f4xx_hal_i2c.o
 .debug_aranges
                0x00000000000012c0       0x28 build/startup_stm32f446xx.o
 .debug_aranges
                0x00000000000012e8       0x20 /usr/lib/gcc/arm-none-eabi/6.3.1/../../../arm-none-eabi/lib/thumb/v7e-m/fpv4-sp/hard/libc_nano.a(lib_a-init.o)
 .debug_aranges
                0x0000000000001308       0x20 /usr/lib/gcc/arm-none-eabi/6.3.1/../../../arm-none-eabi/lib/thumb/v7e-m/fpv4-sp/hard/libc_nano.a(lib_a-memset.o)
 .debug_aranges
                0x0000000000001328       0x20 /usr/lib/gcc/arm-none-eabi/6.3.1/thumb/v7e-m/fpv4-sp/hard/libgcc.a(_aeabi_uldivmod.o)
 .debug_aranges
                0x0000000000001348       0x20 /usr/lib/gcc/arm-none-eabi/6.3.1/thumb/v7e-m/fpv4-sp/hard/libgcc.a(_udivmoddi4.o)
 .debug_aranges
                0x0000000000001368       0x20 /usr/lib/gcc/arm-none-eabi/6.3.1/thumb/v7e-m/fpv4-sp/hard/libgcc.a(_dvmd_tls.o)

.debug_ranges   0x0000000000000000     0x13e8
 .debug_ranges  0x0000000000000000       0x48 build/main.o
 .debug_ranges  0x0000000000000048       0x10 build/freertos.o
 .debug_ranges  0x0000000000000058       0x40 build/stm32f4xx_it.o
 .debug_ranges  0x0000000000000098       0x20 build/stm32f4xx_hal_msp.o
 .debug_ranges  0x00000000000000b8       0x20 build/stm32f4xx_hal_timebase_tim.o
 .debug_ranges  0x00000000000000d8       0x90 build/stm32f4xx_hal_rcc.o
 .debug_ranges  0x0000000000000168       0x80 build/stm32f4xx_hal_rcc_ex.o
 .debug_ranges  0x00000000000001e8       0x48 build/stm32f4xx_hal_gpio.o
 .debug_ranges  0x0000000000000230       0xf8 build/stm32f4xx_hal_cortex.o
 .debug_ranges  0x0000000000000328       0xe0 build/stm32f4xx_hal.o
 .debug_ranges  0x0000000000000408      0x3c0 build/stm32f4xx_hal_tim.o
 .debug_ranges  0x00000000000007c8      0x158 build/stm32f4xx_hal_tim_ex.o
 .debug_ranges  0x0000000000000920      0x1f0 build/stm32f4xx_hal_uart.o
 .debug_ranges  0x0000000000000b10       0x18 build/system_stm32f4xx.o
 .debug_ranges  0x0000000000000b28       0x30 build/list.o
 .debug_ranges  0x0000000000000b58      0x278 build/tasks.o
 .debug_ranges  0x0000000000000dd0      0x1c8 build/cmsis_os.o
 .debug_ranges  0x0000000000000f98       0x48 build/heap_4.o
 .debug_ranges  0x0000000000000fe0       0x70 build/port.o
 .debug_ranges  0x0000000000001050      0x2a8 build/stm32f4xx_hal_i2c.o
 .debug_ranges  0x00000000000012f8       0x20 build/startup_stm32f446xx.o
 .debug_ranges  0x0000000000001318       0xd0 /usr/lib/gcc/arm-none-eabi/6.3.1/thumb/v7e-m/fpv4-sp/hard/libgcc.a(_udivmoddi4.o)

.debug_line     0x0000000000000000     0x94da
 .debug_line    0x0000000000000000      0x3ab build/main.o
 .debug_line    0x00000000000003ab      0x1db build/freertos.o
 .debug_line    0x0000000000000586      0x1ed build/stm32f4xx_it.o
 .debug_line    0x0000000000000773      0x1fa build/stm32f4xx_hal_msp.o
 .debug_line    0x000000000000096d      0x1fa build/stm32f4xx_hal_timebase_tim.o
 .debug_line    0x0000000000000b67      0x452 build/stm32f4xx_hal_rcc.o
 .debug_line    0x0000000000000fb9      0x611 build/stm32f4xx_hal_rcc_ex.o
 .debug_line    0x00000000000015ca      0x304 build/stm32f4xx_hal_gpio.o
 .debug_line    0x00000000000018ce      0x3b6 build/stm32f4xx_hal_cortex.o
 .debug_line    0x0000000000001c84      0x388 build/stm32f4xx_hal.o
 .debug_line    0x000000000000200c     0x1eb6 build/stm32f4xx_hal_tim.o
 .debug_line    0x0000000000003ec2      0xdf1 build/stm32f4xx_hal_tim_ex.o
 .debug_line    0x0000000000004cb3      0xc86 build/stm32f4xx_hal_uart.o
 .debug_line    0x0000000000005939      0x174 build/system_stm32f4xx.o
 .debug_line    0x0000000000005aad      0x243 build/list.o
 .debug_line    0x0000000000005cf0      0xb70 build/tasks.o
 .debug_line    0x0000000000006860      0x86b build/cmsis_os.o
 .debug_line    0x00000000000070cb      0x32a build/heap_4.o
 .debug_line    0x00000000000073f5      0x2c8 build/port.o
 .debug_line    0x00000000000076bd     0x1847 build/stm32f4xx_hal_i2c.o
 .debug_line    0x0000000000008f04       0x76 build/startup_stm32f446xx.o
 .debug_line    0x0000000000008f7a       0xbe /usr/lib/gcc/arm-none-eabi/6.3.1/../../../arm-none-eabi/lib/thumb/v7e-m/fpv4-sp/hard/libc_nano.a(lib_a-init.o)
 .debug_line    0x0000000000009038      0x17c /usr/lib/gcc/arm-none-eabi/6.3.1/../../../arm-none-eabi/lib/thumb/v7e-m/fpv4-sp/hard/libc_nano.a(lib_a-memset.o)
 .debug_line    0x00000000000091b4       0x67 /usr/lib/gcc/arm-none-eabi/6.3.1/thumb/v7e-m/fpv4-sp/hard/libgcc.a(_aeabi_uldivmod.o)
 .debug_line    0x000000000000921b      0x258 /usr/lib/gcc/arm-none-eabi/6.3.1/thumb/v7e-m/fpv4-sp/hard/libgcc.a(_udivmoddi4.o)
 .debug_line    0x0000000000009473       0x67 /usr/lib/gcc/arm-none-eabi/6.3.1/thumb/v7e-m/fpv4-sp/hard/libgcc.a(_dvmd_tls.o)

.debug_str      0x0000000000000000     0x7681
 .debug_str     0x0000000000000000     0x114d build/main.o
                                       0x1275 (size before relaxing)
 .debug_str     0x000000000000114d       0x8a build/freertos.o
                                        0x3c9 (size before relaxing)
 .debug_str     0x00000000000011d7       0xaf build/stm32f4xx_it.o
                                        0x82b (size before relaxing)
 .debug_str     0x0000000000001286      0x58d build/stm32f4xx_hal_msp.o
                                        0xdd5 (size before relaxing)
 .debug_str     0x0000000000001813      0x108 build/stm32f4xx_hal_timebase_tim.o
                                        0xf72 (size before relaxing)
 .debug_str     0x000000000000191b      0x1b3 build/stm32f4xx_hal_rcc.o
                                        0x7a2 (size before relaxing)
 .debug_str     0x0000000000001ace      0x344 build/stm32f4xx_hal_rcc_ex.o
                                        0x8a5 (size before relaxing)
 .debug_str     0x0000000000001e12      0x112 build/stm32f4xx_hal_gpio.o
                                        0x5bf (size before relaxing)
 .debug_str     0x0000000000001f24      0x4cf build/stm32f4xx_hal_cortex.o
                                        0xd15 (size before relaxing)
 .debug_str     0x00000000000023f3      0x1fd build/stm32f4xx_hal.o
                                        0xbfb (size before relaxing)
 .debug_str     0x00000000000025f0      0xed1 build/stm32f4xx_hal_tim.o
                                       0x177e (size before relaxing)
 .debug_str     0x00000000000034c1      0x591 build/stm32f4xx_hal_tim_ex.o
                                        0xf7f (size before relaxing)
 .debug_str     0x0000000000003a52      0x5e9 build/stm32f4xx_hal_uart.o
                                        0xdde (size before relaxing)
 .debug_str     0x000000000000403b       0x47 build/system_stm32f4xx.o
                                        0x428 (size before relaxing)
 .debug_str     0x0000000000004082      0x4d0 build/list.o
                                        0x6df (size before relaxing)
 .debug_str     0x0000000000004552      0xc0b build/tasks.o
                                       0x13f8 (size before relaxing)
 .debug_str     0x000000000000515d      0x95a build/cmsis_os.o
                                       0x141c (size before relaxing)
 .debug_str     0x0000000000005ab7      0x2c8 build/heap_4.o
                                        0x8ed (size before relaxing)
 .debug_str     0x0000000000005d7f      0x17d build/port.o
                                        0x46c (size before relaxing)
 .debug_str     0x0000000000005efc      0x8aa build/stm32f4xx_hal_i2c.o
                                       0x10df (size before relaxing)
 .debug_str     0x00000000000067a6      0x1a8 /usr/lib/gcc/arm-none-eabi/6.3.1/../../../arm-none-eabi/lib/thumb/v7e-m/fpv4-sp/hard/libc_nano.a(lib_a-init.o)
                                        0x253 (size before relaxing)
 .debug_str     0x000000000000694e      0x12d /usr/lib/gcc/arm-none-eabi/6.3.1/../../../arm-none-eabi/lib/thumb/v7e-m/fpv4-sp/hard/libc_nano.a(lib_a-memset.o)
                                        0x61a (size before relaxing)
 .debug_str     0x0000000000006a7b      0xc06 /usr/lib/gcc/arm-none-eabi/6.3.1/thumb/v7e-m/fpv4-sp/hard/libgcc.a(_udivmoddi4.o)
                                        0xcf4 (size before relaxing)

.debug_frame    0x0000000000000000     0x3c88
 .debug_frame   0x0000000000000000       0xf0 build/main.o
 .debug_frame   0x00000000000000f0       0x20 build/freertos.o
 .debug_frame   0x0000000000000110       0x8c build/stm32f4xx_it.o
 .debug_frame   0x000000000000019c       0x68 build/stm32f4xx_hal_msp.o
 .debug_frame   0x0000000000000204       0x54 build/stm32f4xx_hal_timebase_tim.o
 .debug_frame   0x0000000000000258      0x1ac build/stm32f4xx_hal_rcc.o
 .debug_frame   0x0000000000000404      0x188 build/stm32f4xx_hal_rcc_ex.o
 .debug_frame   0x000000000000058c       0xf0 build/stm32f4xx_hal_gpio.o
 .debug_frame   0x000000000000067c      0x16c build/stm32f4xx_hal_cortex.o
 .debug_frame   0x00000000000007e8      0x200 build/stm32f4xx_hal.o
 .debug_frame   0x00000000000009e8      0xcf8 build/stm32f4xx_hal_tim.o
 .debug_frame   0x00000000000016e0      0x520 build/stm32f4xx_hal_tim_ex.o
 .debug_frame   0x0000000000001c00      0x658 build/stm32f4xx_hal_uart.o
 .debug_frame   0x0000000000002258       0x30 build/system_stm32f4xx.o
 .debug_frame   0x0000000000002288       0x70 build/list.o
 .debug_frame   0x00000000000022f8      0x640 build/tasks.o
 .debug_frame   0x0000000000002938      0x644 build/cmsis_os.o
 .debug_frame   0x0000000000002f7c       0xe4 build/heap_4.o
 .debug_frame   0x0000000000003060      0x104 build/port.o
 .debug_frame   0x0000000000003164      0xa64 build/stm32f4xx_hal_i2c.o
 .debug_frame   0x0000000000003bc8       0x2c /usr/lib/gcc/arm-none-eabi/6.3.1/../../../arm-none-eabi/lib/thumb/v7e-m/fpv4-sp/hard/libc_nano.a(lib_a-init.o)
 .debug_frame   0x0000000000003bf4       0x34 /usr/lib/gcc/arm-none-eabi/6.3.1/../../../arm-none-eabi/lib/thumb/v7e-m/fpv4-sp/hard/libc_nano.a(lib_a-memset.o)
 .debug_frame   0x0000000000003c28       0x2c /usr/lib/gcc/arm-none-eabi/6.3.1/thumb/v7e-m/fpv4-sp/hard/libgcc.a(_aeabi_uldivmod.o)
 .debug_frame   0x0000000000003c54       0x34 /usr/lib/gcc/arm-none-eabi/6.3.1/thumb/v7e-m/fpv4-sp/hard/libgcc.a(_udivmoddi4.o)

Cross Reference Table

Symbol                                            File
ADC_IRQHandler                                    build/startup_stm32f446xx.o
AHBPrescTable                                     build/system_stm32f4xx.o
                                                  build/stm32f4xx_hal_rcc.o
APBPrescTable                                     build/system_stm32f4xx.o
                                                  build/stm32f4xx_hal_rcc.o
BusFault_Handler                                  build/stm32f4xx_it.o
CAN1_RX0_IRQHandler                               build/startup_stm32f446xx.o
CAN1_RX1_IRQHandler                               build/startup_stm32f446xx.o
CAN1_SCE_IRQHandler                               build/startup_stm32f446xx.o
CAN1_TX_IRQHandler                                build/startup_stm32f446xx.o
CAN2_RX0_IRQHandler                               build/startup_stm32f446xx.o
CAN2_RX1_IRQHandler                               build/startup_stm32f446xx.o
CAN2_SCE_IRQHandler                               build/startup_stm32f446xx.o
CAN2_TX_IRQHandler                                build/startup_stm32f446xx.o
CEC_IRQHandler                                    build/startup_stm32f446xx.o
DCMI_IRQHandler                                   build/startup_stm32f446xx.o
DMA1_Stream0_IRQHandler                           build/startup_stm32f446xx.o
DMA1_Stream1_IRQHandler                           build/startup_stm32f446xx.o
DMA1_Stream2_IRQHandler                           build/startup_stm32f446xx.o
DMA1_Stream3_IRQHandler                           build/startup_stm32f446xx.o
DMA1_Stream4_IRQHandler                           build/startup_stm32f446xx.o
DMA1_Stream5_IRQHandler                           build/startup_stm32f446xx.o
DMA1_Stream6_IRQHandler                           build/startup_stm32f446xx.o
DMA1_Stream7_IRQHandler                           build/startup_stm32f446xx.o
DMA2_Stream0_IRQHandler                           build/startup_stm32f446xx.o
DMA2_Stream1_IRQHandler                           build/startup_stm32f446xx.o
DMA2_Stream2_IRQHandler                           build/startup_stm32f446xx.o
DMA2_Stream3_IRQHandler                           build/startup_stm32f446xx.o
DMA2_Stream4_IRQHandler                           build/startup_stm32f446xx.o
DMA2_Stream5_IRQHandler                           build/startup_stm32f446xx.o
DMA2_Stream6_IRQHandler                           build/startup_stm32f446xx.o
DMA2_Stream7_IRQHandler                           build/startup_stm32f446xx.o
DebugMon_Handler                                  build/stm32f4xx_it.o
Default_Handler                                   build/startup_stm32f446xx.o
EXTI0_IRQHandler                                  build/startup_stm32f446xx.o
EXTI15_10_IRQHandler                              build/startup_stm32f446xx.o
EXTI1_IRQHandler                                  build/startup_stm32f446xx.o
EXTI2_IRQHandler                                  build/startup_stm32f446xx.o
EXTI3_IRQHandler                                  build/startup_stm32f446xx.o
EXTI4_IRQHandler                                  build/startup_stm32f446xx.o
EXTI9_5_IRQHandler                                build/startup_stm32f446xx.o
Error_Handler                                     build/main.o
FLASH_Erase_Sector                                build/stm32f4xx_hal_flash_ex.o
                                                  build/stm32f4xx_hal_flash.o
FLASH_FlushCaches                                 build/stm32f4xx_hal_flash_ex.o
                                                  build/stm32f4xx_hal_flash.o
FLASH_IRQHandler                                  build/startup_stm32f446xx.o
FLASH_WaitForLastOperation                        build/stm32f4xx_hal_flash.o
                                                  build/stm32f4xx_hal_flash_ex.o
FMC_IRQHandler                                    build/startup_stm32f446xx.o
FMPI2C1_ER_IRQHandler                             build/startup_stm32f446xx.o
FMPI2C1_EV_IRQHandler                             build/startup_stm32f446xx.o
FPU_IRQHandler                                    build/startup_stm32f446xx.o
HAL_DBGMCU_DisableDBGSleepMode                    build/stm32f4xx_hal.o
HAL_DBGMCU_DisableDBGStandbyMode                  build/stm32f4xx_hal.o
HAL_DBGMCU_DisableDBGStopMode                     build/stm32f4xx_hal.o
HAL_DBGMCU_EnableDBGSleepMode                     build/stm32f4xx_hal.o
HAL_DBGMCU_EnableDBGStandbyMode                   build/stm32f4xx_hal.o
HAL_DBGMCU_EnableDBGStopMode                      build/stm32f4xx_hal.o
HAL_DMAEx_ChangeMemory                            build/stm32f4xx_hal_dma_ex.o
HAL_DMAEx_MultiBufferStart                        build/stm32f4xx_hal_dma_ex.o
HAL_DMAEx_MultiBufferStart_IT                     build/stm32f4xx_hal_dma_ex.o
HAL_DMA_Abort                                     build/stm32f4xx_hal_dma.o
                                                  build/stm32f4xx_hal_uart.o
HAL_DMA_Abort_IT                                  build/stm32f4xx_hal_dma.o
                                                  build/stm32f4xx_hal_i2c.o
                                                  build/stm32f4xx_hal_uart.o
                                                  build/stm32f4xx_hal_tim_ex.o
                                                  build/stm32f4xx_hal_tim.o
HAL_DMA_DeInit                                    build/stm32f4xx_hal_dma.o
HAL_DMA_GetError                                  build/stm32f4xx_hal_dma.o
                                                  build/stm32f4xx_hal_i2c.o
                                                  build/stm32f4xx_hal_uart.o
HAL_DMA_GetState                                  build/stm32f4xx_hal_dma.o
                                                  build/stm32f4xx_hal_i2c.o
HAL_DMA_IRQHandler                                build/stm32f4xx_hal_dma.o
HAL_DMA_Init                                      build/stm32f4xx_hal_dma.o
HAL_DMA_PollForTransfer                           build/stm32f4xx_hal_dma.o
HAL_DMA_RegisterCallback                          build/stm32f4xx_hal_dma.o
HAL_DMA_Start                                     build/stm32f4xx_hal_dma.o
HAL_DMA_Start_IT                                  build/stm32f4xx_hal_dma.o
                                                  build/stm32f4xx_hal_i2c.o
                                                  build/stm32f4xx_hal_uart.o
                                                  build/stm32f4xx_hal_tim_ex.o
                                                  build/stm32f4xx_hal_tim.o
HAL_DMA_UnRegisterCallback                        build/stm32f4xx_hal_dma.o
HAL_DeInit                                        build/stm32f4xx_hal.o
HAL_Delay                                         build/stm32f4xx_hal.o
HAL_DisableCompensationCell                       build/stm32f4xx_hal.o
HAL_EXTI_ClearConfigLine                          build/stm32f4xx_hal_exti.o
HAL_EXTI_ClearPending                             build/stm32f4xx_hal_exti.o
HAL_EXTI_GenerateSWI                              build/stm32f4xx_hal_exti.o
HAL_EXTI_GetConfigLine                            build/stm32f4xx_hal_exti.o
HAL_EXTI_GetHandle                                build/stm32f4xx_hal_exti.o
HAL_EXTI_GetPending                               build/stm32f4xx_hal_exti.o
HAL_EXTI_IRQHandler                               build/stm32f4xx_hal_exti.o
HAL_EXTI_RegisterCallback                         build/stm32f4xx_hal_exti.o
HAL_EXTI_SetConfigLine                            build/stm32f4xx_hal_exti.o
HAL_EnableCompensationCell                        build/stm32f4xx_hal.o
HAL_FLASHEx_AdvOBGetConfig                        build/stm32f4xx_hal_flash_ex.o
HAL_FLASHEx_AdvOBProgram                          build/stm32f4xx_hal_flash_ex.o
HAL_FLASHEx_DisableFlashSleepMode                 build/stm32f4xx_hal_flash_ramfunc.o
HAL_FLASHEx_EnableFlashSleepMode                  build/stm32f4xx_hal_flash_ramfunc.o
HAL_FLASHEx_Erase                                 build/stm32f4xx_hal_flash_ex.o
HAL_FLASHEx_Erase_IT                              build/stm32f4xx_hal_flash_ex.o
HAL_FLASHEx_OBGetConfig                           build/stm32f4xx_hal_flash_ex.o
HAL_FLASHEx_OBProgram                             build/stm32f4xx_hal_flash_ex.o
HAL_FLASHEx_OB_DeSelectPCROP                      build/stm32f4xx_hal_flash_ex.o
HAL_FLASHEx_OB_SelectPCROP                        build/stm32f4xx_hal_flash_ex.o
HAL_FLASHEx_StartFlashInterfaceClk                build/stm32f4xx_hal_flash_ramfunc.o
HAL_FLASHEx_StopFlashInterfaceClk                 build/stm32f4xx_hal_flash_ramfunc.o
HAL_FLASH_EndOfOperationCallback                  build/stm32f4xx_hal_flash.o
HAL_FLASH_GetError                                build/stm32f4xx_hal_flash.o
HAL_FLASH_IRQHandler                              build/stm32f4xx_hal_flash.o
HAL_FLASH_Lock                                    build/stm32f4xx_hal_flash.o
HAL_FLASH_OB_Launch                               build/stm32f4xx_hal_flash.o
HAL_FLASH_OB_Lock                                 build/stm32f4xx_hal_flash.o
HAL_FLASH_OB_Unlock                               build/stm32f4xx_hal_flash.o
HAL_FLASH_OperationErrorCallback                  build/stm32f4xx_hal_flash.o
HAL_FLASH_Program                                 build/stm32f4xx_hal_flash.o
HAL_FLASH_Program_IT                              build/stm32f4xx_hal_flash.o
HAL_FLASH_Unlock                                  build/stm32f4xx_hal_flash.o
HAL_GPIO_DeInit                                   build/stm32f4xx_hal_gpio.o
                                                  build/stm32f4xx_hal_msp.o
HAL_GPIO_EXTI_Callback                            build/stm32f4xx_hal_gpio.o
HAL_GPIO_EXTI_IRQHandler                          build/stm32f4xx_hal_gpio.o
HAL_GPIO_Init                                     build/stm32f4xx_hal_gpio.o
                                                  build/stm32f4xx_hal_rcc.o
                                                  build/stm32f4xx_hal_msp.o
                                                  build/main.o
HAL_GPIO_LockPin                                  build/stm32f4xx_hal_gpio.o
HAL_GPIO_ReadPin                                  build/stm32f4xx_hal_gpio.o
HAL_GPIO_TogglePin                                build/stm32f4xx_hal_gpio.o
                                                  build/main.o
HAL_GPIO_WritePin                                 build/stm32f4xx_hal_gpio.o
                                                  build/main.o
HAL_GetDEVID                                      build/stm32f4xx_hal.o
HAL_GetHalVersion                                 build/stm32f4xx_hal.o
HAL_GetREVID                                      build/stm32f4xx_hal.o
HAL_GetTick                                       build/stm32f4xx_hal.o
                                                  build/stm32f4xx_hal_i2c.o
                                                  build/stm32f4xx_hal_uart.o
                                                  build/stm32f4xx_hal_pwr_ex.o
                                                  build/stm32f4xx_hal_dma.o
                                                  build/stm32f4xx_hal_flash.o
                                                  build/stm32f4xx_hal_rcc_ex.o
                                                  build/stm32f4xx_hal_rcc.o
HAL_GetTickFreq                                   build/stm32f4xx_hal.o
HAL_GetTickPrio                                   build/stm32f4xx_hal.o
HAL_GetUIDw0                                      build/stm32f4xx_hal.o
HAL_GetUIDw1                                      build/stm32f4xx_hal.o
HAL_GetUIDw2                                      build/stm32f4xx_hal.o
HAL_HalfDuplex_EnableReceiver                     build/stm32f4xx_hal_uart.o
HAL_HalfDuplex_EnableTransmitter                  build/stm32f4xx_hal_uart.o
HAL_HalfDuplex_Init                               build/stm32f4xx_hal_uart.o
HAL_I2CEx_ConfigAnalogFilter                      build/stm32f4xx_hal_i2c_ex.o
HAL_I2CEx_ConfigDigitalFilter                     build/stm32f4xx_hal_i2c_ex.o
HAL_I2C_AbortCpltCallback                         build/stm32f4xx_hal_i2c.o
HAL_I2C_AddrCallback                              build/stm32f4xx_hal_i2c.o
HAL_I2C_DeInit                                    build/stm32f4xx_hal_i2c.o
HAL_I2C_DisableListen_IT                          build/stm32f4xx_hal_i2c.o
HAL_I2C_ER_IRQHandler                             build/stm32f4xx_hal_i2c.o
HAL_I2C_EV_IRQHandler                             build/stm32f4xx_hal_i2c.o
HAL_I2C_EnableListen_IT                           build/stm32f4xx_hal_i2c.o
HAL_I2C_ErrorCallback                             build/stm32f4xx_hal_i2c.o
HAL_I2C_GetError                                  build/stm32f4xx_hal_i2c.o
HAL_I2C_GetMode                                   build/stm32f4xx_hal_i2c.o
HAL_I2C_GetState                                  build/stm32f4xx_hal_i2c.o
HAL_I2C_Init                                      build/stm32f4xx_hal_i2c.o
                                                  build/main.o
HAL_I2C_IsDeviceReady                             build/stm32f4xx_hal_i2c.o
HAL_I2C_ListenCpltCallback                        build/stm32f4xx_hal_i2c.o
HAL_I2C_MasterRxCpltCallback                      build/stm32f4xx_hal_i2c.o
HAL_I2C_MasterTxCpltCallback                      build/stm32f4xx_hal_i2c.o
HAL_I2C_Master_Abort_IT                           build/stm32f4xx_hal_i2c.o
HAL_I2C_Master_Receive                            build/stm32f4xx_hal_i2c.o
HAL_I2C_Master_Receive_DMA                        build/stm32f4xx_hal_i2c.o
HAL_I2C_Master_Receive_IT                         build/stm32f4xx_hal_i2c.o
HAL_I2C_Master_Seq_Receive_DMA                    build/stm32f4xx_hal_i2c.o
HAL_I2C_Master_Seq_Receive_IT                     build/stm32f4xx_hal_i2c.o
HAL_I2C_Master_Seq_Transmit_DMA                   build/stm32f4xx_hal_i2c.o
HAL_I2C_Master_Seq_Transmit_IT                    build/stm32f4xx_hal_i2c.o
HAL_I2C_Master_Transmit                           build/stm32f4xx_hal_i2c.o
HAL_I2C_Master_Transmit_DMA                       build/stm32f4xx_hal_i2c.o
HAL_I2C_Master_Transmit_IT                        build/stm32f4xx_hal_i2c.o
HAL_I2C_MemRxCpltCallback                         build/stm32f4xx_hal_i2c.o
HAL_I2C_MemTxCpltCallback                         build/stm32f4xx_hal_i2c.o
HAL_I2C_Mem_Read                                  build/stm32f4xx_hal_i2c.o
HAL_I2C_Mem_Read_DMA                              build/stm32f4xx_hal_i2c.o
HAL_I2C_Mem_Read_IT                               build/stm32f4xx_hal_i2c.o
HAL_I2C_Mem_Write                                 build/stm32f4xx_hal_i2c.o
HAL_I2C_Mem_Write_DMA                             build/stm32f4xx_hal_i2c.o
HAL_I2C_Mem_Write_IT                              build/stm32f4xx_hal_i2c.o
HAL_I2C_MspDeInit                                 build/stm32f4xx_hal_i2c.o
HAL_I2C_MspInit                                   build/stm32f4xx_hal_i2c.o
HAL_I2C_SlaveRxCpltCallback                       build/stm32f4xx_hal_i2c.o
HAL_I2C_SlaveTxCpltCallback                       build/stm32f4xx_hal_i2c.o
HAL_I2C_Slave_Receive                             build/stm32f4xx_hal_i2c.o
HAL_I2C_Slave_Receive_DMA                         build/stm32f4xx_hal_i2c.o
HAL_I2C_Slave_Receive_IT                          build/stm32f4xx_hal_i2c.o
HAL_I2C_Slave_Seq_Receive_DMA                     build/stm32f4xx_hal_i2c.o
HAL_I2C_Slave_Seq_Receive_IT                      build/stm32f4xx_hal_i2c.o
HAL_I2C_Slave_Seq_Transmit_DMA                    build/stm32f4xx_hal_i2c.o
HAL_I2C_Slave_Seq_Transmit_IT                     build/stm32f4xx_hal_i2c.o
HAL_I2C_Slave_Transmit                            build/stm32f4xx_hal_i2c.o
HAL_I2C_Slave_Transmit_DMA                        build/stm32f4xx_hal_i2c.o
HAL_I2C_Slave_Transmit_IT                         build/stm32f4xx_hal_i2c.o
HAL_IncTick                                       build/stm32f4xx_hal.o
                                                  build/main.o
HAL_Init                                          build/stm32f4xx_hal.o
                                                  build/main.o
HAL_InitTick                                      build/stm32f4xx_hal_timebase_tim.o
                                                  build/stm32f4xx_hal_rcc_ex.o
                                                  build/stm32f4xx_hal_rcc.o
HAL_LIN_Init                                      build/stm32f4xx_hal_uart.o
HAL_LIN_SendBreak                                 build/stm32f4xx_hal_uart.o
HAL_MPU_ConfigRegion                              build/stm32f4xx_hal_cortex.o
HAL_MPU_Disable                                   build/stm32f4xx_hal_cortex.o
HAL_MPU_Enable                                    build/stm32f4xx_hal_cortex.o
HAL_MspDeInit                                     build/stm32f4xx_hal.o
HAL_MspInit                                       build/stm32f4xx_hal_msp.o
HAL_MultiProcessor_EnterMuteMode                  build/stm32f4xx_hal_uart.o
HAL_MultiProcessor_ExitMuteMode                   build/stm32f4xx_hal_uart.o
HAL_MultiProcessor_Init                           build/stm32f4xx_hal_uart.o
HAL_NVIC_ClearPendingIRQ                          build/stm32f4xx_hal_cortex.o
HAL_NVIC_DisableIRQ                               build/stm32f4xx_hal_cortex.o
HAL_NVIC_EnableIRQ                                build/stm32f4xx_hal_cortex.o
                                                  build/stm32f4xx_hal_timebase_tim.o
HAL_NVIC_GetActive                                build/stm32f4xx_hal_cortex.o
HAL_NVIC_GetPendingIRQ                            build/stm32f4xx_hal_cortex.o
HAL_NVIC_GetPriority                              build/stm32f4xx_hal_cortex.o
HAL_NVIC_GetPriorityGrouping                      build/stm32f4xx_hal_cortex.o
HAL_NVIC_SetPendingIRQ                            build/stm32f4xx_hal_cortex.o
HAL_NVIC_SetPriority                              build/stm32f4xx_hal_cortex.o
                                                  build/stm32f4xx_hal.o
                                                  build/stm32f4xx_hal_timebase_tim.o
                                                  build/stm32f4xx_hal_msp.o
HAL_NVIC_SetPriorityGrouping                      build/stm32f4xx_hal_cortex.o
                                                  build/stm32f4xx_hal.o
HAL_NVIC_SystemReset                              build/stm32f4xx_hal_cortex.o
HAL_PWREx_ControlVoltageScaling                   build/stm32f4xx_hal_pwr_ex.o
HAL_PWREx_DisableBkUpReg                          build/stm32f4xx_hal_pwr_ex.o
HAL_PWREx_DisableFlashPowerDown                   build/stm32f4xx_hal_pwr_ex.o
HAL_PWREx_DisableOverDrive                        build/stm32f4xx_hal_pwr_ex.o
HAL_PWREx_EnableBkUpReg                           build/stm32f4xx_hal_pwr_ex.o
HAL_PWREx_EnableFlashPowerDown                    build/stm32f4xx_hal_pwr_ex.o
HAL_PWREx_EnableOverDrive                         build/stm32f4xx_hal_pwr_ex.o
HAL_PWREx_EnterUnderDriveSTOPMode                 build/stm32f4xx_hal_pwr_ex.o
HAL_PWREx_GetVoltageRange                         build/stm32f4xx_hal_pwr_ex.o
HAL_PWR_ConfigPVD                                 build/stm32f4xx_hal_pwr.o
HAL_PWR_DeInit                                    build/stm32f4xx_hal_pwr.o
HAL_PWR_DisableBkUpAccess                         build/stm32f4xx_hal_pwr.o
HAL_PWR_DisablePVD                                build/stm32f4xx_hal_pwr.o
HAL_PWR_DisableSEVOnPend                          build/stm32f4xx_hal_pwr.o
HAL_PWR_DisableSleepOnExit                        build/stm32f4xx_hal_pwr.o
HAL_PWR_DisableWakeUpPin                          build/stm32f4xx_hal_pwr.o
HAL_PWR_EnableBkUpAccess                          build/stm32f4xx_hal_pwr.o
HAL_PWR_EnablePVD                                 build/stm32f4xx_hal_pwr.o
HAL_PWR_EnableSEVOnPend                           build/stm32f4xx_hal_pwr.o
HAL_PWR_EnableSleepOnExit                         build/stm32f4xx_hal_pwr.o
HAL_PWR_EnableWakeUpPin                           build/stm32f4xx_hal_pwr.o
HAL_PWR_EnterSLEEPMode                            build/stm32f4xx_hal_pwr.o
HAL_PWR_EnterSTANDBYMode                          build/stm32f4xx_hal_pwr.o
HAL_PWR_EnterSTOPMode                             build/stm32f4xx_hal_pwr.o
HAL_PWR_PVDCallback                               build/stm32f4xx_hal_pwr.o
HAL_PWR_PVD_IRQHandler                            build/stm32f4xx_hal_pwr.o
HAL_RCCEx_DisablePLLI2S                           build/stm32f4xx_hal_rcc_ex.o
HAL_RCCEx_DisablePLLSAI                           build/stm32f4xx_hal_rcc_ex.o
HAL_RCCEx_EnablePLLI2S                            build/stm32f4xx_hal_rcc_ex.o
HAL_RCCEx_EnablePLLSAI                            build/stm32f4xx_hal_rcc_ex.o
HAL_RCCEx_GetPeriphCLKConfig                      build/stm32f4xx_hal_rcc_ex.o
HAL_RCCEx_GetPeriphCLKFreq                        build/stm32f4xx_hal_rcc_ex.o
HAL_RCCEx_PeriphCLKConfig                         build/stm32f4xx_hal_rcc_ex.o
HAL_RCCEx_SelectLSEMode                           build/stm32f4xx_hal_rcc_ex.o
HAL_RCC_CSSCallback                               build/stm32f4xx_hal_rcc.o
HAL_RCC_ClockConfig                               build/stm32f4xx_hal_rcc.o
                                                  build/main.o
HAL_RCC_DeInit                                    build/stm32f4xx_hal_rcc_ex.o
                                                  build/stm32f4xx_hal_rcc.o
HAL_RCC_DisableCSS                                build/stm32f4xx_hal_rcc.o
HAL_RCC_EnableCSS                                 build/stm32f4xx_hal_rcc.o
HAL_RCC_GetClockConfig                            build/stm32f4xx_hal_rcc.o
                                                  build/stm32f4xx_hal_timebase_tim.o
HAL_RCC_GetHCLKFreq                               build/stm32f4xx_hal_rcc.o
HAL_RCC_GetOscConfig                              build/stm32f4xx_hal_rcc_ex.o
                                                  build/stm32f4xx_hal_rcc.o
HAL_RCC_GetPCLK1Freq                              build/stm32f4xx_hal_rcc.o
                                                  build/stm32f4xx_hal_i2c.o
                                                  build/stm32f4xx_hal_uart.o
HAL_RCC_GetPCLK2Freq                              build/stm32f4xx_hal_rcc.o
                                                  build/stm32f4xx_hal_uart.o
                                                  build/stm32f4xx_hal_timebase_tim.o
HAL_RCC_GetSysClockFreq                           build/stm32f4xx_hal_rcc_ex.o
                                                  build/stm32f4xx_hal_rcc.o
HAL_RCC_MCOConfig                                 build/stm32f4xx_hal_rcc.o
HAL_RCC_NMI_IRQHandler                            build/stm32f4xx_hal_rcc.o
HAL_RCC_OscConfig                                 build/stm32f4xx_hal_rcc_ex.o
                                                  build/stm32f4xx_hal_rcc.o
                                                  build/main.o
HAL_ResumeTick                                    build/stm32f4xx_hal_timebase_tim.o
HAL_SYSTICK_CLKSourceConfig                       build/stm32f4xx_hal_cortex.o
HAL_SYSTICK_Callback                              build/stm32f4xx_hal_cortex.o
HAL_SYSTICK_Config                                build/stm32f4xx_hal_cortex.o
                                                  build/stm32f4xx_hal.o
HAL_SYSTICK_IRQHandler                            build/stm32f4xx_hal_cortex.o
HAL_SetTickFreq                                   build/stm32f4xx_hal.o
HAL_SuspendTick                                   build/stm32f4xx_hal_timebase_tim.o
HAL_TIMEx_BreakCallback                           build/stm32f4xx_hal_tim_ex.o
                                                  build/stm32f4xx_hal_tim.o
HAL_TIMEx_CommutCallback                          build/stm32f4xx_hal_tim_ex.o
                                                  build/stm32f4xx_hal_tim.o
HAL_TIMEx_CommutHalfCpltCallback                  build/stm32f4xx_hal_tim_ex.o
HAL_TIMEx_ConfigBreakDeadTime                     build/stm32f4xx_hal_tim_ex.o
HAL_TIMEx_ConfigCommutEvent                       build/stm32f4xx_hal_tim_ex.o
HAL_TIMEx_ConfigCommutEvent_DMA                   build/stm32f4xx_hal_tim_ex.o
HAL_TIMEx_ConfigCommutEvent_IT                    build/stm32f4xx_hal_tim_ex.o
HAL_TIMEx_GetChannelNState                        build/stm32f4xx_hal_tim_ex.o
HAL_TIMEx_HallSensor_DeInit                       build/stm32f4xx_hal_tim_ex.o
HAL_TIMEx_HallSensor_GetState                     build/stm32f4xx_hal_tim_ex.o
HAL_TIMEx_HallSensor_Init                         build/stm32f4xx_hal_tim_ex.o
HAL_TIMEx_HallSensor_MspDeInit                    build/stm32f4xx_hal_tim_ex.o
HAL_TIMEx_HallSensor_MspInit                      build/stm32f4xx_hal_tim_ex.o
HAL_TIMEx_HallSensor_Start                        build/stm32f4xx_hal_tim_ex.o
HAL_TIMEx_HallSensor_Start_DMA                    build/stm32f4xx_hal_tim_ex.o
HAL_TIMEx_HallSensor_Start_IT                     build/stm32f4xx_hal_tim_ex.o
HAL_TIMEx_HallSensor_Stop                         build/stm32f4xx_hal_tim_ex.o
HAL_TIMEx_HallSensor_Stop_DMA                     build/stm32f4xx_hal_tim_ex.o
HAL_TIMEx_HallSensor_Stop_IT                      build/stm32f4xx_hal_tim_ex.o
HAL_TIMEx_MasterConfigSynchronization             build/stm32f4xx_hal_tim_ex.o
HAL_TIMEx_OCN_Start                               build/stm32f4xx_hal_tim_ex.o
HAL_TIMEx_OCN_Start_DMA                           build/stm32f4xx_hal_tim_ex.o
HAL_TIMEx_OCN_Start_IT                            build/stm32f4xx_hal_tim_ex.o
HAL_TIMEx_OCN_Stop                                build/stm32f4xx_hal_tim_ex.o
HAL_TIMEx_OCN_Stop_DMA                            build/stm32f4xx_hal_tim_ex.o
HAL_TIMEx_OCN_Stop_IT                             build/stm32f4xx_hal_tim_ex.o
HAL_TIMEx_OnePulseN_Start                         build/stm32f4xx_hal_tim_ex.o
HAL_TIMEx_OnePulseN_Start_IT                      build/stm32f4xx_hal_tim_ex.o
HAL_TIMEx_OnePulseN_Stop                          build/stm32f4xx_hal_tim_ex.o
HAL_TIMEx_OnePulseN_Stop_IT                       build/stm32f4xx_hal_tim_ex.o
HAL_TIMEx_PWMN_Start                              build/stm32f4xx_hal_tim_ex.o
HAL_TIMEx_PWMN_Start_DMA                          build/stm32f4xx_hal_tim_ex.o
HAL_TIMEx_PWMN_Start_IT                           build/stm32f4xx_hal_tim_ex.o
HAL_TIMEx_PWMN_Stop                               build/stm32f4xx_hal_tim_ex.o
HAL_TIMEx_PWMN_Stop_DMA                           build/stm32f4xx_hal_tim_ex.o
HAL_TIMEx_PWMN_Stop_IT                            build/stm32f4xx_hal_tim_ex.o
HAL_TIMEx_RemapConfig                             build/stm32f4xx_hal_tim_ex.o
HAL_TIM_Base_DeInit                               build/stm32f4xx_hal_tim.o
HAL_TIM_Base_GetState                             build/stm32f4xx_hal_tim.o
HAL_TIM_Base_Init                                 build/stm32f4xx_hal_tim.o
                                                  build/stm32f4xx_hal_timebase_tim.o
HAL_TIM_Base_MspDeInit                            build/stm32f4xx_hal_tim.o
HAL_TIM_Base_MspInit                              build/stm32f4xx_hal_tim.o
HAL_TIM_Base_Start                                build/stm32f4xx_hal_tim.o
HAL_TIM_Base_Start_DMA                            build/stm32f4xx_hal_tim.o
HAL_TIM_Base_Start_IT                             build/stm32f4xx_hal_tim.o
                                                  build/stm32f4xx_hal_timebase_tim.o
HAL_TIM_Base_Stop                                 build/stm32f4xx_hal_tim.o
HAL_TIM_Base_Stop_DMA                             build/stm32f4xx_hal_tim.o
HAL_TIM_Base_Stop_IT                              build/stm32f4xx_hal_tim.o
HAL_TIM_ConfigClockSource                         build/stm32f4xx_hal_tim.o
HAL_TIM_ConfigOCrefClear                          build/stm32f4xx_hal_tim.o
HAL_TIM_ConfigTI1Input                            build/stm32f4xx_hal_tim.o
HAL_TIM_DMABurstState                             build/stm32f4xx_hal_tim.o
HAL_TIM_DMABurst_MultiReadStart                   build/stm32f4xx_hal_tim.o
HAL_TIM_DMABurst_MultiWriteStart                  build/stm32f4xx_hal_tim.o
HAL_TIM_DMABurst_ReadStart                        build/stm32f4xx_hal_tim.o
HAL_TIM_DMABurst_ReadStop                         build/stm32f4xx_hal_tim.o
HAL_TIM_DMABurst_WriteStart                       build/stm32f4xx_hal_tim.o
HAL_TIM_DMABurst_WriteStop                        build/stm32f4xx_hal_tim.o
HAL_TIM_Encoder_DeInit                            build/stm32f4xx_hal_tim.o
HAL_TIM_Encoder_GetState                          build/stm32f4xx_hal_tim.o
HAL_TIM_Encoder_Init                              build/stm32f4xx_hal_tim.o
HAL_TIM_Encoder_MspDeInit                         build/stm32f4xx_hal_tim.o
HAL_TIM_Encoder_MspInit                           build/stm32f4xx_hal_tim.o
HAL_TIM_Encoder_Start                             build/stm32f4xx_hal_tim.o
HAL_TIM_Encoder_Start_DMA                         build/stm32f4xx_hal_tim.o
HAL_TIM_Encoder_Start_IT                          build/stm32f4xx_hal_tim.o
HAL_TIM_Encoder_Stop                              build/stm32f4xx_hal_tim.o
HAL_TIM_Encoder_Stop_DMA                          build/stm32f4xx_hal_tim.o
HAL_TIM_Encoder_Stop_IT                           build/stm32f4xx_hal_tim.o
HAL_TIM_ErrorCallback                             build/stm32f4xx_hal_tim.o
                                                  build/stm32f4xx_hal_tim_ex.o
HAL_TIM_GenerateEvent                             build/stm32f4xx_hal_tim.o
HAL_TIM_GetActiveChannel                          build/stm32f4xx_hal_tim.o
HAL_TIM_GetChannelState                           build/stm32f4xx_hal_tim.o
HAL_TIM_IC_CaptureCallback                        build/stm32f4xx_hal_tim.o
HAL_TIM_IC_CaptureHalfCpltCallback                build/stm32f4xx_hal_tim.o
HAL_TIM_IC_ConfigChannel                          build/stm32f4xx_hal_tim.o
HAL_TIM_IC_DeInit                                 build/stm32f4xx_hal_tim.o
HAL_TIM_IC_GetState                               build/stm32f4xx_hal_tim.o
HAL_TIM_IC_Init                                   build/stm32f4xx_hal_tim.o
HAL_TIM_IC_MspDeInit                              build/stm32f4xx_hal_tim.o
HAL_TIM_IC_MspInit                                build/stm32f4xx_hal_tim.o
HAL_TIM_IC_Start                                  build/stm32f4xx_hal_tim.o
HAL_TIM_IC_Start_DMA                              build/stm32f4xx_hal_tim.o
HAL_TIM_IC_Start_IT                               build/stm32f4xx_hal_tim.o
HAL_TIM_IC_Stop                                   build/stm32f4xx_hal_tim.o
HAL_TIM_IC_Stop_DMA                               build/stm32f4xx_hal_tim.o
HAL_TIM_IC_Stop_IT                                build/stm32f4xx_hal_tim.o
HAL_TIM_IRQHandler                                build/stm32f4xx_hal_tim.o
                                                  build/stm32f4xx_it.o
HAL_TIM_OC_ConfigChannel                          build/stm32f4xx_hal_tim.o
HAL_TIM_OC_DeInit                                 build/stm32f4xx_hal_tim.o
HAL_TIM_OC_DelayElapsedCallback                   build/stm32f4xx_hal_tim.o
HAL_TIM_OC_GetState                               build/stm32f4xx_hal_tim.o
HAL_TIM_OC_Init                                   build/stm32f4xx_hal_tim.o
HAL_TIM_OC_MspDeInit                              build/stm32f4xx_hal_tim.o
HAL_TIM_OC_MspInit                                build/stm32f4xx_hal_tim.o
HAL_TIM_OC_Start                                  build/stm32f4xx_hal_tim.o
HAL_TIM_OC_Start_DMA                              build/stm32f4xx_hal_tim.o
HAL_TIM_OC_Start_IT                               build/stm32f4xx_hal_tim.o
HAL_TIM_OC_Stop                                   build/stm32f4xx_hal_tim.o
HAL_TIM_OC_Stop_DMA                               build/stm32f4xx_hal_tim.o
HAL_TIM_OC_Stop_IT                                build/stm32f4xx_hal_tim.o
HAL_TIM_OnePulse_ConfigChannel                    build/stm32f4xx_hal_tim.o
HAL_TIM_OnePulse_DeInit                           build/stm32f4xx_hal_tim.o
HAL_TIM_OnePulse_GetState                         build/stm32f4xx_hal_tim.o
HAL_TIM_OnePulse_Init                             build/stm32f4xx_hal_tim.o
HAL_TIM_OnePulse_MspDeInit                        build/stm32f4xx_hal_tim.o
HAL_TIM_OnePulse_MspInit                          build/stm32f4xx_hal_tim.o
HAL_TIM_OnePulse_Start                            build/stm32f4xx_hal_tim.o
HAL_TIM_OnePulse_Start_IT                         build/stm32f4xx_hal_tim.o
HAL_TIM_OnePulse_Stop                             build/stm32f4xx_hal_tim.o
HAL_TIM_OnePulse_Stop_IT                          build/stm32f4xx_hal_tim.o
HAL_TIM_PWM_ConfigChannel                         build/stm32f4xx_hal_tim.o
HAL_TIM_PWM_DeInit                                build/stm32f4xx_hal_tim.o
HAL_TIM_PWM_GetState                              build/stm32f4xx_hal_tim.o
HAL_TIM_PWM_Init                                  build/stm32f4xx_hal_tim.o
HAL_TIM_PWM_MspDeInit                             build/stm32f4xx_hal_tim.o
HAL_TIM_PWM_MspInit                               build/stm32f4xx_hal_tim.o
HAL_TIM_PWM_PulseFinishedCallback                 build/stm32f4xx_hal_tim.o
                                                  build/stm32f4xx_hal_tim_ex.o
HAL_TIM_PWM_PulseFinishedHalfCpltCallback         build/stm32f4xx_hal_tim.o
HAL_TIM_PWM_Start                                 build/stm32f4xx_hal_tim.o
HAL_TIM_PWM_Start_DMA                             build/stm32f4xx_hal_tim.o
HAL_TIM_PWM_Start_IT                              build/stm32f4xx_hal_tim.o
HAL_TIM_PWM_Stop                                  build/stm32f4xx_hal_tim.o
HAL_TIM_PWM_Stop_DMA                              build/stm32f4xx_hal_tim.o
HAL_TIM_PWM_Stop_IT                               build/stm32f4xx_hal_tim.o
HAL_TIM_PeriodElapsedCallback                     build/main.o
HAL_TIM_PeriodElapsedHalfCpltCallback             build/stm32f4xx_hal_tim.o
HAL_TIM_ReadCapturedValue                         build/stm32f4xx_hal_tim.o
HAL_TIM_SlaveConfigSynchro                        build/stm32f4xx_hal_tim.o
HAL_TIM_SlaveConfigSynchro_IT                     build/stm32f4xx_hal_tim.o
HAL_TIM_TriggerCallback                           build/stm32f4xx_hal_tim.o
HAL_TIM_TriggerHalfCpltCallback                   build/stm32f4xx_hal_tim.o
HAL_UARTEx_ReceiveToIdle                          build/stm32f4xx_hal_uart.o
HAL_UARTEx_ReceiveToIdle_DMA                      build/stm32f4xx_hal_uart.o
HAL_UARTEx_ReceiveToIdle_IT                       build/stm32f4xx_hal_uart.o
HAL_UARTEx_RxEventCallback                        build/stm32f4xx_hal_uart.o
HAL_UART_Abort                                    build/stm32f4xx_hal_uart.o
HAL_UART_AbortCpltCallback                        build/stm32f4xx_hal_uart.o
HAL_UART_AbortReceive                             build/stm32f4xx_hal_uart.o
HAL_UART_AbortReceiveCpltCallback                 build/stm32f4xx_hal_uart.o
HAL_UART_AbortReceive_IT                          build/stm32f4xx_hal_uart.o
HAL_UART_AbortTransmit                            build/stm32f4xx_hal_uart.o
HAL_UART_AbortTransmitCpltCallback                build/stm32f4xx_hal_uart.o
HAL_UART_AbortTransmit_IT                         build/stm32f4xx_hal_uart.o
HAL_UART_Abort_IT                                 build/stm32f4xx_hal_uart.o
HAL_UART_DMAPause                                 build/stm32f4xx_hal_uart.o
HAL_UART_DMAResume                                build/stm32f4xx_hal_uart.o
HAL_UART_DMAStop                                  build/stm32f4xx_hal_uart.o
HAL_UART_DeInit                                   build/stm32f4xx_hal_uart.o
HAL_UART_ErrorCallback                            build/stm32f4xx_hal_uart.o
HAL_UART_GetError                                 build/stm32f4xx_hal_uart.o
HAL_UART_GetState                                 build/stm32f4xx_hal_uart.o
HAL_UART_IRQHandler                               build/stm32f4xx_hal_uart.o
HAL_UART_Init                                     build/stm32f4xx_hal_uart.o
                                                  build/main.o
HAL_UART_MspDeInit                                build/stm32f4xx_hal_msp.o
HAL_UART_MspInit                                  build/stm32f4xx_hal_msp.o
HAL_UART_Receive                                  build/stm32f4xx_hal_uart.o
HAL_UART_Receive_DMA                              build/stm32f4xx_hal_uart.o
HAL_UART_Receive_IT                               build/stm32f4xx_hal_uart.o
HAL_UART_RxCpltCallback                           build/stm32f4xx_hal_uart.o
HAL_UART_RxHalfCpltCallback                       build/stm32f4xx_hal_uart.o
HAL_UART_Transmit                                 build/stm32f4xx_hal_uart.o
                                                  build/main.o
HAL_UART_Transmit_DMA                             build/stm32f4xx_hal_uart.o