Archive member included to satisfy reference by file (symbol)

/usr/lib/gcc/arm-none-eabi/6.3.1/../../../arm-none-eabi/lib/thumb/v7e-m/fpv4-sp/hard/libc_nano.a(lib_a-atexit.o)
                              /usr/lib/gcc/arm-none-eabi/6.3.1/../../../arm-none-eabi/lib/thumb/v7e-m/fpv4-sp/hard/crt0.o (atexit)
/usr/lib/gcc/arm-none-eabi/6.3.1/../../../arm-none-eabi/lib/thumb/v7e-m/fpv4-sp/hard/libc_nano.a(lib_a-exit.o)
                              /usr/lib/gcc/arm-none-eabi/6.3.1/../../../arm-none-eabi/lib/thumb/v7e-m/fpv4-sp/hard/crt0.o (exit)
/usr/lib/gcc/arm-none-eabi/6.3.1/../../../arm-none-eabi/lib/thumb/v7e-m/fpv4-sp/hard/libc_nano.a(lib_a-fini.o)
                              /usr/lib/gcc/arm-none-eabi/6.3.1/../../../arm-none-eabi/lib/thumb/v7e-m/fpv4-sp/hard/crt0.o (__libc_fini_array)
/usr/lib/gcc/arm-none-eabi/6.3.1/../../../arm-none-eabi/lib/thumb/v7e-m/fpv4-sp/hard/libc_nano.a(lib_a-impure.o)
                              /usr/lib/gcc/arm-none-eabi/6.3.1/../../../arm-none-eabi/lib/thumb/v7e-m/fpv4-sp/hard/libc_nano.a(lib_a-exit.o) (_global_impure_ptr)
/usr/lib/gcc/arm-none-eabi/6.3.1/../../../arm-none-eabi/lib/thumb/v7e-m/fpv4-sp/hard/libc_nano.a(lib_a-init.o)
                              /usr/lib/gcc/arm-none-eabi/6.3.1/../../../arm-none-eabi/lib/thumb/v7e-m/fpv4-sp/hard/crt0.o (__libc_init_array)
/usr/lib/gcc/arm-none-eabi/6.3.1/../../../arm-none-eabi/lib/thumb/v7e-m/fpv4-sp/hard/libc_nano.a(lib_a-memcpy.o)
                              build/queue.o (memcpy)
/usr/lib/gcc/arm-none-eabi/6.3.1/../../../arm-none-eabi/lib/thumb/v7e-m/fpv4-sp/hard/libc_nano.a(lib_a-memset.o)
                              /usr/lib/gcc/arm-none-eabi/6.3.1/../../../arm-none-eabi/lib/thumb/v7e-m/fpv4-sp/hard/crt0.o (memset)
/usr/lib/gcc/arm-none-eabi/6.3.1/../../../arm-none-eabi/lib/thumb/v7e-m/fpv4-sp/hard/libc_nano.a(lib_a-__atexit.o)
                              /usr/lib/gcc/arm-none-eabi/6.3.1/../../../arm-none-eabi/lib/thumb/v7e-m/fpv4-sp/hard/libc_nano.a(lib_a-atexit.o) (__register_exitproc)
/usr/lib/gcc/arm-none-eabi/6.3.1/../../../arm-none-eabi/lib/thumb/v7e-m/fpv4-sp/hard/libc_nano.a(lib_a-__call_atexit.o)
                              /usr/lib/gcc/arm-none-eabi/6.3.1/../../../arm-none-eabi/lib/thumb/v7e-m/fpv4-sp/hard/libc_nano.a(lib_a-__atexit.o) (__call_exitprocs)
/usr/lib/gcc/arm-none-eabi/6.3.1/../../../arm-none-eabi/lib/thumb/v7e-m/fpv4-sp/hard/libnosys.a(_exit.o)
                              /usr/lib/gcc/arm-none-eabi/6.3.1/../../../arm-none-eabi/lib/thumb/v7e-m/fpv4-sp/hard/libc_nano.a(lib_a-exit.o) (_exit)
/usr/lib/gcc/arm-none-eabi/6.3.1/thumb/v7e-m/fpv4-sp/hard/libgcc.a(_aeabi_uldivmod.o)
                              build/stm32f4xx_hal_rcc.o (__aeabi_uldivmod)
/usr/lib/gcc/arm-none-eabi/6.3.1/thumb/v7e-m/fpv4-sp/hard/libgcc.a(_udivmoddi4.o)
                              /usr/lib/gcc/arm-none-eabi/6.3.1/thumb/v7e-m/fpv4-sp/hard/libgcc.a(_aeabi_uldivmod.o) (__udivmoddi4)
/usr/lib/gcc/arm-none-eabi/6.3.1/thumb/v7e-m/fpv4-sp/hard/libgcc.a(_dvmd_tls.o)
                              /usr/lib/gcc/arm-none-eabi/6.3.1/thumb/v7e-m/fpv4-sp/hard/libgcc.a(_aeabi_uldivmod.o) (__aeabi_ldiv0)

Allocating common symbols
Common symbol       size              file

defaultTaskHandle   0x4               build/main.o
hi2c1               0x54              build/main.o
uwTick              0x4               build/stm32f4xx_hal.o
xQueueRegistry      0x40              build/queue.o
pFlash              0x20              build/stm32f4xx_hal_flash.o
huart1              0x44              build/main.o
huart1TaskHandle    0x4               build/main.o
huart2              0x44              build/main.o
huart2TaskHandle    0x4               build/main.o

Discarded input sections

 .text          0x0000000000000000        0x0 /usr/lib/gcc/arm-none-eabi/6.3.1/thumb/v7e-m/fpv4-sp/hard/crti.o
 .data          0x0000000000000000        0x0 /usr/lib/gcc/arm-none-eabi/6.3.1/thumb/v7e-m/fpv4-sp/hard/crti.o
 .bss           0x0000000000000000        0x0 /usr/lib/gcc/arm-none-eabi/6.3.1/thumb/v7e-m/fpv4-sp/hard/crti.o
 .data          0x0000000000000000        0x4 /usr/lib/gcc/arm-none-eabi/6.3.1/thumb/v7e-m/fpv4-sp/hard/crtbegin.o
 .text          0x0000000000000000       0x68 /usr/lib/gcc/arm-none-eabi/6.3.1/../../../arm-none-eabi/lib/thumb/v7e-m/fpv4-sp/hard/crt0.o
 .data          0x0000000000000000        0x0 /usr/lib/gcc/arm-none-eabi/6.3.1/../../../arm-none-eabi/lib/thumb/v7e-m/fpv4-sp/hard/crt0.o
 .bss           0x0000000000000000        0x0 /usr/lib/gcc/arm-none-eabi/6.3.1/../../../arm-none-eabi/lib/thumb/v7e-m/fpv4-sp/hard/crt0.o
 .ARM.extab     0x0000000000000000        0x0 /usr/lib/gcc/arm-none-eabi/6.3.1/../../../arm-none-eabi/lib/thumb/v7e-m/fpv4-sp/hard/crt0.o
 .ARM.exidx     0x0000000000000000        0x8 /usr/lib/gcc/arm-none-eabi/6.3.1/../../../arm-none-eabi/lib/thumb/v7e-m/fpv4-sp/hard/crt0.o
 .debug_line    0x0000000000000000       0x84 /usr/lib/gcc/arm-none-eabi/6.3.1/../../../arm-none-eabi/lib/thumb/v7e-m/fpv4-sp/hard/crt0.o
[...]
Memory Configuration

Name             Origin             Length             Attributes
RAM              0x0000000020000000 0x0000000000020000 xrw
FLASH            0x0000000008000000 0x0000000000080000 xr
*default*        0x0000000000000000 0xffffffffffffffff

Linker script and memory map

LOAD /usr/lib/gcc/arm-none-eabi/6.3.1/thumb/v7e-m/fpv4-sp/hard/crti.o
LOAD /usr/lib/gcc/arm-none-eabi/6.3.1/thumb/v7e-m/fpv4-sp/hard/crtbegin.o
LOAD /usr/lib/gcc/arm-none-eabi/6.3.1/../../../arm-none-eabi/lib/thumb/v7e-m/fpv4-sp/hard/crt0.o
LOAD build/main.o
LOAD build/freertos.o
LOAD build/stm32f4xx_it.o
LOAD build/stm32f4xx_hal_msp.o
LOAD build/stm32f4xx_hal_rcc.o
LOAD build/stm32f4xx_hal_rcc_ex.o
LOAD build/stm32f4xx_hal_flash.o
LOAD build/stm32f4xx_hal_flash_ex.o
LOAD build/stm32f4xx_hal_flash_ramfunc.o
LOAD build/stm32f4xx_hal_gpio.o
LOAD build/stm32f4xx_hal_dma_ex.o
LOAD build/stm32f4xx_hal_dma.o
LOAD build/stm32f4xx_hal_pwr.o
LOAD build/stm32f4xx_hal_pwr_ex.o
LOAD build/stm32f4xx_hal_cortex.o
LOAD build/stm32f4xx_hal.o
LOAD build/stm32f4xx_hal_exti.o
LOAD build/stm32f4xx_hal_i2c.o
LOAD build/stm32f4xx_hal_i2c_ex.o
LOAD build/stm32f4xx_hal_tim.o
LOAD build/stm32f4xx_hal_tim_ex.o
LOAD build/stm32f4xx_hal_uart.o
LOAD build/system_stm32f4xx.o
LOAD build/croutine.o
LOAD build/event_groups.o
LOAD build/list.o
LOAD build/queue.o
LOAD build/stream_buffer.o
LOAD build/tasks.o
LOAD build/timers.o
LOAD build/cmsis_os.o
LOAD build/heap_4.o
LOAD build/port.o
LOAD build/startup_stm32f446xx.o
LOAD /usr/lib/gcc/arm-none-eabi/6.3.1/../../../arm-none-eabi/lib/thumb/v7e-m/fpv4-sp/hard/libc_nano.a
LOAD /usr/lib/gcc/arm-none-eabi/6.3.1/../../../arm-none-eabi/lib/thumb/v7e-m/fpv4-sp/hard/libm.a
LOAD /usr/lib/gcc/arm-none-eabi/6.3.1/../../../arm-none-eabi/lib/thumb/v7e-m/fpv4-sp/hard/libnosys.a
START GROUP
LOAD /usr/lib/gcc/arm-none-eabi/6.3.1/thumb/v7e-m/fpv4-sp/hard/libgcc.a
LOAD /usr/lib/gcc/arm-none-eabi/6.3.1/../../../arm-none-eabi/lib/thumb/v7e-m/fpv4-sp/hard/libc_nano.a
END GROUP
START GROUP
LOAD /usr/lib/gcc/arm-none-eabi/6.3.1/thumb/v7e-m/fpv4-sp/hard/libgcc.a
LOAD /usr/lib/gcc/arm-none-eabi/6.3.1/../../../arm-none-eabi/lib/thumb/v7e-m/fpv4-sp/hard/libc_nano.a
END GROUP
LOAD /usr/lib/gcc/arm-none-eabi/6.3.1/thumb/v7e-m/fpv4-sp/hard/crtend.o
LOAD /usr/lib/gcc/arm-none-eabi/6.3.1/thumb/v7e-m/fpv4-sp/hard/crtn.o
                0x0000000020020000                _estack = 0x20020000
                0x0000000000000200                _Min_Heap_Size = 0x200
                0x0000000000000400                _Min_Stack_Size = 0x400

.isr_vector     0x0000000008000000      0x1c4
                0x0000000008000000                . = ALIGN (0x4)
 *(.isr_vector)
 .isr_vector    0x0000000008000000      0x1c4 build/startup_stm32f446xx.o
                0x0000000008000000                g_pfnVectors
                0x00000000080001c4                . = ALIGN (0x4)

.text           0x00000000080001d0     0x2764
                0x00000000080001d0                . = ALIGN (0x4)
 *(.text)
 .text          0x00000000080001d0       0xa4 /usr/lib/gcc/arm-none-eabi/6.3.1/thumb/v7e-m/fpv4-sp/hard/crtbegin.o
 .text          0x0000000008000274       0x50 /usr/lib/gcc/arm-none-eabi/6.3.1/../../../arm-none-eabi/lib/thumb/v7e-m/fpv4-sp/hard/libc_nano.a(lib_a-init.o)
                0x0000000008000274                __libc_init_array
 .text          0x00000000080002c4       0x9c /usr/lib/gcc/arm-none-eabi/6.3.1/../../../arm-none-eabi/lib/thumb/v7e-m/fpv4-sp/hard/libc_nano.a(lib_a-memset.o)
                0x00000000080002c4                memset
 .text          0x0000000008000360       0x30 /usr/lib/gcc/arm-none-eabi/6.3.1/thumb/v7e-m/fpv4-sp/hard/libgcc.a(_aeabi_uldivmod.o)
                0x0000000008000360                __aeabi_uldivmod
 .text          0x0000000008000390      0x2dc /usr/lib/gcc/arm-none-eabi/6.3.1/thumb/v7e-m/fpv4-sp/hard/libgcc.a(_udivmoddi4.o)
                0x0000000008000390                __udivmoddi4
 .text          0x000000000800066c        0x4 /usr/lib/gcc/arm-none-eabi/6.3.1/thumb/v7e-m/fpv4-sp/hard/libgcc.a(_dvmd_tls.o)
                0x000000000800066c                __aeabi_ldiv0
                0x000000000800066c                __aeabi_idiv0
 *(.text*)
 .text.MX_GPIO_Init
                0x0000000008000670       0x68 build/main.o
 .text.StartDefaultTask
                0x00000000080006d8       0x30 build/main.o
                0x00000000080006d8                StartDefaultTask
 .text.StartHuart1RxTask
                0x0000000008000708       0x3c build/main.o
                0x0000000008000708                StartHuart1RxTask
 .text.StartHuart2RxTask
                0x0000000008000744       0x3c build/main.o
                0x0000000008000744                StartHuart2RxTask
 .text.Error_Handler
                0x0000000008000780        0x4 build/main.o
                0x0000000008000780                Error_Handler
 .text.MX_I2C1_Init
                0x0000000008000784       0x38 build/main.o
 .text.MX_USART1_UART_Init
                0x00000000080007bc       0x34 build/main.o
 .text.MX_USART2_UART_Init
                0x00000000080007f0       0x34 build/main.o
 .text.SystemClock_Config
                0x0000000008000824       0x8c build/main.o
                0x0000000008000824                SystemClock_Config
 .text.main     0x00000000080008b0       0x8c build/main.o
                0x00000000080008b0                main
 .text.vApplicationGetIdleTaskMemory
                0x000000000800093c       0x18 build/freertos.o
                0x000000000800093c                vApplicationGetIdleTaskMemory
 .text.NMI_Handler
                0x0000000008000954        0x2 build/stm32f4xx_it.o
                0x0000000008000954                NMI_Handler
 .text.HardFault_Handler
                0x0000000008000956        0x2 build/stm32f4xx_it.o
                0x0000000008000956                HardFault_Handler
 .text.MemManage_Handler
                0x0000000008000958        0x2 build/stm32f4xx_it.o
                0x0000000008000958                MemManage_Handler
 .text.BusFault_Handler
                0x000000000800095a        0x2 build/stm32f4xx_it.o
                0x000000000800095a                BusFault_Handler
 .text.UsageFault_Handler
                0x000000000800095c        0x2 build/stm32f4xx_it.o
                0x000000000800095c                UsageFault_Handler
 .text.DebugMon_Handler
                0x000000000800095e        0x2 build/stm32f4xx_it.o
                0x000000000800095e                DebugMon_Handler
 .text.SysTick_Handler
                0x0000000008000960       0x14 build/stm32f4xx_it.o
                0x0000000008000960                SysTick_Handler
 .text.HAL_MspInit
                0x0000000008000974       0x44 build/stm32f4xx_hal_msp.o
                0x0000000008000974                HAL_MspInit
 .text.HAL_I2C_MspInit
                0x00000000080009b8       0x74 build/stm32f4xx_hal_msp.o
                0x00000000080009b8                HAL_I2C_MspInit
 .text.HAL_UART_MspInit
                0x0000000008000a2c       0xc4 build/stm32f4xx_hal_msp.o
                0x0000000008000a2c                HAL_UART_MspInit
 .text.HAL_RCC_ClockConfig
                0x0000000008000af0      0x160 build/stm32f4xx_hal_rcc.o
                0x0000000008000af0                HAL_RCC_ClockConfig
 .text.HAL_RCC_GetHCLKFreq
                0x0000000008000c50        0xc build/stm32f4xx_hal_rcc.o
                0x0000000008000c50                HAL_RCC_GetHCLKFreq
 .text.HAL_RCC_GetPCLK1Freq
                0x0000000008000c5c       0x20 build/stm32f4xx_hal_rcc.o
                0x0000000008000c5c                HAL_RCC_GetPCLK1Freq
 .text.HAL_RCC_GetPCLK2Freq
                0x0000000008000c7c       0x20 build/stm32f4xx_hal_rcc.o
                0x0000000008000c7c                HAL_RCC_GetPCLK2Freq
 .text.HAL_RCC_GetSysClockFreq
                0x0000000008000c9c      0x120 build/stm32f4xx_hal_rcc_ex.o
                0x0000000008000c9c                HAL_RCC_GetSysClockFreq
 .text.HAL_RCC_OscConfig
                0x0000000008000dbc      0x43c build/stm32f4xx_hal_rcc_ex.o
                0x0000000008000dbc                HAL_RCC_OscConfig
 .text.HAL_GPIO_Init
                0x00000000080011f8      0x1d4 build/stm32f4xx_hal_gpio.o
                0x00000000080011f8                HAL_GPIO_Init
 .text.HAL_GPIO_WritePin
                0x00000000080013cc        0xc build/stm32f4xx_hal_gpio.o
                0x00000000080013cc                HAL_GPIO_WritePin
 .text.HAL_GPIO_TogglePin
                0x00000000080013d8       0x12 build/stm32f4xx_hal_gpio.o
                0x00000000080013d8                HAL_GPIO_TogglePin
 *fill*         0x00000000080013ea        0x2 
 .text.HAL_NVIC_SetPriorityGrouping
                0x00000000080013ec       0x24 build/stm32f4xx_hal_cortex.o
                0x00000000080013ec                HAL_NVIC_SetPriorityGrouping
 .text.HAL_NVIC_SetPriority
                0x0000000008001410       0x64 build/stm32f4xx_hal_cortex.o
                0x0000000008001410                HAL_NVIC_SetPriority
 .text.HAL_SYSTICK_Config
                0x0000000008001474       0x2c build/stm32f4xx_hal_cortex.o
                0x0000000008001474                HAL_SYSTICK_Config
 .text.HAL_InitTick
                0x00000000080014a0       0x4c build/stm32f4xx_hal.o
                0x00000000080014a0                HAL_InitTick
 .text.HAL_Init
                0x00000000080014ec       0x34 build/stm32f4xx_hal.o
                0x00000000080014ec                HAL_Init
 .text.HAL_IncTick
                0x0000000008001520       0x18 build/stm32f4xx_hal.o
                0x0000000008001520                HAL_IncTick
 .text.HAL_GetTick
                0x0000000008001538        0xc build/stm32f4xx_hal.o
                0x0000000008001538                HAL_GetTick
 .text.HAL_I2C_Init
                0x0000000008001544      0x1b4 build/stm32f4xx_hal_i2c.o
                0x0000000008001544                HAL_I2C_Init
 .text.UART_SetConfig
                0x00000000080016f8      0x110 build/stm32f4xx_hal_uart.o
 .text.UART_WaitOnFlagUntilTimeout
                0x0000000008001808       0x64 build/stm32f4xx_hal_uart.o
 .text.HAL_UART_Init
                0x000000000800186c       0x5e build/stm32f4xx_hal_uart.o
                0x000000000800186c                HAL_UART_Init
 .text.HAL_UART_Transmit
                0x00000000080018ca       0xdc build/stm32f4xx_hal_uart.o
                0x00000000080018ca                HAL_UART_Transmit
 .text.HAL_UART_Receive
                0x00000000080019a6       0xe6 build/stm32f4xx_hal_uart.o
                0x00000000080019a6                HAL_UART_Receive
 .text.SystemInit
                0x0000000008001a8c       0x14 build/system_stm32f4xx.o
                0x0000000008001a8c                SystemInit
 .text.vListInitialise
                0x0000000008001aa0       0x16 build/list.o
                0x0000000008001aa0                vListInitialise
 .text.vListInitialiseItem
                0x0000000008001ab6        0x6 build/list.o
                0x0000000008001ab6                vListInitialiseItem
 .text.vListInsertEnd
                0x0000000008001abc       0x18 build/list.o
                0x0000000008001abc                vListInsertEnd
 .text.vListInsert
                0x0000000008001ad4       0x34 build/list.o
                0x0000000008001ad4                vListInsert
 .text.uxListRemove
                0x0000000008001b08       0x28 build/list.o
                0x0000000008001b08                uxListRemove
 .text.prvResetNextTaskUnblockTime
                0x0000000008001b30       0x2c build/tasks.o
 .text.prvInitialiseNewTask
                0x0000000008001b5c       0x8c build/tasks.o
 .text.prvInitialiseTaskLists
                0x0000000008001be8       0x68 build/tasks.o
 .text.prvAddNewTaskToReadyList
                0x0000000008001c50       0xa8 build/tasks.o
 .text.prvDeleteTCB
                0x0000000008001cf8       0x3a build/tasks.o
 *fill*         0x0000000008001d32        0x2 
 .text.prvCheckTasksWaitingTermination
                0x0000000008001d34       0x4c build/tasks.o
 .text.prvIdleTask
                0x0000000008001d80       0x28 build/tasks.o
 .text.prvAddCurrentTaskToDelayedList
                0x0000000008001da8       0x98 build/tasks.o
 .text.xTaskCreateStatic
                0x0000000008001e40       0x74 build/tasks.o
                0x0000000008001e40                xTaskCreateStatic
 .text.xTaskCreate
                0x0000000008001eb4       0x66 build/tasks.o
                0x0000000008001eb4                xTaskCreate
 *fill*         0x0000000008001f1a        0x2 
 .text.vTaskStartScheduler
                0x0000000008001f1c       0x78 build/tasks.o
                0x0000000008001f1c                vTaskStartScheduler
 .text.vTaskSuspendAll
                0x0000000008001f94       0x10 build/tasks.o
                0x0000000008001f94                vTaskSuspendAll
 .text.xTaskIncrementTick
                0x0000000008001fa4      0x118 build/tasks.o
                0x0000000008001fa4                xTaskIncrementTick
 .text.xTaskResumeAll
                0x00000000080020bc       0xfc build/tasks.o
                0x00000000080020bc                xTaskResumeAll
 .text.vTaskDelay
                0x00000000080021b8       0x50 build/tasks.o
                0x00000000080021b8                vTaskDelay
 .text.vTaskSwitchContext
                0x0000000008002208       0x9c build/tasks.o
                0x0000000008002208                vTaskSwitchContext
 .text.xTaskGetSchedulerState
                0x00000000080022a4       0x20 build/tasks.o
                0x00000000080022a4                xTaskGetSchedulerState
 .text.makeFreeRtosPriority
                0x00000000080022c4        0xc build/cmsis_os.o
 .text.osKernelStart
                0x00000000080022d0        0xa build/cmsis_os.o
                0x00000000080022d0                osKernelStart
 .text.osThreadCreate
                0x00000000080022da       0x6a build/cmsis_os.o
                0x00000000080022da                osThreadCreate
 .text.osDelay  0x0000000008002344       0x12 build/cmsis_os.o
                0x0000000008002344                osDelay
 *fill*         0x0000000008002356        0x2 
 .text.prvHeapInit
                0x0000000008002358       0x64 build/heap_4.o
 .text.prvInsertBlockIntoFreeList
                0x00000000080023bc       0x58 build/heap_4.o
 .text.pvPortMalloc
                0x0000000008002414      0x114 build/heap_4.o
                0x0000000008002414                pvPortMalloc
 .text.vPortFree
                0x0000000008002528       0x7c build/heap_4.o
                0x0000000008002528                vPortFree
 .text.prvTaskExitError
                0x00000000080025a4       0x40 build/port.o
 .text.prvPortStartFirstTask
                0x00000000080025e4       0x28 build/port.o
 .text.vPortEnableVFP
                0x000000000800260c       0x14 build/port.o
 .text.pxPortInitialiseStack
                0x0000000008002620       0x2c build/port.o
                0x0000000008002620                pxPortInitialiseStack
 *fill*         0x000000000800264c        0x4 
 .text.SVC_Handler
                0x0000000008002650       0x24 build/port.o
                0x0000000008002650                SVC_Handler
 .text.vPortEnterCritical
                0x0000000008002674       0x44 build/port.o
                0x0000000008002674                vPortEnterCritical
 .text.vPortExitCritical
                0x00000000080026b8       0x2c build/port.o
                0x00000000080026b8                vPortExitCritical
 *fill*         0x00000000080026e4        0xc 
 .text.PendSV_Handler
                0x00000000080026f0       0x64 build/port.o
                0x00000000080026f0                PendSV_Handler
 .text.xPortSysTickHandler
                0x0000000008002754       0x2c build/port.o
                0x0000000008002754                xPortSysTickHandler
 .text.vPortSetupTimerInterrupt
                0x0000000008002780       0x38 build/port.o
                0x0000000008002780                vPortSetupTimerInterrupt
 .text.xPortStartScheduler
                0x00000000080027b8      0x110 build/port.o
                0x00000000080027b8                xPortStartScheduler
 .text.Reset_Handler
                0x00000000080028c8       0x50 build/startup_stm32f446xx.o
                0x00000000080028c8                Reset_Handler
 .text.Default_Handler
                0x0000000008002918        0x2 build/startup_stm32f446xx.o
                0x0000000008002918                RTC_Alarm_IRQHandler
                0x0000000008002918                EXTI2_IRQHandler
                0x0000000008002918                TIM8_CC_IRQHandler
                0x0000000008002918                FMPI2C1_EV_IRQHandler
                0x0000000008002918                SPI4_IRQHandler
                0x0000000008002918                TIM1_CC_IRQHandler
                0x0000000008002918                DMA2_Stream5_IRQHandler
                0x0000000008002918                DMA1_Stream5_IRQHandler
                0x0000000008002918                PVD_IRQHandler
                0x0000000008002918                SDIO_IRQHandler
                0x0000000008002918                TAMP_STAMP_IRQHandler
                0x0000000008002918                CAN2_RX1_IRQHandler
                0x0000000008002918                EXTI3_IRQHandler
                0x0000000008002918                TIM8_TRG_COM_TIM14_IRQHandler
                0x0000000008002918                TIM1_UP_TIM10_IRQHandler
                0x0000000008002918                TIM8_UP_TIM13_IRQHandler
                0x0000000008002918                I2C3_ER_IRQHandler
                0x0000000008002918                EXTI0_IRQHandler
                0x0000000008002918                I2C2_EV_IRQHandler
                0x0000000008002918                DMA1_Stream2_IRQHandler
                0x0000000008002918                CAN1_RX0_IRQHandler
                0x0000000008002918                FPU_IRQHandler
                0x0000000008002918                OTG_HS_WKUP_IRQHandler
                0x0000000008002918                CAN2_SCE_IRQHandler
                0x0000000008002918                DMA2_Stream2_IRQHandler
                0x0000000008002918                SPI1_IRQHandler
                0x0000000008002918                TIM6_DAC_IRQHandler
                0x0000000008002918                TIM1_BRK_TIM9_IRQHandler
                0x0000000008002918                DCMI_IRQHandler
                0x0000000008002918                CAN2_RX0_IRQHandler
                0x0000000008002918                DMA2_Stream3_IRQHandler
                0x0000000008002918                SAI2_IRQHandler
                0x0000000008002918                USART6_IRQHandler
                0x0000000008002918                USART3_IRQHandler
                0x0000000008002918                CAN1_RX1_IRQHandler
                0x0000000008002918                UART5_IRQHandler
                0x0000000008002918                DMA2_Stream0_IRQHandler
                0x0000000008002918                TIM4_IRQHandler
                0x0000000008002918                QUADSPI_IRQHandler
                0x0000000008002918                I2C1_EV_IRQHandler
                0x0000000008002918                DMA1_Stream6_IRQHandler
                0x0000000008002918                DMA1_Stream1_IRQHandler
                0x0000000008002918                UART4_IRQHandler
                0x0000000008002918                TIM3_IRQHandler
                0x0000000008002918                RCC_IRQHandler
                0x0000000008002918                TIM8_BRK_TIM12_IRQHandler
                0x0000000008002918                Default_Handler
                0x0000000008002918                CEC_IRQHandler
                0x0000000008002918                EXTI15_10_IRQHandler
                0x0000000008002918                ADC_IRQHandler
                0x0000000008002918                DMA1_Stream7_IRQHandler
                0x0000000008002918                TIM7_IRQHandler
                0x0000000008002918                CAN2_TX_IRQHandler
                0x0000000008002918                TIM5_IRQHandler
                0x0000000008002918                DMA2_Stream7_IRQHandler
                0x0000000008002918                I2C3_EV_IRQHandler
                0x0000000008002918                EXTI9_5_IRQHandler
                0x0000000008002918                RTC_WKUP_IRQHandler
                0x0000000008002918                SPDIF_RX_IRQHandler
                0x0000000008002918                SPI2_IRQHandler
                0x0000000008002918                OTG_HS_EP1_IN_IRQHandler
                0x0000000008002918                DMA1_Stream0_IRQHandler
                0x0000000008002918                CAN1_TX_IRQHandler
                0x0000000008002918                FMPI2C1_ER_IRQHandler
                0x0000000008002918                EXTI4_IRQHandler
                0x0000000008002918                OTG_HS_EP1_OUT_IRQHandler
                0x0000000008002918                WWDG_IRQHandler
                0x0000000008002918                TIM2_IRQHandler
                0x0000000008002918                OTG_FS_WKUP_IRQHandler
                0x0000000008002918                TIM1_TRG_COM_TIM11_IRQHandler
                0x0000000008002918                OTG_HS_IRQHandler
                0x0000000008002918                EXTI1_IRQHandler
                0x0000000008002918                USART2_IRQHandler
                0x0000000008002918                I2C2_ER_IRQHandler
                0x0000000008002918                DMA2_Stream1_IRQHandler
                0x0000000008002918                CAN1_SCE_IRQHandler
                0x0000000008002918                FLASH_IRQHandler
                0x0000000008002918                DMA2_Stream4_IRQHandler
                0x0000000008002918                USART1_IRQHandler
                0x0000000008002918                OTG_FS_IRQHandler
                0x0000000008002918                SPI3_IRQHandler
                0x0000000008002918                DMA1_Stream4_IRQHandler
                0x0000000008002918                I2C1_ER_IRQHandler
                0x0000000008002918                FMC_IRQHandler
                0x0000000008002918                DMA2_Stream6_IRQHandler
                0x0000000008002918                SAI1_IRQHandler
                0x0000000008002918                DMA1_Stream3_IRQHandler
 *(.glue_7)
 .glue_7        0x000000000800291a        0x0 linker stubs
 *(.glue_7t)
 .glue_7t       0x000000000800291a        0x0 linker stubs
 *(.eh_frame)
 *fill*         0x000000000800291a        0x2 
 .eh_frame      0x000000000800291c        0x0 /usr/lib/gcc/arm-none-eabi/6.3.1/thumb/v7e-m/fpv4-sp/hard/crtbegin.o
 *(.init)
 .init          0x000000000800291c        0x4 /usr/lib/gcc/arm-none-eabi/6.3.1/thumb/v7e-m/fpv4-sp/hard/crti.o
                0x000000000800291c                _init
 .init          0x0000000008002920        0x8 /usr/lib/gcc/arm-none-eabi/6.3.1/thumb/v7e-m/fpv4-sp/hard/crtn.o
 *(.fini)
 .fini          0x0000000008002928        0x4 /usr/lib/gcc/arm-none-eabi/6.3.1/thumb/v7e-m/fpv4-sp/hard/crti.o
                0x0000000008002928                _fini
 .fini          0x000000000800292c        0x8 /usr/lib/gcc/arm-none-eabi/6.3.1/thumb/v7e-m/fpv4-sp/hard/crtn.o
                0x0000000008002934                . = ALIGN (0x4)
                0x0000000008002934                _etext = .

.vfp11_veneer   0x0000000008002934        0x0
 .vfp11_veneer  0x0000000008002934        0x0 linker stubs

.v4_bx          0x0000000008002934        0x0
 .v4_bx         0x0000000008002934        0x0 linker stubs

.iplt           0x0000000008002934        0x0
 .iplt          0x0000000008002934        0x0 /usr/lib/gcc/arm-none-eabi/6.3.1/thumb/v7e-m/fpv4-sp/hard/crtbegin.o

.rodata         0x0000000008002934       0xa8
                0x0000000008002934                . = ALIGN (0x4)
 *(.rodata)
 .rodata        0x0000000008002934       0x54 build/main.o
 *(.rodata*)
 .rodata.StartDefaultTask.str1.4
                0x0000000008002988        0xf build/main.o
 *fill*         0x0000000008002997        0x1 
 .rodata.str1.4
                0x0000000008002998       0x24 build/main.o
 .rodata.AHBPrescTable
                0x00000000080029bc       0x10 build/system_stm32f4xx.o
                0x00000000080029bc                AHBPrescTable
 .rodata.APBPrescTable
                0x00000000080029cc        0x8 build/system_stm32f4xx.o
                0x00000000080029cc                APBPrescTable
 .rodata.vTaskStartScheduler.str1.4
                0x00000000080029d4        0x8 build/tasks.o
                                          0x5 (size before relaxing)
                0x00000000080029dc                . = ALIGN (0x4)

.ARM.extab
 *(.ARM.extab* .gnu.linkonce.armextab.*)

.ARM            0x00000000080029dc        0x8
                0x00000000080029dc                __exidx_start = .
 *(.ARM.exidx*)
 .ARM.exidx     0x00000000080029dc        0x8 /usr/lib/gcc/arm-none-eabi/6.3.1/thumb/v7e-m/fpv4-sp/hard/libgcc.a(_udivmoddi4.o)
                0x00000000080029e4                __exidx_end = .

.rel.dyn        0x00000000080029e4        0x0
 .rel.iplt      0x00000000080029e4        0x0 /usr/lib/gcc/arm-none-eabi/6.3.1/thumb/v7e-m/fpv4-sp/hard/crtbegin.o

.preinit_array  0x00000000080029e4        0x0
                0x00000000080029e4                PROVIDE (__preinit_array_start, .)
 *(.preinit_array*)
                0x00000000080029e4                PROVIDE (__preinit_array_end, .)

.init_array     0x00000000080029e4        0x4
                0x00000000080029e4                PROVIDE (__init_array_start, .)
 *(SORT(.init_array.*))
 *(.init_array*)
 .init_array    0x00000000080029e4        0x4 /usr/lib/gcc/arm-none-eabi/6.3.1/thumb/v7e-m/fpv4-sp/hard/crtbegin.o
                0x00000000080029e8                PROVIDE (__init_array_end, .)

.fini_array     0x00000000080029e8        0x4
                0x00000000080029e8                PROVIDE (__fini_array_start, .)
 *(SORT(.fini_array.*))
 *(.fini_array*)
 .fini_array    0x00000000080029e8        0x4 /usr/lib/gcc/arm-none-eabi/6.3.1/thumb/v7e-m/fpv4-sp/hard/crtbegin.o
                0x00000000080029ec                PROVIDE (__fini_array_end, .)
                0x00000000080029ec                _sidata = LOADADDR (.data)

.data           0x0000000020000000       0x10 load address 0x00000000080029ec
                0x0000000020000000                . = ALIGN (0x4)
                0x0000000020000000                _sdata = .
 *(.data)
 *(.data*)
 .data.uwTickFreq
                0x0000000020000000        0x1 build/stm32f4xx_hal.o
                0x0000000020000000                uwTickFreq
 *fill*         0x0000000020000001        0x3 
 .data.uwTickPrio
                0x0000000020000004        0x4 build/stm32f4xx_hal.o
                0x0000000020000004                uwTickPrio
 .data.SystemCoreClock
                0x0000000020000008        0x4 build/system_stm32f4xx.o
                0x0000000020000008                SystemCoreClock
 .data.uxCriticalNesting
                0x000000002000000c        0x4 build/port.o
                0x0000000020000010                . = ALIGN (0x4)
                0x0000000020000010                _edata = .

.jcr            0x0000000020000010        0x0 load address 0x00000000080029fc
 .jcr           0x0000000020000010        0x0 /usr/lib/gcc/arm-none-eabi/6.3.1/thumb/v7e-m/fpv4-sp/hard/crtbegin.o

.tm_clone_table
                0x0000000020000010        0x0 load address 0x00000000080029fc
 .tm_clone_table
                0x0000000020000010        0x0 /usr/lib/gcc/arm-none-eabi/6.3.1/thumb/v7e-m/fpv4-sp/hard/crtbegin.o
 .tm_clone_table
                0x0000000020000010        0x0 /usr/lib/gcc/arm-none-eabi/6.3.1/thumb/v7e-m/fpv4-sp/hard/crtend.o

.igot.plt       0x0000000020000010        0x0 load address 0x00000000080029fc
 .igot.plt      0x0000000020000010        0x0 /usr/lib/gcc/arm-none-eabi/6.3.1/thumb/v7e-m/fpv4-sp/hard/crtbegin.o
                0x0000000020000010                . = ALIGN (0x4)

.bss            0x0000000020000010     0x40ac load address 0x00000000080029fc
                0x0000000020000010                _sbss = .
                0x0000000020000010                __bss_start__ = _sbss
 *(.bss)
 .bss           0x0000000020000010       0x1c /usr/lib/gcc/arm-none-eabi/6.3.1/thumb/v7e-m/fpv4-sp/hard/crtbegin.o
 *(.bss*)
 .bss.xIdleStack
                0x000000002000002c      0x200 build/freertos.o
 .bss.xIdleTaskTCBBuffer
                0x000000002000022c       0x54 build/freertos.o
 .bss.pxCurrentTCB
                0x0000000020000280        0x4 build/tasks.o
                0x0000000020000280                pxCurrentTCB
 .bss.pxDelayedTaskList
                0x0000000020000284        0x4 build/tasks.o
 .bss.pxOverflowDelayedTaskList
                0x0000000020000288        0x4 build/tasks.o
 .bss.pxReadyTasksLists
                0x000000002000028c       0x8c build/tasks.o
 .bss.uxCurrentNumberOfTasks
                0x0000000020000318        0x4 build/tasks.o
 .bss.uxDeletedTasksWaitingCleanUp
                0x000000002000031c        0x4 build/tasks.o
 .bss.uxSchedulerSuspended
                0x0000000020000320        0x4 build/tasks.o
 .bss.uxTaskNumber
                0x0000000020000324        0x4 build/tasks.o
 .bss.uxTopReadyPriority
                0x0000000020000328        0x4 build/tasks.o
 .bss.xDelayedTaskList1
                0x000000002000032c       0x14 build/tasks.o
 .bss.xDelayedTaskList2
                0x0000000020000340       0x14 build/tasks.o
 .bss.xNextTaskUnblockTime
                0x0000000020000354        0x4 build/tasks.o
 .bss.xNumOfOverflows
                0x0000000020000358        0x4 build/tasks.o
 .bss.xPendedTicks
                0x000000002000035c        0x4 build/tasks.o
 .bss.xPendingReadyList
                0x0000000020000360       0x14 build/tasks.o
 .bss.xSchedulerRunning
                0x0000000020000374        0x4 build/tasks.o
 .bss.xSuspendedTaskList
                0x0000000020000378       0x14 build/tasks.o
 .bss.xTasksWaitingTermination
                0x000000002000038c       0x14 build/tasks.o
 .bss.xTickCount
                0x00000000200003a0        0x4 build/tasks.o
 .bss.xYieldPending
                0x00000000200003a4        0x4 build/tasks.o
 .bss.pxEnd     0x00000000200003a8        0x4 build/heap_4.o
 .bss.ucHeap    0x00000000200003ac     0x3c00 build/heap_4.o
 .bss.xBlockAllocatedBit
                0x0000000020003fac        0x4 build/heap_4.o
 .bss.xFreeBytesRemaining
                0x0000000020003fb0        0x4 build/heap_4.o
 .bss.xMinimumEverFreeBytesRemaining
                0x0000000020003fb4        0x4 build/heap_4.o
 .bss.xNumberOfSuccessfulAllocations
                0x0000000020003fb8        0x4 build/heap_4.o
 .bss.xNumberOfSuccessfulFrees
                0x0000000020003fbc        0x4 build/heap_4.o
 .bss.xStart    0x0000000020003fc0        0x8 build/heap_4.o
 .bss.ucMaxSysCallPriority
                0x0000000020003fc8        0x1 build/port.o
 *fill*         0x0000000020003fc9        0x3 
 .bss.ulMaxPRIGROUPValue
                0x0000000020003fcc        0x4 build/port.o
 *(COMMON)
 COMMON         0x0000000020003fd0       0xe8 build/main.o
                0x0000000020003fd0                defaultTaskHandle
                0x0000000020003fd4                hi2c1
                0x0000000020004028                huart1
                0x000000002000406c                huart1TaskHandle
                0x0000000020004070                huart2
                0x00000000200040b4                huart2TaskHandle
 COMMON         0x00000000200040b8        0x4 build/stm32f4xx_hal.o
                0x00000000200040b8                uwTick
                0x00000000200040bc                . = ALIGN (0x4)
                0x00000000200040bc                _ebss = .
                0x00000000200040bc                __bss_end__ = _ebss

._user_heap_stack
                0x00000000200040bc      0x604 load address 0x00000000080029fc
                0x00000000200040c0                . = ALIGN (0x8)
 *fill*         0x00000000200040bc        0x4 
                [!provide]                        PROVIDE (end, .)
                [!provide]                        PROVIDE (_end, .)
                0x00000000200042c0                . = (. + _Min_Heap_Size)
 *fill*         0x00000000200040c0      0x200 
                0x00000000200046c0                . = (. + _Min_Stack_Size)
 *fill*         0x00000000200042c0      0x400 
                0x00000000200046c0                . = ALIGN (0x8)

/DISCARD/
 libc.a(*)
 libm.a(*)
 libgcc.a(*)

.ARM.attributes
                0x0000000000000000       0x30
 *(.ARM.attributes)
 .ARM.attributes
                0x0000000000000000       0x22 /usr/lib/gcc/arm-none-eabi/6.3.1/thumb/v7e-m/fpv4-sp/hard/crti.o
 .ARM.attributes
                0x0000000000000022       0x34 /usr/lib/gcc/arm-none-eabi/6.3.1/thumb/v7e-m/fpv4-sp/hard/crtbegin.o
 .ARM.attributes
                0x0000000000000056       0x39 build/main.o
 .ARM.attributes
                0x000000000000008f       0x39 build/freertos.o
 .ARM.attributes
                0x00000000000000c8       0x39 build/stm32f4xx_it.o
 .ARM.attributes
                0x0000000000000101       0x39 build/stm32f4xx_hal_msp.o
 .ARM.attributes
                0x000000000000013a       0x39 build/stm32f4xx_hal_rcc.o
 .ARM.attributes
                0x0000000000000173       0x39 build/stm32f4xx_hal_rcc_ex.o
 .ARM.attributes
                0x00000000000001ac       0x39 build/stm32f4xx_hal_gpio.o
 .ARM.attributes
                0x00000000000001e5       0x39 build/stm32f4xx_hal_cortex.o
 .ARM.attributes
                0x000000000000021e       0x39 build/stm32f4xx_hal.o
 .ARM.attributes
                0x0000000000000257       0x39 build/stm32f4xx_hal_i2c.o
 .ARM.attributes
                0x0000000000000290       0x39 build/stm32f4xx_hal_uart.o
 .ARM.attributes
                0x00000000000002c9       0x39 build/system_stm32f4xx.o
 .ARM.attributes
                0x0000000000000302       0x39 build/list.o
 .ARM.attributes
                0x000000000000033b       0x39 build/tasks.o
 .ARM.attributes
                0x0000000000000374       0x39 build/cmsis_os.o
 .ARM.attributes
                0x00000000000003ad       0x39 build/heap_4.o
 .ARM.attributes
                0x00000000000003e6       0x39 build/port.o
 .ARM.attributes
                0x000000000000041f       0x21 build/startup_stm32f446xx.o
 .ARM.attributes
                0x0000000000000440       0x34 /usr/lib/gcc/arm-none-eabi/6.3.1/../../../arm-none-eabi/lib/thumb/v7e-m/fpv4-sp/hard/libc_nano.a(lib_a-init.o)
 .ARM.attributes
                0x0000000000000474       0x34 /usr/lib/gcc/arm-none-eabi/6.3.1/../../../arm-none-eabi/lib/thumb/v7e-m/fpv4-sp/hard/libc_nano.a(lib_a-memset.o)
 .ARM.attributes
                0x00000000000004a8       0x22 /usr/lib/gcc/arm-none-eabi/6.3.1/thumb/v7e-m/fpv4-sp/hard/libgcc.a(_aeabi_uldivmod.o)
 .ARM.attributes
                0x00000000000004ca       0x34 /usr/lib/gcc/arm-none-eabi/6.3.1/thumb/v7e-m/fpv4-sp/hard/libgcc.a(_udivmoddi4.o)
 .ARM.attributes
                0x00000000000004fe       0x22 /usr/lib/gcc/arm-none-eabi/6.3.1/thumb/v7e-m/fpv4-sp/hard/libgcc.a(_dvmd_tls.o)
 .ARM.attributes
                0x0000000000000520       0x34 /usr/lib/gcc/arm-none-eabi/6.3.1/thumb/v7e-m/fpv4-sp/hard/crtend.o
 .ARM.attributes
                0x0000000000000554       0x22 /usr/lib/gcc/arm-none-eabi/6.3.1/thumb/v7e-m/fpv4-sp/hard/crtn.o
OUTPUT(build/STM32F446RE_RF_WSN.elf elf32-littlearm)

.comment        0x0000000000000000       0x31
 .comment       0x0000000000000000       0x31 /usr/lib/gcc/arm-none-eabi/6.3.1/thumb/v7e-m/fpv4-sp/hard/crtbegin.o
                                         0x32 (size before relaxing)
 .comment       0x0000000000000031       0x32 build/main.o
 .comment       0x0000000000000031       0x32 build/freertos.o
 .comment       0x0000000000000031       0x32 build/stm32f4xx_it.o
 .comment       0x0000000000000031       0x32 build/stm32f4xx_hal_msp.o
 .comment       0x0000000000000031       0x32 build/stm32f4xx_hal_rcc.o
 .comment       0x0000000000000031       0x32 build/stm32f4xx_hal_rcc_ex.o
 .comment       0x0000000000000031       0x32 build/stm32f4xx_hal_gpio.o
 .comment       0x0000000000000031       0x32 build/stm32f4xx_hal_cortex.o
 .comment       0x0000000000000031       0x32 build/stm32f4xx_hal.o
 .comment       0x0000000000000031       0x32 build/stm32f4xx_hal_i2c.o
 .comment       0x0000000000000031       0x32 build/stm32f4xx_hal_uart.o
 .comment       0x0000000000000031       0x32 build/system_stm32f4xx.o
 .comment       0x0000000000000031       0x32 build/list.o
 .comment       0x0000000000000031       0x32 build/tasks.o
 .comment       0x0000000000000031       0x32 build/cmsis_os.o
 .comment       0x0000000000000031       0x32 build/heap_4.o
 .comment       0x0000000000000031       0x32 build/port.o
 .comment       0x0000000000000031       0x32 /usr/lib/gcc/arm-none-eabi/6.3.1/../../../arm-none-eabi/lib/thumb/v7e-m/fpv4-sp/hard/libc_nano.a(lib_a-init.o)
 .comment       0x0000000000000031       0x32 /usr/lib/gcc/arm-none-eabi/6.3.1/../../../arm-none-eabi/lib/thumb/v7e-m/fpv4-sp/hard/libc_nano.a(lib_a-memset.o)
 .comment       0x0000000000000031       0x32 /usr/lib/gcc/arm-none-eabi/6.3.1/thumb/v7e-m/fpv4-sp/hard/libgcc.a(_udivmoddi4.o)
 .comment       0x0000000000000031       0x32 /usr/lib/gcc/arm-none-eabi/6.3.1/thumb/v7e-m/fpv4-sp/hard/crtend.o

.debug_info     0x0000000000000000    0x15f7d
 .debug_info    0x0000000000000000     0x1f76 build/main.o
 .debug_info    0x0000000000001f76      0x36f build/freertos.o
 .debug_info    0x00000000000022e5      0x273 build/stm32f4xx_it.o
 .debug_info    0x0000000000002558     0x117b build/stm32f4xx_hal_msp.o
 .debug_info    0x00000000000036d3      0xbc8 build/stm32f4xx_hal_rcc.o
 .debug_info    0x000000000000429b      0xd33 build/stm32f4xx_hal_rcc_ex.o
 .debug_info    0x0000000000004fce      0x8d3 build/stm32f4xx_hal_gpio.o
 .debug_info    0x00000000000058a1     0x1094 build/stm32f4xx_hal_cortex.o
 .debug_info    0x0000000000006935      0xb33 build/stm32f4xx_hal.o
 .debug_info    0x0000000000007468     0x35e9 build/stm32f4xx_hal_i2c.o
 .debug_info    0x000000000000aa51     0x1c0a build/stm32f4xx_hal_uart.o
 .debug_info    0x000000000000c65b      0x61e build/system_stm32f4xx.o
 .debug_info    0x000000000000cc79      0xbd6 build/list.o
 .debug_info    0x000000000000d84f     0x3061 build/tasks.o
 .debug_info    0x00000000000108b0     0x29ec build/cmsis_os.o
 .debug_info    0x000000000001329c      0xec1 build/heap_4.o
 .debug_info    0x000000000001415d      0x5b3 build/port.o
 .debug_info    0x0000000000014710       0x81 build/startup_stm32f446xx.o
 .debug_info    0x0000000000014791      0x110 /usr/lib/gcc/arm-none-eabi/6.3.1/../../../arm-none-eabi/lib/thumb/v7e-m/fpv4-sp/hard/libc_nano.a(lib_a-init.o)
 .debug_info    0x00000000000148a1      0x916 /usr/lib/gcc/arm-none-eabi/6.3.1/../../../arm-none-eabi/lib/thumb/v7e-m/fpv4-sp/hard/libc_nano.a(lib_a-memset.o)
 .debug_info    0x00000000000151b7       0xcf /usr/lib/gcc/arm-none-eabi/6.3.1/thumb/v7e-m/fpv4-sp/hard/libgcc.a(_aeabi_uldivmod.o)
 .debug_info    0x0000000000015286      0xc24 /usr/lib/gcc/arm-none-eabi/6.3.1/thumb/v7e-m/fpv4-sp/hard/libgcc.a(_udivmoddi4.o)
 .debug_info    0x0000000000015eaa       0xd3 /usr/lib/gcc/arm-none-eabi/6.3.1/thumb/v7e-m/fpv4-sp/hard/libgcc.a(_dvmd_tls.o)

.debug_abbrev   0x0000000000000000     0x2cd8
 .debug_abbrev  0x0000000000000000      0x311 build/main.o
 .debug_abbrev  0x0000000000000311      0x106 build/freertos.o
 .debug_abbrev  0x0000000000000417       0xf4 build/stm32f4xx_it.o
 .debug_abbrev  0x000000000000050b      0x1b9 build/stm32f4xx_hal_msp.o
 .debug_abbrev  0x00000000000006c4      0x28b build/stm32f4xx_hal_rcc.o
 .debug_abbrev  0x000000000000094f      0x22c build/stm32f4xx_hal_rcc_ex.o
 .debug_abbrev  0x0000000000000b7b      0x21a build/stm32f4xx_hal_gpio.o
 .debug_abbrev  0x0000000000000d95      0x33b build/stm32f4xx_hal_cortex.o
 .debug_abbrev  0x00000000000010d0      0x1eb build/stm32f4xx_hal.o
 .debug_abbrev  0x00000000000012bb      0x2dc build/stm32f4xx_hal_i2c.o
 .debug_abbrev  0x0000000000001597      0x2e4 build/stm32f4xx_hal_uart.o
 .debug_abbrev  0x000000000000187b      0x128 build/system_stm32f4xx.o
 .debug_abbrev  0x00000000000019a3      0x215 build/list.o
 .debug_abbrev  0x0000000000001bb8      0x3d7 build/tasks.o
 .debug_abbrev  0x0000000000001f8f      0x3c0 build/cmsis_os.o
 .debug_abbrev  0x000000000000234f      0x31b build/heap_4.o
 .debug_abbrev  0x000000000000266a      0x257 build/port.o
 .debug_abbrev  0x00000000000028c1       0x12 build/startup_stm32f446xx.o
 .debug_abbrev  0x00000000000028d3       0xba /usr/lib/gcc/arm-none-eabi/6.3.1/../../../arm-none-eabi/lib/thumb/v7e-m/fpv4-sp/hard/libc_nano.a(lib_a-init.o)
 .debug_abbrev  0x000000000000298d      0x197 /usr/lib/gcc/arm-none-eabi/6.3.1/../../../arm-none-eabi/lib/thumb/v7e-m/fpv4-sp/hard/libc_nano.a(lib_a-memset.o)
 .debug_abbrev  0x0000000000002b24       0x14 /usr/lib/gcc/arm-none-eabi/6.3.1/thumb/v7e-m/fpv4-sp/hard/libgcc.a(_aeabi_uldivmod.o)
 .debug_abbrev  0x0000000000002b38      0x18c /usr/lib/gcc/arm-none-eabi/6.3.1/thumb/v7e-m/fpv4-sp/hard/libgcc.a(_udivmoddi4.o)
 .debug_abbrev  0x0000000000002cc4       0x14 /usr/lib/gcc/arm-none-eabi/6.3.1/thumb/v7e-m/fpv4-sp/hard/libgcc.a(_dvmd_tls.o)

.debug_loc      0x0000000000000000     0xd7af
 .debug_loc     0x0000000000000000      0x1e6 build/main.o
 .debug_loc     0x00000000000001e6       0x20 build/stm32f4xx_it.o
 .debug_loc     0x0000000000000206      0x201 build/stm32f4xx_hal_msp.o
 .debug_loc     0x0000000000000407      0x55c build/stm32f4xx_hal_rcc.o
 .debug_loc     0x0000000000000963      0xcea build/stm32f4xx_hal_rcc_ex.o
 .debug_loc     0x000000000000164d      0x4f2 build/stm32f4xx_hal_gpio.o
 .debug_loc     0x0000000000001b3f      0x6a6 build/stm32f4xx_hal_cortex.o
 .debug_loc     0x00000000000021e5      0x1ad build/stm32f4xx_hal.o
 .debug_loc     0x0000000000002392     0x45c8 build/stm32f4xx_hal_i2c.o
 .debug_loc     0x000000000000695a     0x206f build/stm32f4xx_hal_uart.o
 .debug_loc     0x00000000000089c9      0x13e build/system_stm32f4xx.o
 .debug_loc     0x0000000000008b07       0x9c build/list.o
 .debug_loc     0x0000000000008ba3     0x1ee3 build/tasks.o
 .debug_loc     0x000000000000aa86     0x17c0 build/cmsis_os.o
 .debug_loc     0x000000000000c246      0x427 build/heap_4.o
 .debug_loc     0x000000000000c66d      0x160 build/port.o
 .debug_loc     0x000000000000c7cd       0xae /usr/lib/gcc/arm-none-eabi/6.3.1/../../../arm-none-eabi/lib/thumb/v7e-m/fpv4-sp/hard/libc_nano.a(lib_a-init.o)
 .debug_loc     0x000000000000c87b      0x1bd /usr/lib/gcc/arm-none-eabi/6.3.1/../../../arm-none-eabi/lib/thumb/v7e-m/fpv4-sp/hard/libc_nano.a(lib_a-memset.o)
 .debug_loc     0x000000000000ca38      0xd77 /usr/lib/gcc/arm-none-eabi/6.3.1/thumb/v7e-m/fpv4-sp/hard/libgcc.a(_udivmoddi4.o)

.debug_aranges  0x0000000000000000      0xe40
 .debug_aranges
                0x0000000000000000       0x68 build/main.o
 .debug_aranges
                0x0000000000000068       0x20 build/freertos.o
 .debug_aranges
                0x0000000000000088       0x50 build/stm32f4xx_it.o
 .debug_aranges
                0x00000000000000d8       0x40 build/stm32f4xx_hal_msp.o
 .debug_aranges
                0x0000000000000118       0x88 build/stm32f4xx_hal_rcc.o
 .debug_aranges
                0x00000000000001a0       0x78 build/stm32f4xx_hal_rcc_ex.o
 .debug_aranges
                0x0000000000000218       0x58 build/stm32f4xx_hal_gpio.o
 .debug_aranges
                0x0000000000000270       0xa8 build/stm32f4xx_hal_cortex.o
 .debug_aranges
                0x0000000000000318       0xf0 build/stm32f4xx_hal.o
 .debug_aranges
                0x0000000000000408      0x2a0 build/stm32f4xx_hal_i2c.o
 .debug_aranges
                0x00000000000006a8      0x200 build/stm32f4xx_hal_uart.o
 .debug_aranges
                0x00000000000008a8       0x28 build/system_stm32f4xx.o
 .debug_aranges
                0x00000000000008d0       0x40 build/list.o
 .debug_aranges
                0x0000000000000910      0x1b8 build/tasks.o
 .debug_aranges
                0x0000000000000ac8      0x1d8 build/cmsis_os.o
 .debug_aranges
                0x0000000000000ca0       0x58 build/heap_4.o
 .debug_aranges
                0x0000000000000cf8       0x80 build/port.o
 .debug_aranges
                0x0000000000000d78       0x28 build/startup_stm32f446xx.o
 .debug_aranges
                0x0000000000000da0       0x20 /usr/lib/gcc/arm-none-eabi/6.3.1/../../../arm-none-eabi/lib/thumb/v7e-m/fpv4-sp/hard/libc_nano.a(lib_a-init.o)
 .debug_aranges
                0x0000000000000dc0       0x20 /usr/lib/gcc/arm-none-eabi/6.3.1/../../../arm-none-eabi/lib/thumb/v7e-m/fpv4-sp/hard/libc_nano.a(lib_a-memset.o)
 .debug_aranges
                0x0000000000000de0       0x20 /usr/lib/gcc/arm-none-eabi/6.3.1/thumb/v7e-m/fpv4-sp/hard/libgcc.a(_aeabi_uldivmod.o)
 .debug_aranges
                0x0000000000000e00       0x20 /usr/lib/gcc/arm-none-eabi/6.3.1/thumb/v7e-m/fpv4-sp/hard/libgcc.a(_udivmoddi4.o)
 .debug_aranges
                0x0000000000000e20       0x20 /usr/lib/gcc/arm-none-eabi/6.3.1/thumb/v7e-m/fpv4-sp/hard/libgcc.a(_dvmd_tls.o)

.debug_ranges   0x0000000000000000      0xed0
 .debug_ranges  0x0000000000000000       0x58 build/main.o
 .debug_ranges  0x0000000000000058       0x10 build/freertos.o
 .debug_ranges  0x0000000000000068       0x40 build/stm32f4xx_it.o
 .debug_ranges  0x00000000000000a8       0x30 build/stm32f4xx_hal_msp.o
 .debug_ranges  0x00000000000000d8       0x90 build/stm32f4xx_hal_rcc.o
 .debug_ranges  0x0000000000000168       0x80 build/stm32f4xx_hal_rcc_ex.o
 .debug_ranges  0x00000000000001e8       0x48 build/stm32f4xx_hal_gpio.o
 .debug_ranges  0x0000000000000230       0xf8 build/stm32f4xx_hal_cortex.o
 .debug_ranges  0x0000000000000328       0xe0 build/stm32f4xx_hal.o
 .debug_ranges  0x0000000000000408      0x2a8 build/stm32f4xx_hal_i2c.o
 .debug_ranges  0x00000000000006b0      0x1f0 build/stm32f4xx_hal_uart.o
 .debug_ranges  0x00000000000008a0       0x18 build/system_stm32f4xx.o
 .debug_ranges  0x00000000000008b8       0x30 build/list.o
 .debug_ranges  0x00000000000008e8      0x278 build/tasks.o
 .debug_ranges  0x0000000000000b60      0x1c8 build/cmsis_os.o
 .debug_ranges  0x0000000000000d28       0x48 build/heap_4.o
 .debug_ranges  0x0000000000000d70       0x70 build/port.o
 .debug_ranges  0x0000000000000de0       0x20 build/startup_stm32f446xx.o
 .debug_ranges  0x0000000000000e00       0xd0 /usr/lib/gcc/arm-none-eabi/6.3.1/thumb/v7e-m/fpv4-sp/hard/libgcc.a(_udivmoddi4.o)

.debug_line     0x0000000000000000     0x6767
 .debug_line    0x0000000000000000      0x428 build/main.o
 .debug_line    0x0000000000000428      0x1db build/freertos.o
 .debug_line    0x0000000000000603      0x23d build/stm32f4xx_it.o
 .debug_line    0x0000000000000840      0x25b build/stm32f4xx_hal_msp.o
 .debug_line    0x0000000000000a9b      0x452 build/stm32f4xx_hal_rcc.o
 .debug_line    0x0000000000000eed      0x611 build/stm32f4xx_hal_rcc_ex.o
 .debug_line    0x00000000000014fe      0x304 build/stm32f4xx_hal_gpio.o
 .debug_line    0x0000000000001802      0x3b6 build/stm32f4xx_hal_cortex.o
 .debug_line    0x0000000000001bb8      0x388 build/stm32f4xx_hal.o
 .debug_line    0x0000000000001f40     0x1847 build/stm32f4xx_hal_i2c.o
 .debug_line    0x0000000000003787      0xc86 build/stm32f4xx_hal_uart.o
 .debug_line    0x000000000000440d      0x174 build/system_stm32f4xx.o
 .debug_line    0x0000000000004581      0x243 build/list.o
 .debug_line    0x00000000000047c4      0xb70 build/tasks.o
 .debug_line    0x0000000000005334      0x86b build/cmsis_os.o
 .debug_line    0x0000000000005b9f      0x32a build/heap_4.o
 .debug_line    0x0000000000005ec9      0x2c8 build/port.o
 .debug_line    0x0000000000006191       0x76 build/startup_stm32f446xx.o
 .debug_line    0x0000000000006207       0xbe /usr/lib/gcc/arm-none-eabi/6.3.1/../../../arm-none-eabi/lib/thumb/v7e-m/fpv4-sp/hard/libc_nano.a(lib_a-init.o)
 .debug_line    0x00000000000062c5      0x17c /usr/lib/gcc/arm-none-eabi/6.3.1/../../../arm-none-eabi/lib/thumb/v7e-m/fpv4-sp/hard/libc_nano.a(lib_a-memset.o)
 .debug_line    0x0000000000006441       0x67 /usr/lib/gcc/arm-none-eabi/6.3.1/thumb/v7e-m/fpv4-sp/hard/libgcc.a(_aeabi_uldivmod.o)
 .debug_line    0x00000000000064a8      0x258 /usr/lib/gcc/arm-none-eabi/6.3.1/thumb/v7e-m/fpv4-sp/hard/libgcc.a(_udivmoddi4.o)
 .debug_line    0x0000000000006700       0x67 /usr/lib/gcc/arm-none-eabi/6.3.1/thumb/v7e-m/fpv4-sp/hard/libgcc.a(_dvmd_tls.o)

.debug_str      0x0000000000000000     0x5fa6
 .debug_str     0x0000000000000000     0x12ce build/main.o
                                       0x1400 (size before relaxing)
 .debug_str     0x00000000000012ce       0x8a build/freertos.o
                                        0x3c9 (size before relaxing)
 .debug_str     0x0000000000001358       0xc4 build/stm32f4xx_it.o
                                        0x32f (size before relaxing)
 .debug_str     0x000000000000141c      0x5b4 build/stm32f4xx_hal_msp.o
                                       0x1072 (size before relaxing)
 .debug_str     0x00000000000019d0      0x208 build/stm32f4xx_hal_rcc.o
                                        0x7a2 (size before relaxing)
 .debug_str     0x0000000000001bd8      0x344 build/stm32f4xx_hal_rcc_ex.o
                                        0x8a5 (size before relaxing)
 .debug_str     0x0000000000001f1c      0x112 build/stm32f4xx_hal_gpio.o
                                        0x5bf (size before relaxing)
 .debug_str     0x000000000000202e      0x4e2 build/stm32f4xx_hal_cortex.o
                                        0xd15 (size before relaxing)
 .debug_str     0x0000000000002510      0x229 build/stm32f4xx_hal.o
                                        0xbfb (size before relaxing)
 .debug_str     0x0000000000002739      0x8d0 build/stm32f4xx_hal_i2c.o
                                       0x10df (size before relaxing)
 .debug_str     0x0000000000003009      0x5be build/stm32f4xx_hal_uart.o
                                        0xdde (size before relaxing)
 .debug_str     0x00000000000035c7       0x47 build/system_stm32f4xx.o
                                        0x428 (size before relaxing)
 .debug_str     0x000000000000360e      0x140 build/list.o
                                        0x6df (size before relaxing)
 .debug_str     0x000000000000374e      0xbee build/tasks.o
                                       0x13f8 (size before relaxing)
 .debug_str     0x000000000000433c      0x94a build/cmsis_os.o
                                       0x1420 (size before relaxing)
 .debug_str     0x0000000000004c86      0x2c8 build/heap_4.o
                                        0x8ed (size before relaxing)
 .debug_str     0x0000000000004f4e      0x17d build/port.o
                                        0x470 (size before relaxing)
 .debug_str     0x00000000000050cb      0x1a8 /usr/lib/gcc/arm-none-eabi/6.3.1/../../../arm-none-eabi/lib/thumb/v7e-m/fpv4-sp/hard/libc_nano.a(lib_a-init.o)
                                        0x253 (size before relaxing)
 .debug_str     0x0000000000005273      0x12d /usr/lib/gcc/arm-none-eabi/6.3.1/../../../arm-none-eabi/lib/thumb/v7e-m/fpv4-sp/hard/libc_nano.a(lib_a-memset.o)
                                        0x61a (size before relaxing)
 .debug_str     0x00000000000053a0      0xc06 /usr/lib/gcc/arm-none-eabi/6.3.1/thumb/v7e-m/fpv4-sp/hard/libgcc.a(_udivmoddi4.o)
                                        0xcf4 (size before relaxing)

.debug_frame    0x0000000000000000     0x2a98
 .debug_frame   0x0000000000000000      0x128 build/main.o
 .debug_frame   0x0000000000000128       0x20 build/freertos.o
 .debug_frame   0x0000000000000148       0x8c build/stm32f4xx_it.o
 .debug_frame   0x00000000000001d4       0xac build/stm32f4xx_hal_msp.o
 .debug_frame   0x0000000000000280      0x1ac build/stm32f4xx_hal_rcc.o
 .debug_frame   0x000000000000042c      0x188 build/stm32f4xx_hal_rcc_ex.o
 .debug_frame   0x00000000000005b4       0xf0 build/stm32f4xx_hal_gpio.o
 .debug_frame   0x00000000000006a4      0x16c build/stm32f4xx_hal_cortex.o
 .debug_frame   0x0000000000000810      0x200 build/stm32f4xx_hal.o
 .debug_frame   0x0000000000000a10      0xa64 build/stm32f4xx_hal_i2c.o
 .debug_frame   0x0000000000001474      0x658 build/stm32f4xx_hal_uart.o
 .debug_frame   0x0000000000001acc       0x30 build/system_stm32f4xx.o
 .debug_frame   0x0000000000001afc       0x70 build/list.o
 .debug_frame   0x0000000000001b6c      0x640 build/tasks.o
 .debug_frame   0x00000000000021ac      0x644 build/cmsis_os.o
 .debug_frame   0x00000000000027f0       0xe4 build/heap_4.o
 .debug_frame   0x00000000000028d4      0x104 build/port.o
 .debug_frame   0x00000000000029d8       0x2c /usr/lib/gcc/arm-none-eabi/6.3.1/../../../arm-none-eabi/lib/thumb/v7e-m/fpv4-sp/hard/libc_nano.a(lib_a-init.o)
 .debug_frame   0x0000000000002a04       0x34 /usr/lib/gcc/arm-none-eabi/6.3.1/../../../arm-none-eabi/lib/thumb/v7e-m/fpv4-sp/hard/libc_nano.a(lib_a-memset.o)
 .debug_frame   0x0000000000002a38       0x2c /usr/lib/gcc/arm-none-eabi/6.3.1/thumb/v7e-m/fpv4-sp/hard/libgcc.a(_aeabi_uldivmod.o)
 .debug_frame   0x0000000000002a64       0x34 /usr/lib/gcc/arm-none-eabi/6.3.1/thumb/v7e-m/fpv4-sp/hard/libgcc.a(_udivmoddi4.o)

Cross Reference Table

Symbol                                            File
ADC_IRQHandler                                    build/startup_stm32f446xx.o
AHBPrescTable                                     build/system_stm32f4xx.o
                                                  build/stm32f4xx_hal_rcc.o
APBPrescTable                                     build/system_stm32f4xx.o
                                                  build/stm32f4xx_hal_rcc.o
BusFault_Handler                                  build/stm32f4xx_it.o
CAN1_RX0_IRQHandler                               build/startup_stm32f446xx.o
CAN1_RX1_IRQHandler                               build/startup_stm32f446xx.o
CAN1_SCE_IRQHandler                               build/startup_stm32f446xx.o
CAN1_TX_IRQHandler                                build/startup_stm32f446xx.o
CAN2_RX0_IRQHandler                               build/startup_stm32f446xx.o
CAN2_RX1_IRQHandler                               build/startup_stm32f446xx.o
CAN2_SCE_IRQHandler                               build/startup_stm32f446xx.o
CAN2_TX_IRQHandler                                build/startup_stm32f446xx.o
CEC_IRQHandler                                    build/startup_stm32f446xx.o
DCMI_IRQHandler                                   build/startup_stm32f446xx.o
DMA1_Stream0_IRQHandler                           build/startup_stm32f446xx.o
DMA1_Stream1_IRQHandler                           build/startup_stm32f446xx.o
DMA1_Stream2_IRQHandler                           build/startup_stm32f446xx.o
DMA1_Stream3_IRQHandler                           build/startup_stm32f446xx.o
DMA1_Stream4_IRQHandler                           build/startup_stm32f446xx.o
DMA1_Stream5_IRQHandler                           build/startup_stm32f446xx.o
DMA1_Stream6_IRQHandler                           build/startup_stm32f446xx.o
DMA1_Stream7_IRQHandler                           build/startup_stm32f446xx.o
DMA2_Stream0_IRQHandler                           build/startup_stm32f446xx.o
DMA2_Stream1_IRQHandler                           build/startup_stm32f446xx.o
DMA2_Stream2_IRQHandler                           build/startup_stm32f446xx.o
DMA2_Stream3_IRQHandler                           build/startup_stm32f446xx.o
DMA2_Stream4_IRQHandler                           build/startup_stm32f446xx.o
DMA2_Stream5_IRQHandler                           build/startup_stm32f446xx.o
DMA2_Stream6_IRQHandler                           build/startup_stm32f446xx.o
DMA2_Stream7_IRQHandler                           build/startup_stm32f446xx.o
DebugMon_Handler                                  build/stm32f4xx_it.o
Default_Handler                                   build/startup_stm32f446xx.o
EXTI0_IRQHandler                                  build/startup_stm32f446xx.o
EXTI15_10_IRQHandler                              build/startup_stm32f446xx.o
EXTI1_IRQHandler                                  build/startup_stm32f446xx.o
EXTI2_IRQHandler                                  build/startup_stm32f446xx.o
EXTI3_IRQHandler                                  build/startup_stm32f446xx.o
EXTI4_IRQHandler                                  build/startup_stm32f446xx.o
EXTI9_5_IRQHandler                                build/startup_stm32f446xx.o
Error_Handler                                     build/main.o
FLASH_Erase_Sector                                build/stm32f4xx_hal_flash_ex.o
                                                  build/stm32f4xx_hal_flash.o
FLASH_FlushCaches                                 build/stm32f4xx_hal_flash_ex.o
                                                  build/stm32f4xx_hal_flash.o
FLASH_IRQHandler                                  build/startup_stm32f446xx.o
FLASH_WaitForLastOperation                        build/stm32f4xx_hal_flash.o
                                                  build/stm32f4xx_hal_flash_ex.o
FMC_IRQHandler                                    build/startup_stm32f446xx.o
FMPI2C1_ER_IRQHandler                             build/startup_stm32f446xx.o
FMPI2C1_EV_IRQHandler                             build/startup_stm32f446xx.o
FPU_IRQHandler                                    build/startup_stm32f446xx.o
HAL_DBGMCU_DisableDBGSleepMode                    build/stm32f4xx_hal.o
HAL_DBGMCU_DisableDBGStandbyMode                  build/stm32f4xx_hal.o
HAL_DBGMCU_DisableDBGStopMode                     build/stm32f4xx_hal.o
HAL_DBGMCU_EnableDBGSleepMode                     build/stm32f4xx_hal.o
HAL_DBGMCU_EnableDBGStandbyMode                   build/stm32f4xx_hal.o
HAL_DBGMCU_EnableDBGStopMode                      build/stm32f4xx_hal.o
HAL_DMAEx_ChangeMemory                            build/stm32f4xx_hal_dma_ex.o
HAL_DMAEx_MultiBufferStart                        build/stm32f4xx_hal_dma_ex.o
HAL_DMAEx_MultiBufferStart_IT                     build/stm32f4xx_hal_dma_ex.o
HAL_DMA_Abort                                     build/stm32f4xx_hal_dma.o
                                                  build/stm32f4xx_hal_uart.o
HAL_DMA_Abort_IT                                  build/stm32f4xx_hal_dma.o
                                                  build/stm32f4xx_hal_uart.o
                                                  build/stm32f4xx_hal_i2c.o
HAL_DMA_DeInit                                    build/stm32f4xx_hal_dma.o
HAL_DMA_GetError                                  build/stm32f4xx_hal_dma.o
                                                  build/stm32f4xx_hal_uart.o
                                                  build/stm32f4xx_hal_i2c.o
HAL_DMA_GetState                                  build/stm32f4xx_hal_dma.o
                                                  build/stm32f4xx_hal_i2c.o
HAL_DMA_IRQHandler                                build/stm32f4xx_hal_dma.o
HAL_DMA_Init                                      build/stm32f4xx_hal_dma.o
HAL_DMA_PollForTransfer                           build/stm32f4xx_hal_dma.o
HAL_DMA_RegisterCallback                          build/stm32f4xx_hal_dma.o
HAL_DMA_Start                                     build/stm32f4xx_hal_dma.o
HAL_DMA_Start_IT                                  build/stm32f4xx_hal_dma.o
                                                  build/stm32f4xx_hal_uart.o
                                                  build/stm32f4xx_hal_i2c.o
HAL_DMA_UnRegisterCallback                        build/stm32f4xx_hal_dma.o
HAL_DeInit                                        build/stm32f4xx_hal.o
HAL_Delay                                         build/stm32f4xx_hal.o
HAL_DisableCompensationCell                       build/stm32f4xx_hal.o
HAL_EXTI_ClearConfigLine                          build/stm32f4xx_hal_exti.o
HAL_EXTI_ClearPending                             build/stm32f4xx_hal_exti.o
HAL_EXTI_GenerateSWI                              build/stm32f4xx_hal_exti.o
HAL_EXTI_GetConfigLine                            build/stm32f4xx_hal_exti.o
HAL_EXTI_GetHandle                                build/stm32f4xx_hal_exti.o
HAL_EXTI_GetPending                               build/stm32f4xx_hal_exti.o
HAL_EXTI_IRQHandler                               build/stm32f4xx_hal_exti.o
HAL_EXTI_RegisterCallback                         build/stm32f4xx_hal_exti.o
HAL_EXTI_SetConfigLine                            build/stm32f4xx_hal_exti.o
HAL_EnableCompensationCell                        build/stm32f4xx_hal.o
HAL_FLASHEx_AdvOBGetConfig                        build/stm32f4xx_hal_flash_ex.o
HAL_FLASHEx_AdvOBProgram                          build/stm32f4xx_hal_flash_ex.o
HAL_FLASHEx_DisableFlashSleepMode                 build/stm32f4xx_hal_flash_ramfunc.o
HAL_FLASHEx_EnableFlashSleepMode                  build/stm32f4xx_hal_flash_ramfunc.o
HAL_FLASHEx_Erase                                 build/stm32f4xx_hal_flash_ex.o
HAL_FLASHEx_Erase_IT                              build/stm32f4xx_hal_flash_ex.o
HAL_FLASHEx_OBGetConfig                           build/stm32f4xx_hal_flash_ex.o
HAL_FLASHEx_OBProgram                             build/stm32f4xx_hal_flash_ex.o
HAL_FLASHEx_OB_DeSelectPCROP                      build/stm32f4xx_hal_flash_ex.o
HAL_FLASHEx_OB_SelectPCROP                        build/stm32f4xx_hal_flash_ex.o
HAL_FLASHEx_StartFlashInterfaceClk                build/stm32f4xx_hal_flash_ramfunc.o
HAL_FLASHEx_StopFlashInterfaceClk                 build/stm32f4xx_hal_flash_ramfunc.o
HAL_FLASH_EndOfOperationCallback                  build/stm32f4xx_hal_flash.o
HAL_FLASH_GetError                                build/stm32f4xx_hal_flash.o
HAL_FLASH_IRQHandler                              build/stm32f4xx_hal_flash.o
HAL_FLASH_Lock                                    build/stm32f4xx_hal_flash.o
HAL_FLASH_OB_Launch                               build/stm32f4xx_hal_flash.o
HAL_FLASH_OB_Lock                                 build/stm32f4xx_hal_flash.o
HAL_FLASH_OB_Unlock                               build/stm32f4xx_hal_flash.o
HAL_FLASH_OperationErrorCallback                  build/stm32f4xx_hal_flash.o
HAL_FLASH_Program                                 build/stm32f4xx_hal_flash.o
HAL_FLASH_Program_IT                              build/stm32f4xx_hal_flash.o
HAL_FLASH_Unlock                                  build/stm32f4xx_hal_flash.o
HAL_GPIO_DeInit                                   build/stm32f4xx_hal_gpio.o
                                                  build/stm32f4xx_hal_msp.o
HAL_GPIO_EXTI_Callback                            build/stm32f4xx_hal_gpio.o
HAL_GPIO_EXTI_IRQHandler                          build/stm32f4xx_hal_gpio.o
HAL_GPIO_Init                                     build/stm32f4xx_hal_gpio.o
                                                  build/stm32f4xx_hal_rcc.o
                                                  build/stm32f4xx_hal_msp.o
                                                  build/main.o
HAL_GPIO_LockPin                                  build/stm32f4xx_hal_gpio.o
HAL_GPIO_ReadPin                                  build/stm32f4xx_hal_gpio.o
HAL_GPIO_TogglePin                                build/stm32f4xx_hal_gpio.o
                                                  build/main.o
HAL_GPIO_WritePin                                 build/stm32f4xx_hal_gpio.o
                                                  build/main.o
HAL_GetDEVID                                      build/stm32f4xx_hal.o
HAL_GetHalVersion                                 build/stm32f4xx_hal.o
HAL_GetREVID                                      build/stm32f4xx_hal.o
HAL_GetTick                                       build/stm32f4xx_hal.o
                                                  build/stm32f4xx_hal_uart.o
                                                  build/stm32f4xx_hal_i2c.o
                                                  build/stm32f4xx_hal_pwr_ex.o
                                                  build/stm32f4xx_hal_dma.o
                                                  build/stm32f4xx_hal_flash.o
                                                  build/stm32f4xx_hal_rcc_ex.o
                                                  build/stm32f4xx_hal_rcc.o
HAL_GetTickFreq                                   build/stm32f4xx_hal.o
HAL_GetTickPrio                                   build/stm32f4xx_hal.o
HAL_GetUIDw0                                      build/stm32f4xx_hal.o
HAL_GetUIDw1                                      build/stm32f4xx_hal.o
HAL_GetUIDw2                                      build/stm32f4xx_hal.o
HAL_HalfDuplex_EnableReceiver                     build/stm32f4xx_hal_uart.o
HAL_HalfDuplex_EnableTransmitter                  build/stm32f4xx_hal_uart.o
HAL_HalfDuplex_Init                               build/stm32f4xx_hal_uart.o
HAL_I2CEx_ConfigAnalogFilter                      build/stm32f4xx_hal_i2c_ex.o
HAL_I2CEx_ConfigDigitalFilter                     build/stm32f4xx_hal_i2c_ex.o
HAL_I2C_AbortCpltCallback                         build/stm32f4xx_hal_i2c.o
HAL_I2C_AddrCallback                              build/stm32f4xx_hal_i2c.o
HAL_I2C_DeInit                                    build/stm32f4xx_hal_i2c.o
HAL_I2C_DisableListen_IT                          build/stm32f4xx_hal_i2c.o
HAL_I2C_ER_IRQHandler                             build/stm32f4xx_hal_i2c.o
HAL_I2C_EV_IRQHandler                             build/stm32f4xx_hal_i2c.o
HAL_I2C_EnableListen_IT                           build/stm32f4xx_hal_i2c.o
HAL_I2C_ErrorCallback                             build/stm32f4xx_hal_i2c.o
HAL_I2C_GetError                                  build/stm32f4xx_hal_i2c.o
HAL_I2C_GetMode                                   build/stm32f4xx_hal_i2c.o
HAL_I2C_GetState                                  build/stm32f4xx_hal_i2c.o
HAL_I2C_Init                                      build/stm32f4xx_hal_i2c.o
                                                  build/main.o
HAL_I2C_IsDeviceReady                             build/stm32f4xx_hal_i2c.o
HAL_I2C_ListenCpltCallback                        build/stm32f4xx_hal_i2c.o
HAL_I2C_MasterRxCpltCallback                      build/stm32f4xx_hal_i2c.o
HAL_I2C_MasterTxCpltCallback                      build/stm32f4xx_hal_i2c.o
HAL_I2C_Master_Abort_IT                           build/stm32f4xx_hal_i2c.o
HAL_I2C_Master_Receive                            build/stm32f4xx_hal_i2c.o
HAL_I2C_Master_Receive_DMA                        build/stm32f4xx_hal_i2c.o
HAL_I2C_Master_Receive_IT                         build/stm32f4xx_hal_i2c.o
HAL_I2C_Master_Seq_Receive_DMA                    build/stm32f4xx_hal_i2c.o
HAL_I2C_Master_Seq_Receive_IT                     build/stm32f4xx_hal_i2c.o
HAL_I2C_Master_Seq_Transmit_DMA                   build/stm32f4xx_hal_i2c.o
HAL_I2C_Master_Seq_Transmit_IT                    build/stm32f4xx_hal_i2c.o
HAL_I2C_Master_Transmit                           build/stm32f4xx_hal_i2c.o
HAL_I2C_Master_Transmit_DMA                       build/stm32f4xx_hal_i2c.o
HAL_I2C_Master_Transmit_IT                        build/stm32f4xx_hal_i2c.o
HAL_I2C_MemRxCpltCallback                         build/stm32f4xx_hal_i2c.o
HAL_I2C_MemTxCpltCallback                         build/stm32f4xx_hal_i2c.o
HAL_I2C_Mem_Read                                  build/stm32f4xx_hal_i2c.o
HAL_I2C_Mem_Read_DMA                              build/stm32f4xx_hal_i2c.o
HAL_I2C_Mem_Read_IT                               build/stm32f4xx_hal_i2c.o
HAL_I2C_Mem_Write                                 build/stm32f4xx_hal_i2c.o
HAL_I2C_Mem_Write_DMA                             build/stm32f4xx_hal_i2c.o
HAL_I2C_Mem_Write_IT                              build/stm32f4xx_hal_i2c.o
HAL_I2C_MspDeInit                                 build/stm32f4xx_hal_msp.o
HAL_I2C_MspInit                                   build/stm32f4xx_hal_msp.o
HAL_I2C_SlaveRxCpltCallback                       build/stm32f4xx_hal_i2c.o
HAL_I2C_SlaveTxCpltCallback                       build/stm32f4xx_hal_i2c.o
HAL_I2C_Slave_Receive                             build/stm32f4xx_hal_i2c.o
HAL_I2C_Slave_Receive_DMA                         build/stm32f4xx_hal_i2c.o
HAL_I2C_Slave_Receive_IT                          build/stm32f4xx_hal_i2c.o
HAL_I2C_Slave_Seq_Receive_DMA                     build/stm32f4xx_hal_i2c.o
HAL_I2C_Slave_Seq_Receive_IT                      build/stm32f4xx_hal_i2c.o
HAL_I2C_Slave_Seq_Transmit_DMA                    build/stm32f4xx_hal_i2c.o
HAL_I2C_Slave_Seq_Transmit_IT                     build/stm32f4xx_hal_i2c.o
HAL_I2C_Slave_Transmit                            build/stm32f4xx_hal_i2c.o
HAL_I2C_Slave_Transmit_DMA                        build/stm32f4xx_hal_i2c.o
HAL_I2C_Slave_Transmit_IT                         build/stm32f4xx_hal_i2c.o
HAL_IncTick                                       build/stm32f4xx_hal.o
                                                  build/stm32f4xx_it.o
HAL_Init                                          build/stm32f4xx_hal.o
                                                  build/main.o
HAL_InitTick                                      build/stm32f4xx_hal.o
                                                  build/stm32f4xx_hal_rcc_ex.o
                                                  build/stm32f4xx_hal_rcc.o
HAL_LIN_Init                                      build/stm32f4xx_hal_uart.o
HAL_LIN_SendBreak                                 build/stm32f4xx_hal_uart.o
HAL_MPU_ConfigRegion                              build/stm32f4xx_hal_cortex.o
HAL_MPU_Disable                                   build/stm32f4xx_hal_cortex.o
HAL_MPU_Enable                                    build/stm32f4xx_hal_cortex.o
HAL_MspDeInit                                     build/stm32f4xx_hal.o
HAL_MspInit                                       build/stm32f4xx_hal_msp.o
HAL_MultiProcessor_EnterMuteMode                  build/stm32f4xx_hal_uart.o
HAL_MultiProcessor_ExitMuteMode                   build/stm32f4xx_hal_uart.o
HAL_MultiProcessor_Init                           build/stm32f4xx_hal_uart.o
HAL_NVIC_ClearPendingIRQ                          build/stm32f4xx_hal_cortex.o
HAL_NVIC_DisableIRQ                               build/stm32f4xx_hal_cortex.o
HAL_NVIC_EnableIRQ                                build/stm32f4xx_hal_cortex.o
HAL_NVIC_GetActive                                build/stm32f4xx_hal_cortex.o
HAL_NVIC_GetPendingIRQ                            build/stm32f4xx_hal_cortex.o
HAL_NVIC_GetPriority                              build/stm32f4xx_hal_cortex.o
HAL_NVIC_GetPriorityGrouping                      build/stm32f4xx_hal_cortex.o
HAL_NVIC_SetPendingIRQ                            build/stm32f4xx_hal_cortex.o
HAL_NVIC_SetPriority                              build/stm32f4xx_hal_cortex.o
                                                  build/stm32f4xx_hal.o
                                                  build/stm32f4xx_hal_msp.o
HAL_NVIC_SetPriorityGrouping                      build/stm32f4xx_hal_cortex.o
                                                  build/stm32f4xx_hal.o
HAL_NVIC_SystemReset                              build/stm32f4xx_hal_cortex.o
HAL_PWREx_ControlVoltageScaling                   build/stm32f4xx_hal_pwr_ex.o
HAL_PWREx_DisableBkUpReg                          build/stm32f4xx_hal_pwr_ex.o
HAL_PWREx_DisableFlashPowerDown                   build/stm32f4xx_hal_pwr_ex.o
HAL_PWREx_DisableOverDrive                        build/stm32f4xx_hal_pwr_ex.o
HAL_PWREx_EnableBkUpReg                           build/stm32f4xx_hal_pwr_ex.o
HAL_PWREx_EnableFlashPowerDown                    build/stm32f4xx_hal_pwr_ex.o
HAL_PWREx_EnableOverDrive                         build/stm32f4xx_hal_pwr_ex.o
HAL_PWREx_EnterUnderDriveSTOPMode                 build/stm32f4xx_hal_pwr_ex.o
HAL_PWREx_GetVoltageRange                         build/stm32f4xx_hal_pwr_ex.o
HAL_PWR_ConfigPVD                                 build/stm32f4xx_hal_pwr.o
HAL_PWR_DeInit                                    build/stm32f4xx_hal_pwr.o
HAL_PWR_DisableBkUpAccess                         build/stm32f4xx_hal_pwr.o
HAL_PWR_DisablePVD                                build/stm32f4xx_hal_pwr.o
HAL_PWR_DisableSEVOnPend                          build/stm32f4xx_hal_pwr.o
HAL_PWR_DisableSleepOnExit                        build/stm32f4xx_hal_pwr.o
HAL_PWR_DisableWakeUpPin                          build/stm32f4xx_hal_pwr.o
HAL_PWR_EnableBkUpAccess                          build/stm32f4xx_hal_pwr.o
HAL_PWR_EnablePVD                                 build/stm32f4xx_hal_pwr.o
HAL_PWR_EnableSEVOnPend                           build/stm32f4xx_hal_pwr.o
HAL_PWR_EnableSleepOnExit                         build/stm32f4xx_hal_pwr.o
HAL_PWR_EnableWakeUpPin                           build/stm32f4xx_hal_pwr.o
HAL_PWR_EnterSLEEPMode                            build/stm32f4xx_hal_pwr.o
HAL_PWR_EnterSTANDBYMode                          build/stm32f4xx_hal_pwr.o
HAL_PWR_EnterSTOPMode                             build/stm32f4xx_hal_pwr.o
HAL_PWR_PVDCallback                               build/stm32f4xx_hal_pwr.o
HAL_PWR_PVD_IRQHandler                            build/stm32f4xx_hal_pwr.o
HAL_RCCEx_DisablePLLI2S                           build/stm32f4xx_hal_rcc_ex.o
HAL_RCCEx_DisablePLLSAI                           build/stm32f4xx_hal_rcc_ex.o
HAL_RCCEx_EnablePLLI2S                            build/stm32f4xx_hal_rcc_ex.o
HAL_RCCEx_EnablePLLSAI                            build/stm32f4xx_hal_rcc_ex.o
HAL_RCCEx_GetPeriphCLKConfig                      build/stm32f4xx_hal_rcc_ex.o
HAL_RCCEx_GetPeriphCLKFreq                        build/stm32f4xx_hal_rcc_ex.o
HAL_RCCEx_PeriphCLKConfig                         build/stm32f4xx_hal_rcc_ex.o
HAL_RCCEx_SelectLSEMode                           build/stm32f4xx_hal_rcc_ex.o
HAL_RCC_CSSCallback                               build/stm32f4xx_hal_rcc.o
HAL_RCC_ClockConfig                               build/stm32f4xx_hal_rcc.o
                                                  build/main.o
HAL_RCC_DeInit                                    build/stm32f4xx_hal_rcc_ex.o
                                                  build/stm32f4xx_hal_rcc.o
HAL_RCC_DisableCSS                                build/stm32f4xx_hal_rcc.o
HAL_RCC_EnableCSS                                 build/stm32f4xx_hal_rcc.o
HAL_RCC_GetClockConfig                            build/stm32f4xx_hal_rcc.o
HAL_RCC_GetHCLKFreq                               build/stm32f4xx_hal_rcc.o
HAL_RCC_GetOscConfig                              build/stm32f4xx_hal_rcc_ex.o
                                                  build/stm32f4xx_hal_rcc.o
HAL_RCC_GetPCLK1Freq                              build/stm32f4xx_hal_rcc.o
                                                  build/stm32f4xx_hal_uart.o
                                                  build/stm32f4xx_hal_i2c.o
HAL_RCC_GetPCLK2Freq                              build/stm32f4xx_hal_rcc.o
                                                  build/stm32f4xx_hal_uart.o
HAL_RCC_GetSysClockFreq                           build/stm32f4xx_hal_rcc_ex.o
                                                  build/stm32f4xx_hal_rcc.o
HAL_RCC_MCOConfig                                 build/stm32f4xx_hal_rcc.o
HAL_RCC_NMI_IRQHandler                            build/stm32f4xx_hal_rcc.o
HAL_RCC_OscConfig                                 build/stm32f4xx_hal_rcc_ex.o
                                                  build/stm32f4xx_hal_rcc.o
                                                  build/main.o
HAL_ResumeTick                                    build/stm32f4xx_hal.o
HAL_SYSTICK_CLKSourceConfig                       build/stm32f4xx_hal_cortex.o
HAL_SYSTICK_Callback                              build/stm32f4xx_hal_cortex.o
HAL_SYSTICK_Config                                build/stm32f4xx_hal_cortex.o
                                                  build/stm32f4xx_hal.o
HAL_SYSTICK_IRQHandler                            build/stm32f4xx_hal_cortex.o
HAL_SetTickFreq                                   build/stm32f4xx_hal.o
HAL_SuspendTick                                   build/stm32f4xx_hal.o
HAL_UARTEx_ReceiveToIdle                          build/stm32f4xx_hal_uart.o
HAL_UARTEx_ReceiveToIdle_DMA                      build/stm32f4xx_hal_uart.o
HAL_UARTEx_ReceiveToIdle_IT                       build/stm32f4xx_hal_uart.o
HAL_UARTEx_RxEventCallback                        build/stm32f4xx_hal_uart.o
HAL_UART_Abort                                    build/stm32f4xx_hal_uart.o
HAL_UART_AbortCpltCallback                        build/stm32f4xx_hal_uart.o
HAL_UART_AbortReceive                             build/stm32f4xx_hal_uart.o
HAL_UART_AbortReceiveCpltCallback                 build/stm32f4xx_hal_uart.o
HAL_UART_AbortReceive_IT                          build/stm32f4xx_hal_uart.o
HAL_UART_AbortTransmit                            build/stm32f4xx_hal_uart.o
HAL_UART_AbortTransmitCpltCallback                build/stm32f4xx_hal_uart.o
HAL_UART_AbortTransmit_IT                         build/stm32f4xx_hal_uart.o
HAL_UART_Abort_IT                                 build/stm32f4xx_hal_uart.o
HAL_UART_DMAPause                                 build/stm32f4xx_hal_uart.o
HAL_UART_DMAResume                                build/stm32f4xx_hal_uart.o
HAL_UART_DMAStop                                  build/stm32f4xx_hal_uart.o
HAL_UART_DeInit                                   build/stm32f4xx_hal_uart.o
HAL_UART_ErrorCallback                            build/stm32f4xx_hal_uart.o
HAL_UART_GetError                                 build/stm32f4xx_hal_uart.o
HAL_UART_GetState                                 build/stm32f4xx_hal_uart.o
HAL_UART_IRQHandler                               build/stm32f4xx_hal_uart.o
HAL_UART_Init                                     build/stm32f4xx_hal_uart.o
                                                  build/main.o
HAL_UART_MspDeInit                                build/stm32f4xx_hal_msp.o
HAL_UART_MspInit                                  build/stm32f4xx_hal_msp.o
HAL_UART_Receive                                  build/stm32f4xx_hal_uart.o
                                                  build/main.o
HAL_UART_Receive_DMA                              build/stm32f4xx_hal_uart.o
HAL_UART_Receive_IT                               build/stm32f4xx_hal_uart.o
HAL_UART_RxCpltCallback                           build/stm32f4xx_hal_uart.o
HAL_UART_RxHalfCpltCallback                       build/stm32f4xx_hal_uart.o
HAL_UART_Transmit                                 build/stm32f4xx_hal_uart.o
                                                  build/main.o
HAL_UART_Transmit_DMA                             build/stm32f4xx_hal_uart.o
HAL_UART_Transmit_IT                              build/stm32f4xx_hal_uart.o
HAL_UART_TxCpltCallback                           build/stm32f4xx_hal_uart.o
HAL_UART_TxHalfCpltCallback                       build/stm32f4xx_hal_uart.o
HardFault_Handler                                 build/stm32f4xx_it.o
I2C1_ER_IRQHandler                                build/startup_stm32f446xx.o
I2C1_EV_IRQHandler                                build/startup_stm32f446xx.o
I2C2_ER_IRQHandler                                build/startup_stm32f446xx.o
I2C2_EV_IRQHandler                                build/startup_stm32f446xx.o
I2C3_ER_IRQHandler                                build/startup_stm32f446xx.o
I2C3_EV_IRQHandler                                build/startup_stm32f446xx.o
MemManage_Handler                                 build/stm32f4xx_it.o
NMI_Handler                                       build/stm32f4xx_it.o
OTG_FS_IRQHandler                                 build/startup_stm32f446xx.o
OTG_FS_WKUP_IRQHandler                            build/startup_stm32f446xx.o
OTG_HS_EP1_IN_IRQHandler                          build/startup_stm32f446xx.o
OTG_HS_EP1_OUT_IRQHandler                         build/startup_stm32f446xx.o
OTG_HS_IRQHandler                                 build/startup_stm32f446xx.o
OTG_HS_WKUP_IRQHandler                            build/startup_stm32f446xx.o
PVD_IRQHandler                                    build/startup_stm32f446xx.o
PendSV_Handler                                    build/port.o
QUADSPI_IRQHandler                                build/startup_stm32f446xx.o
RCC_IRQHandler                                    build/startup_stm32f446xx.o
RTC_Alarm_IRQHandler                              build/startup_stm32f446xx.o
RTC_WKUP_IRQHandler                               build/startup_stm32f446xx.o
Reset_Handler                                     build/startup_stm32f446xx.o
SAI1_IRQHandler                                   build/startup_stm32f446xx.o
SAI2_IRQHandler                                   build/startup_stm32f446xx.o
SDIO_IRQHandler                                   build/startup_stm32f446xx.o
SPDIF_RX_IRQHandler                               build/startup_stm32f446xx.o
SPI1_IRQHandler                                   build/startup_stm32f446xx.o
SPI2_IRQHandler                                   build/startup_stm32f446xx.o
SPI3_IRQHandler                                   build/startup_stm32f446xx.o
SPI4_IRQHandler                                   build/startup_stm32f446xx.o
SVC_Handler                                       build/port.o
StartDefaultTask                                  build/main.o
StartHuart1RxTask                                 build/main.o
StartHuart2RxTask                                 build/main.o
SysTick_Handler                                   build/stm32f4xx_it.o
SystemClock_Config                                build/main.o
SystemCoreClock                                   build/system_stm32f4xx.o
                                                  build/port.o
                                                  build/stm32f4xx_hal_i2c.o
                                                  build/stm32f4xx_hal.o
                                                  build/stm32f4xx_hal_dma.o
                                                  build/stm32f4xx_hal_rcc_ex.o
                                                  build/stm32f4xx_hal_rcc.o
SystemCoreClockUpdate                             build/system_stm32f4xx.o
SystemInit                                        build/system_stm32f4xx.o
                                                  build/startup_stm32f446xx.o
TAMP_STAMP_IRQHandler                             build/startup_stm32f446xx.o
TIM1_BRK_TIM9_IRQHandler                          build/startup_stm32f446xx.o
TIM1_CC_IRQHandler                                build/startup_stm32f446xx.o
TIM1_TRG_COM_TIM11_IRQHandler                     build/startup_stm32f446xx.o
TIM1_UP_TIM10_IRQHandler                          build/startup_stm32f446xx.o
TIM2_IRQHandler                                   build/startup_stm32f446xx.o
TIM3_IRQHandler                                   build/startup_stm32f446xx.o
TIM4_IRQHandler                                   build/startup_stm32f446xx.o
TIM5_IRQHandler                                   build/startup_stm32f446xx.o
TIM6_DAC_IRQHandler                               build/startup_stm32f446xx.o
TIM7_IRQHandler                                   build/startup_stm32f446xx.o
TIM8_BRK_TIM12_IRQHandler                         build/startup_stm32f446xx.o
TIM8_CC_IRQHandler                                build/startup_stm32f446xx.o
TIM8_TRG_COM_TIM14_IRQHandler                     build/startup_stm32f446xx.o
TIM8_UP_TIM13_IRQHandler                          build/startup_stm32f446xx.o
UART4_IRQHandler                                  build/startup_stm32f446xx.o
UART5_IRQHandler                                  build/startup_stm32f446xx.o
UART_Start_Receive_DMA                            build/stm32f4xx_hal_uart.o
UART_Start_Receive_IT                             build/stm32f4xx_hal_uart.o
USART1_IRQHandler                                 build/startup_stm32f446xx.o
USART2_IRQHandler                                 build/startup_stm32f446xx.o
USART3_IRQHandler                                 build/startup_stm32f446xx.o
USART6_IRQHandler                                 build/startup_stm32f446xx.o
UsageFault_Handler                                build/stm32f4xx_it.o
WWDG_IRQHandler                                   build/startup_stm32f446xx.o
_ITM_deregisterTMCloneTable                       /usr/lib/gcc/arm-none-eabi/6.3.1/thumb/v7e-m/fpv4-sp/hard/crtbegin.o
_ITM_registerTMCloneTable                         /usr/lib/gcc/arm-none-eabi/6.3.1/thumb/v7e-m/fpv4-sp/hard/crtbegin.o
_Jv_RegisterClasses                               /usr/lib/gcc/arm-none-eabi/6.3.1/thumb/v7e-m/fpv4-sp/hard/crtbegin.o
__TMC_END__                                       /usr/lib/gcc/arm-none-eabi/6.3.1/thumb/v7e-m/fpv4-sp/hard/crtend.o
                                                  /usr/lib/gcc/arm-none-eabi/6.3.1/thumb/v7e-m/fpv4-sp/hard/crtbegin.o
__aeabi_idiv0                                     /usr/lib/gcc/arm-none-eabi/6.3.1/thumb/v7e-m/fpv4-sp/hard/libgcc.a(_dvmd_tls.o)
__aeabi_ldiv0                                     /usr/lib/gcc/arm-none-eabi/6.3.1/thumb/v7e-m/fpv4-sp/hard/libgcc.a(_dvmd_tls.o)
                                                  /usr/lib/gcc/arm-none-eabi/6.3.1/thumb/v7e-m/fpv4-sp/hard/libgcc.a(_aeabi_uldivmod.o)
__aeabi_uldivmod                                  /usr/lib/gcc/arm-none-eabi/6.3.1/thumb/v7e-m/fpv4-sp/hard/libgcc.a(_aeabi_uldivmod.o)
                                                  build/stm32f4xx_hal_uart.o
                                                  build/stm32f4xx_hal_rcc_ex.o
                                                  build/stm32f4xx_hal_rcc.o
__atexit_dummy                                    /usr/lib/gcc/arm-none-eabi/6.3.1/../../../arm-none-eabi/lib/thumb/v7e-m/fpv4-sp/hard/libc_nano.a(lib_a-__atexit.o)
__bss_end__                                       /usr/lib/gcc/arm-none-eabi/6.3.1/../../../arm-none-eabi/lib/thumb/v7e-m/fpv4-sp/hard/crt0.o
__bss_start__                                     /usr/lib/gcc/arm-none-eabi/6.3.1/../../../arm-none-eabi/lib/thumb/v7e-m/fpv4-sp/hard/crt0.o
__call_exitprocs                                  /usr/lib/gcc/arm-none-eabi/6.3.1/../../../arm-none-eabi/lib/thumb/v7e-m/fpv4-sp/hard/libc_nano.a(lib_a-__call_atexit.o)
                                                  /usr/lib/gcc/arm-none-eabi/6.3.1/../../../arm-none-eabi/lib/thumb/v7e-m/fpv4-sp/hard/libc_nano.a(lib_a-__atexit.o)
                                                  /usr/lib/gcc/arm-none-eabi/6.3.1/../../../arm-none-eabi/lib/thumb/v7e-m/fpv4-sp/hard/libc_nano.a(lib_a-exit.o)
__deregister_frame_info                           /usr/lib/gcc/arm-none-eabi/6.3.1/thumb/v7e-m/fpv4-sp/hard/crtbegin.o
__dso_handle                                      /usr/lib/gcc/arm-none-eabi/6.3.1/thumb/v7e-m/fpv4-sp/hard/crtbegin.o
__fini_array_end                                  /usr/lib/gcc/arm-none-eabi/6.3.1/../../../arm-none-eabi/lib/thumb/v7e-m/fpv4-sp/hard/libc_nano.a(lib_a-fini.o)
__fini_array_start                                /usr/lib/gcc/arm-none-eabi/6.3.1/../../../arm-none-eabi/lib/thumb/v7e-m/fpv4-sp/hard/libc_nano.a(lib_a-fini.o)
__init_array_end                                  /usr/lib/gcc/arm-none-eabi/6.3.1/../../../arm-none-eabi/lib/thumb/v7e-m/fpv4-sp/hard/libc_nano.a(lib_a-init.o)
__init_array_start                                /usr/lib/gcc/arm-none-eabi/6.3.1/../../../arm-none-eabi/lib/thumb/v7e-m/fpv4-sp/hard/libc_nano.a(lib_a-init.o)
__libc_fini_array                                 /usr/lib/gcc/arm-none-eabi/6.3.1/../../../arm-none-eabi/lib/thumb/v7e-m/fpv4-sp/hard/libc_nano.a(lib_a-fini.o)
                                                  /usr/lib/gcc/arm-none-eabi/6.3.1/../../../arm-none-eabi/lib/thumb/v7e-m/fpv4-sp/hard/crt0.o
__libc_init_array                                 /usr/lib/gcc/arm-none-eabi/6.3.1/../../../arm-none-eabi/lib/thumb/v7e-m/fpv4-sp/hard/libc_nano.a(lib_a-init.o)
                                                  build/startup_stm32f446xx.o
                                                  /usr/lib/gcc/arm-none-eabi/6.3.1/../../../arm-none-eabi/lib/thumb/v7e-m/fpv4-sp/hard/crt0.o
__on_exit_args                                    /usr/lib/gcc/arm-none-eabi/6.3.1/../../../arm-none-eabi/lib/thumb/v7e-m/fpv4-sp/hard/libc_nano.a(lib_a-__atexit.o)
__preinit_array_end                               /usr/lib/gcc/arm-none-eabi/6.3.1/../../../arm-none-eabi/lib/thumb/v7e-m/fpv4-sp/hard/libc_nano.a(lib_a-init.o)
__preinit_array_start                             /usr/lib/gcc/arm-none-eabi/6.3.1/../../../arm-none-eabi/lib/thumb/v7e-m/fpv4-sp/hard/libc_nano.a(lib_a-init.o)
__register_exitproc                               /usr/lib/gcc/arm-none-eabi/6.3.1/../../../arm-none-eabi/lib/thumb/v7e-m/fpv4-sp/hard/libc_nano.a(lib_a-__atexit.o)
                                                  /usr/lib/gcc/arm-none-eabi/6.3.1/../../../arm-none-eabi/lib/thumb/v7e-m/fpv4-sp/hard/libc_nano.a(lib_a-atexit.o)
__register_frame_info                             /usr/lib/gcc/arm-none-eabi/6.3.1/thumb/v7e-m/fpv4-sp/hard/crtbegin.o
__sf_fake_stderr                                  /usr/lib/gcc/arm-none-eabi/6.3.1/../../../arm-none-eabi/lib/thumb/v7e-m/fpv4-sp/hard/libc_nano.a(lib_a-impure.o)
__sf_fake_stdin                                   /usr/lib/gcc/arm-none-eabi/6.3.1/../../../arm-none-eabi/lib/thumb/v7e-m/fpv4-sp/hard/libc_nano.a(lib_a-impure.o)
__sf_fake_stdout                                  /usr/lib/gcc/arm-none-eabi/6.3.1/../../../arm-none-eabi/lib/thumb/v7e-m/fpv4-sp/hard/libc_nano.a(lib_a-impure.o)
__stack                                           /usr/lib/gcc/arm-none-eabi/6.3.1/../../../arm-none-eabi/lib/thumb/v7e-m/fpv4-sp/hard/crt0.o
__udivmoddi4                                      /usr/lib/gcc/arm-none-eabi/6.3.1/thumb/v7e-m/fpv4-sp/hard/libgcc.a(_udivmoddi4.o)
                                                  /usr/lib/gcc/arm-none-eabi/6.3.1/thumb/v7e-m/fpv4-sp/hard/libgcc.a(_aeabi_uldivmod.o)
_ebss                                             build/startup_stm32f446xx.o
_edata                                            build/startup_stm32f446xx.o
_estack                                           build/startup_stm32f446xx.o
_exit                                             /usr/lib/gcc/arm-none-eabi/6.3.1/../../../arm-none-eabi/lib/thumb/v7e-m/fpv4-sp/hard/libnosys.a(_exit.o)
                                                  /usr/lib/gcc/arm-none-eabi/6.3.1/../../../arm-none-eabi/lib/thumb/v7e-m/fpv4-sp/hard/libc_nano.a(lib_a-exit.o)
_fini                                             /usr/lib/gcc/arm-none-eabi/6.3.1/thumb/v7e-m/fpv4-sp/hard/crti.o
                                                  /usr/lib/gcc/arm-none-eabi/6.3.1/../../../arm-none-eabi/lib/thumb/v7e-m/fpv4-sp/hard/libc_nano.a(lib_a-fini.o)
_global_atexit                                    /usr/lib/gcc/arm-none-eabi/6.3.1/../../../arm-none-eabi/lib/thumb/v7e-m/fpv4-sp/hard/libc_nano.a(lib_a-__call_atexit.o)
                                                  /usr/lib/gcc/arm-none-eabi/6.3.1/../../../arm-none-eabi/lib/thumb/v7e-m/fpv4-sp/hard/libc_nano.a(lib_a-__atexit.o)
_global_impure_ptr                                /usr/lib/gcc/arm-none-eabi/6.3.1/../../../arm-none-eabi/lib/thumb/v7e-m/fpv4-sp/hard/libc_nano.a(lib_a-impure.o)
                                                  /usr/lib/gcc/arm-none-eabi/6.3.1/../../../arm-none-eabi/lib/thumb/v7e-m/fpv4-sp/hard/libc_nano.a(lib_a-exit.o)
_impure_ptr                                       /usr/lib/gcc/arm-none-eabi/6.3.1/../../../arm-none-eabi/lib/thumb/v7e-m/fpv4-sp/hard/libc_nano.a(lib_a-impure.o)
_init                                             /usr/lib/gcc/arm-none-eabi/6.3.1/thumb/v7e-m/fpv4-sp/hard/crti.o
                                                  /usr/lib/gcc/arm-none-eabi/6.3.1/../../../arm-none-eabi/lib/thumb/v7e-m/fpv4-sp/hard/libc_nano.a(lib_a-init.o)
_mainCRTStartup                                   /usr/lib/gcc/arm-none-eabi/6.3.1/../../../arm-none-eabi/lib/thumb/v7e-m/fpv4-sp/hard/crt0.o
_sbss                                             build/startup_stm32f446xx.o
_sdata                                            build/startup_stm32f446xx.o
_sidata                                           build/startup_stm32f446xx.o
_start                                            /usr/lib/gcc/arm-none-eabi/6.3.1/../../../arm-none-eabi/lib/thumb/v7e-m/fpv4-sp/hard/crt0.o
atexit                                            /usr/lib/gcc/arm-none-eabi/6.3.1/../../../arm-none-eabi/lib/thumb/v7e-m/fpv4-sp/hard/libc_nano.a(lib_a-atexit.o)
                                                  /usr/lib/gcc/arm-none-eabi/6.3.1/../../../arm-none-eabi/lib/thumb/v7e-m/fpv4-sp/hard/crt0.o
defaultTaskHandle                                 build/main.o
exit                                              /usr/lib/gcc/arm-none-eabi/6.3.1/../../../arm-none-eabi/lib/thumb/v7e-m/fpv4-sp/hard/libc_nano.a(lib_a-exit.o)
                                                  /usr/lib/gcc/arm-none-eabi/6.3.1/../../../arm-none-eabi/lib/thumb/v7e-m/fpv4-sp/hard/crt0.o
free                                              /usr/lib/gcc/arm-none-eabi/6.3.1/../../../arm-none-eabi/lib/thumb/v7e-m/fpv4-sp/hard/libc_nano.a(lib_a-__call_atexit.o)
g_pfnVectors                                      build/startup_stm32f446xx.o
hardware_init_hook                                /usr/lib/gcc/arm-none-eabi/6.3.1/../../../arm-none-eabi/lib/thumb/v7e-m/fpv4-sp/hard/crt0.o
hi2c1                                             build/main.o
huart1                                            build/main.o
huart1TaskHandle                                  build/main.o
huart2                                            build/main.o
huart2TaskHandle                                  build/main.o
main                                              build/main.o
                                                  build/startup_stm32f446xx.o
                                                  /usr/lib/gcc/arm-none-eabi/6.3.1/../../../arm-none-eabi/lib/thumb/v7e-m/fpv4-sp/hard/crt0.o
malloc                                            /usr/lib/gcc/arm-none-eabi/6.3.1/../../../arm-none-eabi/lib/thumb/v7e-m/fpv4-sp/hard/libc_nano.a(lib_a-__atexit.o)